Archive member included because of file (symbol)

/gnuarm/bin/../lib/gcc/arm-elf/4.1.1/interwork/libgcc.a(_udivsi3.o)
                              ../controller/lwip/src/core/inet.o (__udivsi3)
/gnuarm/bin/../lib/gcc/arm-elf/4.1.1/interwork/libgcc.a(_divsi3.o)
                              ../controller/makingthings/serial.o (__divsi3)
/gnuarm/bin/../lib/gcc/arm-elf/4.1.1/interwork/libgcc.a(_umodsi3.o)
                              ../controller/lwip/src/core/inet.o (__umodsi3)
/gnuarm/bin/../lib/gcc/arm-elf/4.1.1/interwork/libgcc.a(_modsi3.o)
                              ../controller/makingthings/serial.o (__modsi3)
/gnuarm/bin/../lib/gcc/arm-elf/4.1.1/interwork/libgcc.a(_dvmd_tls.o)
                              /gnuarm/bin/../lib/gcc/arm-elf/4.1.1/interwork/libgcc.a(_udivsi3.o) (__div0)
/gnuarm/bin/../lib/gcc/arm-elf/4.1.1/interwork/libgcc.a(_truncdfsf2.o)
                              ../controller/makingthings/osc.o (__truncdfsf2)
/gnuarm/bin/../lib/gcc/arm-elf/4.1.1/interwork/libgcc.a(_addsubsf3.o)
                              ../controller/makingthings/osc.o (__floatsisf)
/gnuarm/bin/../lib/gcc/arm-elf/4.1.1/interwork/libgcc.a(_fixsfsi.o)
                              ../controller/makingthings/osc.o (__fixsfsi)
/gnuarm/bin/../lib/gcc/arm-elf/4.1.1/../../../../arm-elf/lib/interwork/libc.a(ctype_.o)
                              ../controller/makingthings/osc.o (__ctype_ptr)
/gnuarm/bin/../lib/gcc/arm-elf/4.1.1/../../../../arm-elf/lib/interwork/libc.a(memcpy.o)
                              ../controller/freertos/tasks.o (memcpy)
/gnuarm/bin/../lib/gcc/arm-elf/4.1.1/../../../../arm-elf/lib/interwork/libc.a(memset.o)
                              ../controller/freertos/tasks.o (memset)
/gnuarm/bin/../lib/gcc/arm-elf/4.1.1/../../../../arm-elf/lib/interwork/libc.a(snprintf.o)
                              ../controller/makingthings/BasicWEB.o (snprintf)
/gnuarm/bin/../lib/gcc/arm-elf/4.1.1/../../../../arm-elf/lib/interwork/libc.a(sprintf.o)
                              ../controller/freertos/tasks.o (sprintf)
/gnuarm/bin/../lib/gcc/arm-elf/4.1.1/../../../../arm-elf/lib/interwork/libc.a(sscanf.o)
                              ../controller/makingthings/network.o (sscanf)
/gnuarm/bin/../lib/gcc/arm-elf/4.1.1/../../../../arm-elf/lib/interwork/libc.a(strcat.o)
                              ../controller/freertos/tasks.o (strcat)
/gnuarm/bin/../lib/gcc/arm-elf/4.1.1/../../../../arm-elf/lib/interwork/libc.a(strchr.o)
                              ../controller/makingthings/osc.o (strchr)
/gnuarm/bin/../lib/gcc/arm-elf/4.1.1/../../../../arm-elf/lib/interwork/libc.a(strcmp.o)
                              ../controller/makingthings/osc.o (strcmp)
/gnuarm/bin/../lib/gcc/arm-elf/4.1.1/../../../../arm-elf/lib/interwork/libc.a(strcpy.o)
                              ../controller/makingthings/osc.o (strcpy)
/gnuarm/bin/../lib/gcc/arm-elf/4.1.1/../../../../arm-elf/lib/interwork/libc.a(strlen.o)
                              ../controller/freertos/tasks.o (strlen)
/gnuarm/bin/../lib/gcc/arm-elf/4.1.1/../../../../arm-elf/lib/interwork/libc.a(strncmp.o)
                              ../controller/makingthings/BasicWEB.o (strncmp)
/gnuarm/bin/../lib/gcc/arm-elf/4.1.1/../../../../arm-elf/lib/interwork/libc.a(strncpy.o)
                              ../controller/freertos/tasks.o (strncpy)
/gnuarm/bin/../lib/gcc/arm-elf/4.1.1/../../../../arm-elf/lib/interwork/libc.a(vfprintf.o)
                              /gnuarm/bin/../lib/gcc/arm-elf/4.1.1/../../../../arm-elf/lib/interwork/libc.a(snprintf.o) (_vfprintf_r)
/gnuarm/bin/../lib/gcc/arm-elf/4.1.1/../../../../arm-elf/lib/interwork/libc.a(vfscanf.o)
                              /gnuarm/bin/../lib/gcc/arm-elf/4.1.1/../../../../arm-elf/lib/interwork/libc.a(sscanf.o) (__svfscanf_r)
/gnuarm/bin/../lib/gcc/arm-elf/4.1.1/../../../../arm-elf/lib/interwork/libc.a(vsnprintf.o)
                              ../controller/makingthings/debugosc.o (vsnprintf)
/gnuarm/bin/../lib/gcc/arm-elf/4.1.1/../../../../arm-elf/lib/interwork/libc.a(wcrtomb.o)
                              /gnuarm/bin/../lib/gcc/arm-elf/4.1.1/../../../../arm-elf/lib/interwork/libc.a(vfprintf.o) (_wcrtomb_r)
/gnuarm/bin/../lib/gcc/arm-elf/4.1.1/../../../../arm-elf/lib/interwork/libc.a(wcsrtombs.o)
                              /gnuarm/bin/../lib/gcc/arm-elf/4.1.1/../../../../arm-elf/lib/interwork/libc.a(vfprintf.o) (_wcsrtombs_r)
/gnuarm/bin/../lib/gcc/arm-elf/4.1.1/../../../../arm-elf/lib/interwork/libc.a(wctomb_r.o)
                              /gnuarm/bin/../lib/gcc/arm-elf/4.1.1/../../../../arm-elf/lib/interwork/libc.a(wcrtomb.o) (_wctomb_r)
/gnuarm/bin/../lib/gcc/arm-elf/4.1.1/../../../../arm-elf/lib/interwork/libc.a(wsetup.o)
                              /gnuarm/bin/../lib/gcc/arm-elf/4.1.1/../../../../arm-elf/lib/interwork/libc.a(vfprintf.o) (__swsetup)
/gnuarm/bin/../lib/gcc/arm-elf/4.1.1/../../../../arm-elf/lib/interwork/libc.a(dtoa.o)
[...]
Memory Configuration

Name             Origin             Length             Attributes
flash            0x00100000         0x00040000
ram              0x00200000         0x0000fa24
*default*        0x00000000         0xffffffff

Linker script and memory map

LOAD ../controller/freertos/portable/GCC/ARM7_AT91SAM7S/portISR.o
LOAD ../controller/makingthings/SAM7_EMAC_ISR.o
LOAD ../controller/makingthings/USBIsr.o
LOAD ../controller/startup/Cstartup_SAM7.o
LOAD ../controller/makingthings/analogin_isr.o
LOAD ../controller/makingthings/serial_isr.o
LOAD ../controller/makingthings/fasttimer_isr.o
LOAD ../controller/makingthings/timer_isr.o
LOAD ../controller/makingthings/can_isr.o
LOAD ../controller/freertos/tasks.o
LOAD ../controller/freertos/queue.o
LOAD ../controller/freertos/list.o
LOAD ../controller/freertos/portable/GCC/ARM7_AT91SAM7S/port.o
LOAD ../controller/startup/extras.o
LOAD ../controller/freertos/portable/MemMang/heap_2.o
LOAD ../controller/makingthings/main.o
LOAD ../controller/makingthings/BasicWEB.o
LOAD make.o
LOAD ../controller/makingthings/eeprom.o
LOAD ../controller/makingthings/analogin.o
LOAD ../controller/makingthings/serial.o
LOAD ../controller/makingthings/pwm.o
LOAD ../controller/makingthings/spi.o
LOAD ../controller/makingthings/USB-CDC.o
LOAD ../controller/makingthings/rtos.o
LOAD ../controller/makingthings/usb.o
LOAD ../controller/makingthings/network.o
LOAD ../controller/makingthings/system.o
LOAD ../controller/makingthings/io.o
LOAD ../controller/makingthings/led.o
LOAD ../controller/makingthings/timer.o
LOAD ../controller/makingthings/fasttimer.o
LOAD ../controller/makingthings/debugosc.o
LOAD ../controller/makingthings/can.o
LOAD ../controller/lwip/src/core/tcp_out.o
LOAD ../controller/lwip/src/core/inet.o
LOAD ../controller/lwip/src/core/mem.o
LOAD ../controller/lwip/src/core/memp.o
LOAD ../controller/lwip/src/core/netif.o
LOAD ../controller/lwip/src/core/pbuf.o
LOAD ../controller/lwip/src/core/raw.o
LOAD ../controller/lwip/src/core/stats.o
LOAD ../controller/lwip/src/core/sys.o
LOAD ../controller/lwip/src/core/tcp.o
LOAD ../controller/lwip/src/core/tcp_in.o
LOAD ../controller/lwip/src/core/ipv4/ip.o
LOAD ../controller/lwip/src/core/ipv4/ip_addr.o
LOAD ../controller/lwip/src/core/ipv4/icmp.o
LOAD ../controller/lwip/src/api/tcpip.o
LOAD ../controller/lwip/src/api/api_msg.o
LOAD ../controller/lwip/src/api/err.o
LOAD ../controller/lwip/src/api/api_lib.o
LOAD ../controller/lwip/src/netif/etharp.o
LOAD ../controller/lwip/contrib/port/FreeRTOS/AT91SAM7X/sys_arch.o
LOAD ../controller/lwip/src/netif/ethernetif.o
LOAD ../controller/makingthings/SAM7_EMAC.o
LOAD ../controller/lwip/src/core/udp.o
LOAD ../controller/lwip/src/core/ipv4/ip_frag.o
LOAD ../controller/makingthings/osc.o
LOAD ../controller/makingthings/osc_patternmatch.o
LOAD /cygdrive/c/DOCUME~1/Phucker/LOCALS~1/Temp/cclBnpBH.o
START GROUP
LOAD /gnuarm/bin/../lib/gcc/arm-elf/4.1.1/interwork/libgcc.a
LOAD /gnuarm/bin/../lib/gcc/arm-elf/4.1.1/../../../../arm-elf/lib/interwork/libc.a
END GROUP
                0x0020fffc                __stack_end__ = 0x20fffc
                0x00000000                . = 0x0

startup         0x00100000       0x44
 *(.startup)
 .startup       0x00100000       0x44 /cygdrive/c/DOCUME~1/Phucker/LOCALS~1/Temp/cclBnpBH.o

prog            0x00100044    0x2c258
 *(.text)
 .text          0x00100044      0x2b0 ../controller/freertos/portable/GCC/ARM7_AT91SAM7S/portISR.o
                0x00100150                vPreemptiveTick
                0x00100288                vPortExitCritical
                0x00100214                vPortDisableInterruptsFromThumb
                0x001000a4                swi_handler
                0x00100044                vPortISRStartFirstTask
                0x0010022c                vPortEnableInterruptsFromThumb
                0x00100244                vPortEnterCritical
 .text          0x001002f4      0x1a0 ../controller/makingthings/SAM7_EMAC_ISR.o
                0x0010045c                vPassEMACSemaphore
                0x001002f4                vEMACISR
 .text          0x00100494      0x378 ../controller/makingthings/USBIsr.o
                0x00100494                vUSB_ISR
 .text          0x0010080c       0xdc ../controller/startup/Cstartup_SAM7.o
                0x0010080c                AT91F_LowLevelInit
 .text          0x001008e8      0x12c ../controller/makingthings/analogin_isr.o
                0x001008e8                AnalogInIsr
 .text          0x00100a14      0x1d0 ../controller/makingthings/serial_isr.o
                0x00100a14                Serial_Isr
 .text          0x00100be4      0x3ac ../controller/makingthings/fasttimer_isr.o
                0x00100be4                DisableFIQFromThumb
                0x00100c14                EnableFIQFromThumb
                0x00100c44                FastTimer_Isr
 .text          0x00100f90      0x36c ../controller/makingthings/timer_isr.o
                0x00100f90                Timer_Isr
 .text          0x001012fc       0xd8 ../controller/makingthings/can_isr.o
                0x001012fc                CanIsr
 .text          0x001013d4     0x15ac ../controller/freertos/tasks.o
                0x00101860                uxTaskPriorityGet
                0x0010165c                TaskGetTimeouts
                0x001018b4                vTaskPrioritySet
                0x00101cac                vTaskEndScheduler
                0x001022b0                vTaskPlaceOnEventList
                0x00101b54                xTaskResumeFromISR
                0x00101ff8                ulTaskEndTrace
                0x00101e28                xTaskGetTickCount
                0x00102348                xTaskRemoveFromEventList
                0x00101fa0                vTaskStartTrace
                0x001015a8                vTaskDelete
                0x00102470                xTaskCheckForTimeOut
                0x00101ccc                vTaskSuspendAll
                0x00101aa0                vTaskResume
                0x00102138                vTaskSwitchContext
                0x00101a08                vTaskSuspend
                0x00101e54                uxTaskGetNumberOfTasks
                0x00102038                vTaskIncrementTick
                0x00101e80                vTaskList
                0x0010169c                vTaskDelayUntil
                0x00102954                xTaskGetCurrentTaskHandle
                0x001028dc                usTaskCheckFreeStackSpace
                0x00101cf0                xTaskResumeAll
                0x00101c4c                vTaskStartScheduler
                0x0010250c                vTaskMissedYield
                0x001013d4                xTaskCreate
                0x001017b8                vTaskDelay
                0x00102440                vTaskSetTimeOutState
 .text          0x00102980      0x878 ../controller/freertos/queue.o
                0x00102c98                xQueueSendFromISR
                0x00102980                xQueueCreate
                0x00102d94                xQueueReceive
                0x00102abc                xQueueSend
                0x0010309c                vQueueDelete
                0x00102f68                xQueueReceiveFromISR
                0x00103070                uxQueueMessagesWaiting
 .text          0x001031f8      0x20c ../controller/freertos/list.o
                0x00103264                vListInsertEnd
                0x00103398                vListRemove
                0x00103248                vListInitialiseItem
                0x001031f8                vListInitialise
                0x001032e0                vListInsert
 .text          0x00103404      0x2bc ../controller/freertos/portable/GCC/ARM7_AT91SAM7S/port.o
                0x00103630                xPortStartScheduler
                0x00103648                vPortEndScheduler
                0x00103404                pxPortInitialiseStack
 .text          0x001036c0      0x12c ../controller/startup/extras.o
                0x00103724                _lseek_r
                0x001037c8                _fstat_r
                0x00103708                isatty
                0x001036c0                _sbrk_r
                0x0010379c                _read_r
                0x001036dc                _open_r
                0x0010377c                _close_r
                0x00103750                _write_r
 .text          0x001037ec      0x2f0 ../controller/freertos/portable/MemMang/heap_2.o
                0x001039d0                vPortFree
                0x001037ec                pvPortMalloc
                0x00103a78                PortFreeMemory
 .text          0x00103adc      0x164 ../controller/makingthings/main.o
                0x00103adc                MakeStarterTask
                0x00103afc                main
                0x00103c14                vApplicationIdleHook
 .text          0x00103c40      0x2bc ../controller/makingthings/BasicWEB.o
                0x00103e84                vBasicWEBServer
 .text          0x00103efc      0x128 make.o
                0x00103efc                BlinkTask
                0x00103f48                Make
 .text          0x00104024      0x4b8 ../controller/makingthings/eeprom.o
                0x00104080                Eeprom_Write
                0x00104058                Eeprom_GetActive
                0x001041f8                Eeprom_Read
                0x0010436c                Eeprom_GetLastAddress
                0x00104024                Eeprom_SetActive
 .text          0x001044dc      0x8d0 ../controller/makingthings/analogin.o
                0x0010484c                AnalogIn_GetValueWait
                0x00104544                AnalogIn_GetActive
                0x00104590                AnalogIn_GetValue
                0x001046a0                AnalogIn_GetValueMulti
                0x00104c68                AnalogInOsc_ReceiveMessage
                0x00104d4c                AnalogInOsc_PropertyGet
                0x001044dc                AnalogIn_SetActive
                0x00104c50                AnalogInOsc_GetName
                0x00104d0c                AnalogInOsc_PropertySet
 .text          0x00104dac      0xa70 ../controller/makingthings/serial.o
                0x00104ee0                Serial_Read
                0x001056a0                SerialOsc_IntPropertyGet
                0x0010528c                Serial_GetStopBits
                0x001050cc                Serial_SetParity
                0x00104e08                Serial_GetActive
                0x00105748                SerialOsc_BlobPropertyGet
                0x00105220                Serial_GetBaud
                0x001052b0                Serial_GetHardwareHandshake
                0x0010504c                Serial_SetBaud
                0x00104dac                Serial_SetActive
                0x00105080                Serial_SetBits
                0x00105164                Serial_SetHardwareHandshake
                0x00105610                SerialOsc_IntPropertySet
                0x00104f90                Serial_GetReadable
                0x00105118                Serial_SetStopBits
                0x00104fb4                Serial_SetChar
                0x0010550c                SerialOsc_GetName
                0x00105524                SerialOsc_ReceiveMessage
                0x00105198                Serial_GetChar
                0x001057dc                SerialOsc_BlobPropertySet
                0x00104e30                Serial_Write
                0x00105244                Serial_GetBits
                0x00105268                Serial_GetParity
 .text          0x0010581c      0x3cc ../controller/makingthings/pwm.o
                0x00105b74                Pwm_GetChannelIo
                0x00105894                Pwm_Get
                0x001058dc                Pwm_Start
                0x0010581c                Pwm_Set
                0x001059dc                Pwm_Stop
 .text          0x00105be8      0x700 ../controller/makingthings/spi.o
                0x00105ec0                Spi_Lock
                0x00106044                Spi_Stop
                0x00105be8                Spi_Configure
                0x00105eec                Spi_Unlock
                0x00105f0c                Spi_Start
                0x00105d18                Spi_ReadWriteBlock
 .text          0x001062e8      0xdc8 ../controller/makingthings/USB-CDC.o
                0x001064e0                vUSBSendByte
                0x001062e8                vUSBCDCTask
                0x0010650c                cUSBGetByte
 .text          0x001070b0      0x118 ../controller/makingthings/rtos.o
                0x00107180                Malloc
                0x001070b0                Sleep
                0x001070d0                TaskYield
                0x001071a8                Free
                0x00107170                TaskExitCritical
                0x00107160                TaskEnterCritical
                0x00107140                TaskDelete
                0x001070e0                TaskCreate
 .text          0x001071c8      0x3c0 ../controller/makingthings/usb.o
                0x00107268                Usb_Get
                0x001071c8                Usb_SetActive
                0x001074c0                UsbOsc_ReceiveMessage
                0x00107240                Usb_GetActive
                0x001074a8                UsbOsc_GetName
                0x001072b0                Usb_Put
                0x00107528                UsbOsc_PropertySet
                0x00107558                UsbOsc_PropertyGet
                0x00107378                Usb_SlipReceive
                0x001072e8                Usb_SlipSend
 .text          0x00107588     0x1484 ../controller/makingthings/network.o
                0x00107588                Network_SetActive
                0x00107644                Network_SetMask
                0x00107d50                SocketClose
                0x00107e7c                DatagramSocketSend
                0x001080f0                Network_Init
                0x00107dfc                ServerSocketClose
                0x001075c0                Network_GetActive
                0x001077c8                Network_GetValid
                0x001082d8                NetworkOsc_ReceiveMessage
                0x00107d7c                ServerSocket
                0x00108374                NetworkOsc_Poll
                0x00108388                NetworkOsc_PropertySet
                0x00107dc8                ServerSocketAccept
                0x00108698                NetworkOsc_PropertyGet
                0x001082c0                NetworkOsc_GetName
                0x00107f2c                DatagramSocketReceive
                0x001076b0                Network_SetGateway
                0x00107b50                SocketRead
                0x001075d8                Network_SetAddress
                0x00107e28                DatagramSocket
                0x00107a0c                Network_GetGateway
                0x0010807c                Network_AddressConvert
                0x00107864                Network_GetAddress
                0x00108054                DatagramSocketClose
                0x00107ce4                SocketWrite
                0x00107ae0                Socket
                0x0010771c                Network_SetValid
                0x00107938                Network_GetMask
 .text          0x00108a0c      0x3b0 ../controller/makingthings/system.o
                0x00108bcc                System_Start
                0x00108a0c                System_SetActive
                0x00108d34                SystemOsc_PropertyGet
                0x00108c40                SystemOsc_ReceiveMessage
                0x00108b8c                kill
                0x00108af8                System_GetVersionNumber
                0x00108a40                System_GetActive
                0x00108ae4                System_GetBuildNumber
                0x00108b0c                System_SetSamba
                0x00108bec                System_Stop
                0x00108cbc                SystemOsc_PropertySet
                0x00108ca8                SystemOsc_Poll
                0x00108c28                SystemOsc_GetName
                0x00108ba8                System_SetReset
                0x00108a68                System_GetFreeMemory
                0x00108a80                System_GetSerialNumber
                0x00108ab8                System_SetSerialNumber
 .text          0x00108dbc     0x1530 ../controller/makingthings/io.o
                0x00109de0                Io_GetPortA
                0x00109b88                Io_PullupDisable
                0x00109e08                Io_SetPortB
                0x00109da0                Io_SetPortA
                0x00109e70                Io_SetPortAMask
                0x00109600                Io_SetFalse
                0x00109f90                IoOsc_GetName
                0x00109f3c                Io_GetValueBits
                0x001093d8                Io_SetDirection
                0x00109c70                Io_SetValueBits
                0x00109420                Io_GetDirection
                0x0010981c                Io_SetPeripheralB
                0x00109a94                Io_GetPullup
                0x001094b8                Io_SetOutput
                0x00109328                Io_SetActive
                0x00108fa4                Io_StartBits
                0x00109670                Io_SetValue
                0x0010a148                IoOsc_IndexIntPropertyGet
                0x00109c34                Io_SetFalseBits
                0x00109374                Io_GetActive
                0x0010a1f8                IoOsc_IntPropertySet
                0x00109eac                Io_SetPortBMask
                0x001098d4                Io_GetPio
                0x00109224                Io_StopBits
                0x00109ed0                Io_GetPortBMask
                0x00109d28                Io_SetOutputBits
                0x00108dbc                Io_Start
                0x0010988c                Io_SetPio
                0x00109524                Io_SetInput
                0x00109718                Io_GetValue
                0x0010996c                Io_PioEnable
                0x00109d64                Io_SetInputBits
                0x00109590                Io_SetTrue
                0x001099dc                Io_PioDisable
                0x001097ac                Io_SetPeripheralA
                0x00108ed4                Io_Stop
                0x00109e48                Io_GetPortB
                0x00109a4c                Io_SetPullup
                0x0010a09c                IoOsc_IndexIntPropertySet
                0x0010a270                IoOsc_IntPropertyGet
                0x00109bf8                Io_SetTrueBits
                0x00109fa8                IoOsc_ReceiveMessage
                0x00109b18                Io_PullupEnable
                0x00109e94                Io_GetPortAMask
 .text          0x0010a2ec      0x2ec ../controller/makingthings/led.o
                0x0010a348                Led_SetState
                0x0010a3ac                Led_GetState
                0x0010a2ec                Led_SetActive
                0x0010a320                Led_GetActive
                0x0010a4b4                LedOsc_ReceiveMessage
                0x0010a540                LedOsc_PropertySet
                0x0010a49c                LedOsc_GetName
                0x0010a58c                LedOsc_PropertyGet
 .text          0x0010a5d8      0x4cc ../controller/makingthings/timer.o
                0x0010a718                Timer_Set
                0x0010a660                Timer_GetActive
                0x0010a838                Timer_Cancel
                0x0010a5d8                Timer_SetActive
                0x0010a688                Timer_InitializeEntry
 .text          0x0010aaa4      0x534 ../controller/makingthings/fasttimer.o
                0x0010aaa4                FastTimer_SetActive
                0x0010ab2c                FastTimer_GetActive
                0x0010ad48                FastTimer_Cancel
                0x0010ac28                FastTimer_Set
                0x0010ab54                FastTimer_InitializeEntry
                0x0010abe4                FastTimer_SetTime
 .text          0x0010afd8      0x408 ../controller/makingthings/debugosc.o
                0x0010b284                DebugOsc_ReceiveMessage
                0x0010b26c                DebugOsc_GetName
                0x0010afd8                Debug_SetActive
                0x0010b2ec                DebugOsc_PropertySet
                0x0010b0c4                Debug_SetUsb
                0x0010b084                Debug_GetLevel
                0x0010b00c                Debug_GetActive
                0x0010b124                Debug_GetUdp
                0x0010b364                DebugOsc_PropertyGet
                0x0010b100                Debug_SetUdp
                0x0010b13c                Debug
                0x0010b034                Debug_SetLevel
                0x0010b0e8                Debug_GetUsb
 .text          0x0010b3e0      0x41c ../controller/makingthings/can.o
                0x0010b414                Can_GetActive
                0x0010b79c                CanOsc_PropertySet
                0x0010b700                CanOsc_ReceiveMessage
                0x0010b7cc                CanOsc_PropertyGet
                0x0010b6e8                CanOsc_GetName
                0x0010b50c                Can_GetMessage
                0x0010b43c                Can_SendMessage
                0x0010b3e0                Can_SetActive
 .text          0x0010b7fc     0x1c6c ../controller/lwip/src/core/tcp_out.o
                0x0010cca0                tcp_rst
                0x0010b7fc                tcp_send_ctrl
                0x0010d178                tcp_keepalive
                0x0010d020                tcp_rexmit_rto
                0x0010b84c                tcp_write
                0x0010d0d4                tcp_rexmit
                0x0010c240                tcp_output
                0x0010b90c                tcp_enqueue
 .text          0x0010d468      0xafc ../controller/lwip/src/core/inet.o
                0x0010d7e4                inet_chksum
                0x0010d588                inet_chksum_pseudo
                0x0010d858                inet_chksum_pbuf
                0x0010d954                inet_addr
                0x0010df3c                ntohl
                0x0010def0                htonl
                0x0010d99c                inet_aton
                0x0010dec8                ntohs
                0x0010dd3c                inet_ntoa
                0x0010de80                htons
 .text          0x0010df64      0x71c ../controller/lwip/src/core/mem.o
                0x0010e118                mem_free
                0x0010e07c                mem_init
                0x0010e43c                mem_malloc
                0x0010e1f8                mem_reallocm
                0x0010e27c                mem_realloc
 .text          0x0010e680      0x36c ../controller/lwip/src/core/memp.o
                0x0010e958                memp_free
                0x0010e830                memp_malloc
                0x0010e680                memp_init
 .text          0x0010e9ec      0x52c ../controller/lwip/src/core/netif.o
                0x0010edec                netif_set_netmask
                0x0010e9ec                netif_add
                0x0010ec50                netif_set_ipaddr
                0x0010ee58                netif_set_up
                0x0010ee38                netif_set_default
                0x0010eec4                netif_set_down
                0x0010eab8                netif_set_addr
                0x0010ee88                netif_is_up
                0x0010eda0                netif_set_gw
                0x0010eb14                netif_remove
                0x0010eef0                netif_init
                0x0010eba4                netif_find
 .text          0x0010ef18      0xc98 ../controller/lwip/src/core/pbuf.o
                0x0010f3f0                pbuf_realloc
                0x0010f66c                pbuf_free
                0x0010f838                pbuf_cat
                0x0010f7f4                pbuf_ref
                0x0010ef18                pbuf_init
                0x0010f96c                pbuf_dequeue
                0x0010f9b4                pbuf_take
                0x0010f070                pbuf_alloc
                0x0010f7b4                pbuf_clen
                0x0010f904                pbuf_queue
                0x0010f534                pbuf_header
                0x0010f8d0                pbuf_chain
                0x0010fb18                pbuf_dechain
 .text          0x0010fbb0      0x4bc ../controller/lwip/src/core/raw.o
                0x0010fcc0                raw_bind
                0x0010ff28                raw_send
                0x0010fd98                raw_sendto
                0x0010fbc8                raw_input
                0x0010fd10                raw_connect
                0x0010ffe0                raw_new
                0x0010ff64                raw_remove
                0x0010fbb0                raw_init
                0x0010fd60                raw_recv
 .text          0x0011006c       0x24 ../controller/lwip/src/core/stats.o
                0x0011006c                stats_init
 .text          0x00110090      0x5d4 ../controller/lwip/src/core/sys.o
                0x00110628                sys_msleep
                0x001102f0                sys_timeout
                0x00110090                sys_mbox_fetch
                0x001105a8                sys_sem_wait_timeout
                0x001101cc                sys_sem_wait
                0x00110480                sys_untimeout
 .text          0x00110664     0x178c ../controller/lwip/src/core/tcp.o
                0x00111dc0                tcp_next_iss
                0x00111be0                tcp_err
                0x00111b98                tcp_recv
                0x001119e8                tcp_alloc
                0x00111b74                tcp_arg
                0x001106e8                tcp_close
                0x00110d10                tcp_recved
                0x00111c64                tcp_pcb_purge
                0x00111b58                tcp_new
                0x001116f8                tcp_segs_free
                0x001109e0                tcp_bind
                0x00110838                tcp_abort
                0x00110be0                tcp_listen
                0x00111750                tcp_seg_free
                0x00110664                tcp_init
                0x00110f08                tcp_connect
                0x00111bbc                tcp_sent
                0x001106b0                tcp_tmr
                0x001117a0                tcp_setprio
                0x001110f0                tcp_slowtmr
                0x00111c04                tcp_accept
                0x00111cd8                tcp_pcb_remove
                0x00111674                tcp_fasttmr
                0x001117c4                tcp_seg_copy
                0x00111c28                tcp_poll
 .text          0x00111df0     0x2c1c ../controller/lwip/src/core/tcp_in.o
                0x00111df0                tcp_input
 .text          0x00114a0c      0xac0 ../controller/lwip/src/core/ipv4/ip.o
                0x00114ea8                ip_output_if
                0x001153f4                ip_output
                0x00114a0c                ip_init
                0x00114a1c                ip_route
                0x00114aac                ip_input
 .text          0x001154cc      0x16c ../controller/lwip/src/core/ipv4/ip_addr.o
                0x001154cc                ip_addr_isbroadcast
 .text          0x00115638      0x68c ../controller/lwip/src/core/ipv4/icmp.o
                0x00115638                icmp_input
                0x00115ae0                icmp_dest_unreach
 .text          0x00115cc4      0x348 ../controller/lwip/src/api/tcpip.o
                0x00115fb8                tcpip_init
                0x00115edc                tcpip_callback
                0x00115f5c                tcpip_apimsg
                0x00115e50                tcpip_input
                0x00115d10                tcp_timer_needed
 .text          0x0011600c     0x1414 ../controller/lwip/src/api/api_msg.o
                0x001173cc                api_msg_input
                0x001173fc                api_msg_post
 .text          0x00117420        0x0 ../controller/lwip/src/api/err.o
 .text          0x00117420     0x1488 ../controller/lwip/src/api/api_lib.o
                0x00118538                netconn_write
                0x00117464                netbuf_delete
                0x001174b8                netbuf_alloc
                0x001187a8                netconn_close
                0x00117420                netbuf_new
                0x00118020                netconn_disconnect
                0x00117a5c                netconn_new
                0x00117c2c                netconn_type
                0x0011818c                netconn_accept
                0x001178bc                netbuf_fromport
                0x00117668                netbuf_data
                0x00117f24                netconn_connect
                0x00117538                netbuf_free
                0x00118884                netconn_err
                0x00117abc                netconn_delete
                0x001176cc                netbuf_next
                0x00117720                netbuf_first
                0x00117600                netbuf_chain
                0x00118458                netconn_send
                0x001178dc                netconn_new_with_proto_and_callback
                0x00117d50                netconn_addr
                0x001180bc                netconn_listen
                0x001178a0                netbuf_fromaddr
                0x00117644                netbuf_len
                0x00117a88                netconn_new_with_callback
                0x00117e10                netconn_bind
                0x00117740                netbuf_copy_partial
                0x00117864                netbuf_copy
                0x00117578                netbuf_ref
                0x001181ec                netconn_recv
                0x00117c48                netconn_peer
 .text          0x001188a8     0x169c ../controller/lwip/src/netif/etharp.o
                0x00119bd8                etharp_request
                0x00118918                etharp_tmr
                0x001191c4                etharp_arp_input
                0x001198bc                etharp_query
                0x001195cc                etharp_output
                0x001188a8                etharp_init
                0x00119148                etharp_ip_input
 .text          0x00119f44      0x46c ../controller/lwip/contrib/port/FreeRTOS/AT91SAM7X/sys_arch.o
                0x0011a298                sys_arch_timeouts
                0x0011a288                sys_init
                0x0011a244                sys_sem_signal
                0x00119fc8                sys_arch_mbox_fetch
                0x0011a0e0                sys_sem_new
                0x00119f68                sys_mbox_free
                0x0011a384                sys_arch_protect
                0x0011a268                sys_sem_free
                0x00119f44                sys_mbox_new
                0x0011a2c4                sys_thread_new
                0x0011a15c                sys_arch_sem_wait
                0x0011a398                sys_arch_unprotect
                0x00119f98                sys_mbox_post
 .text          0x0011a3b0      0x568 ../controller/lwip/src/netif/ethernetif.o
                0x0011a868                ethernetif_init
 .text          0x0011a918      0xb84 ../controller/makingthings/SAM7_EMAC.o
                0x0011aec0                vClearEMACTxBuffer
                0x0011b47c                vEMACWaitForInput
                0x0011a918                lEMACSend
                0x0011aae4                ulEMACInputLength
                0x0011abbc                vEMACRead
                0x0011ad9c                xEMACInit
 .text          0x0011b49c      0xe58 ../controller/lwip/src/core/udp.o
                0x0011c210                udp_remove
                0x0011b94c                udp_sendto
                0x0011c184                udp_disconnect
                0x0011c1d8                udp_recv
                0x0011c054                udp_connect
                0x0011bef0                udp_bind
                0x0011ba64                udp_send
                0x0011b4c0                udp_input
                0x0011b49c                udp_init
                0x0011c28c                udp_new
 .text          0x0011c2f4      0xc00 ../controller/lwip/src/core/ipv4/ip_frag.o
                0x0011c43c                ip_reass
                0x0011cb1c                ip_frag
                0x0011c414                ip_reass_tmr
 .text          0x0011cef4     0x25d8 ../controller/makingthings/osc.o
                0x0011e774                Osc_CreateMessage
                0x0011cf28                Osc_GetActive
                0x0011de90                Osc_IndexIntReceiverHelper
                0x0011d3e4                Osc_RegisterSubsystem
                0x0011d924                Osc_Quicky
                0x0011ee60                Osc_NumberMatch
                0x0011f250                Osc_WritePaddedBlob
                0x0011e70c                Osc_ReadInt
                0x0011e2bc                Osc_ExtractData
                0x0011d78c                Osc_SendPacket
                0x0011d600                Osc_ReceiveMessage
                0x0011f004                Osc_PropertyLookup
                0x0011d3a8                Osc_ResetChannel
                0x0011d014                Osc_UsbPacketSend
                0x0011d970                Osc_SubsystemError
                0x0011ee38                Osc_Unlock
                0x0011e740                Osc_ReadFloat
                0x0011dd70                Osc_GeneralReceiverHelper
                0x0011dbf4                Osc_IntReceiverHelper
                0x0011f08c                Osc_FindDataTag
                0x0011f10c                Osc_WritePaddedString
                0x0011ea58                Osc_CreateMessageInternal
                0x0011cef4                Osc_SetActive
                0x0011d840                Osc_SendPacketInternal
                0x0011d9cc                Osc_BlobReceiverHelper
                0x0011d0e4                Osc_UdpTask
                0x0011eda4                Osc_Lock
                0x0011f3d8                Osc_WriteTimetag
                0x0011f478                Osc_EndianSwap
                0x0011d054                Osc_UdpPacketSend
                0x0011e1ec                Osc_SendError
                0x0011ecfc                Osc_CreateBundle
                0x0011d8fc                Osc_Poll
                0x0011d330                Osc_SetReplyPort
                0x0011d2b8                Osc_SetReplyAddress
                0x0011d0cc                Osc_GetRunning
                0x0011d4bc                Osc_ReceivePacket
                0x0011d1fc                Osc_UsbTask
                0x0011d498                Osc_SendMessage
 .text          0x0011f4cc      0x578 ../controller/makingthings/osc_patternmatch.o
                0x0011f4cc                Osc_PatternMatch
 .text          0x0011fa44       0xd0 /cygdrive/c/DOCUME~1/Phucker/LOCALS~1/Temp/cclBnpBH.o
                0x0011fa44                start
                0x0011faf4                endless_loop
 .text          0x0011fb14      0x114 /gnuarm/bin/../lib/gcc/arm-elf/4.1.1/interwork/libgcc.a(_udivsi3.o)
                0x0011fb14                __udivsi3
                0x0011fb14                __aeabi_uidiv
                0x0011fc10                __aeabi_uidivmod
 .text          0x0011fc28      0x144 /gnuarm/bin/../lib/gcc/arm-elf/4.1.1/interwork/libgcc.a(_divsi3.o)
                0x0011fc28                __aeabi_idiv
                0x0011fc28                __divsi3
                0x0011fd54                __aeabi_idivmod
 .text          0x0011fd6c       0xd0 /gnuarm/bin/../lib/gcc/arm-elf/4.1.1/interwork/libgcc.a(_umodsi3.o)
                0x0011fd6c                __umodsi3
 .text          0x0011fe3c       0xe8 /gnuarm/bin/../lib/gcc/arm-elf/4.1.1/interwork/libgcc.a(_modsi3.o)
                0x0011fe3c                __modsi3
 .text          0x0011ff24        0x4 /gnuarm/bin/../lib/gcc/arm-elf/4.1.1/interwork/libgcc.a(_dvmd_tls.o)
                0x0011ff24                __aeabi_ldiv0
                0x0011ff24                __div0
                0x0011ff24                __aeabi_idiv0
 .text          0x0011ff28       0xa0 /gnuarm/bin/../lib/gcc/arm-elf/4.1.1/interwork/libgcc.a(_truncdfsf2.o)
                0x0011ff28                __aeabi_d2f
                0x0011ff28                __truncdfsf2
 .text          0x0011ffc8      0x2ac /gnuarm/bin/../lib/gcc/arm-elf/4.1.1/interwork/libgcc.a(_addsubsf3.o)
                0x0011ffd4                __aeabi_fadd
                0x0011ffd0                __subsf3
                0x00120198                __aeabi_i2f
                0x0011ffd0                __aeabi_fsub
                0x001201c8                __floatdisf
                0x00120198                __floatsisf
                0x001201b8                __floatundisf
                0x00120190                __aeabi_ui2f
                0x001201c8                __aeabi_l2f
                0x001201b8                __aeabi_ul2f
                0x0011ffc8                __aeabi_frsub
                0x00120190                __floatunsisf
                0x0011ffd4                __addsf3
 .text          0x00120274       0x5c /gnuarm/bin/../lib/gcc/arm-elf/4.1.1/interwork/libgcc.a(_fixsfsi.o)
                0x00120274                __fixsfsi
                0x00120274                __aeabi_f2iz
 .text          0x001202d0        0x0 /gnuarm/bin/../lib/gcc/arm-elf/4.1.1/../../../../arm-elf/lib/interwork/libc.a(ctype_.o)
 .text          0x001202d0       0x9c /gnuarm/bin/../lib/gcc/arm-elf/4.1.1/../../../../arm-elf/lib/interwork/libc.a(memcpy.o)
                0x001202d0                memcpy
 .text          0x0012036c       0x98 /gnuarm/bin/../lib/gcc/arm-elf/4.1.1/../../../../arm-elf/lib/interwork/libc.a(memset.o)
                0x0012036c                memset
 .text          0x00120404      0x150 /gnuarm/bin/../lib/gcc/arm-elf/4.1.1/../../../../arm-elf/lib/interwork/libc.a(snprintf.o)
                0x00120404                snprintf
                0x001204b4                _snprintf_r
 .text          0x00120554       0xdc /gnuarm/bin/../lib/gcc/arm-elf/4.1.1/../../../../arm-elf/lib/interwork/libc.a(sprintf.o)
                0x001205c8                _sprintf_r
                0x00120554                sprintf
 .text          0x00120630      0x108 /gnuarm/bin/../lib/gcc/arm-elf/4.1.1/../../../../arm-elf/lib/interwork/libc.a(sscanf.o)
                0x001206b8                sscanf
                0x00120638                _sscanf_r
 .text          0x00120738       0x98 /gnuarm/bin/../lib/gcc/arm-elf/4.1.1/../../../../arm-elf/lib/interwork/libc.a(strcat.o)
                0x00120738                strcat
 .text          0x001207d0      0x118 /gnuarm/bin/../lib/gcc/arm-elf/4.1.1/../../../../arm-elf/lib/interwork/libc.a(strchr.o)
                0x001207d0                strchr
 .text          0x001208e8       0xd0 /gnuarm/bin/../lib/gcc/arm-elf/4.1.1/../../../../arm-elf/lib/interwork/libc.a(strcmp.o)
                0x001208e8                strcmp
 .text          0x001209b8       0xa0 /gnuarm/bin/../lib/gcc/arm-elf/4.1.1/../../../../arm-elf/lib/interwork/libc.a(strcpy.o)
                0x001209b8                strcpy
 .text          0x00120a58       0x90 /gnuarm/bin/../lib/gcc/arm-elf/4.1.1/../../../../arm-elf/lib/interwork/libc.a(strlen.o)
                0x00120a58                strlen
 .text          0x00120ae8      0x13c /gnuarm/bin/../lib/gcc/arm-elf/4.1.1/../../../../arm-elf/lib/interwork/libc.a(strncmp.o)
                0x00120ae8                strncmp
 .text          0x00120c24      0x114 /gnuarm/bin/../lib/gcc/arm-elf/4.1.1/../../../../arm-elf/lib/interwork/libc.a(strncpy.o)
                0x00120c24                strncpy
 .text          0x00120d38     0x1f8c /gnuarm/bin/../lib/gcc/arm-elf/4.1.1/../../../../arm-elf/lib/interwork/libc.a(vfprintf.o)
                0x00120d78                _vfprintf_r
                0x00122c98                vfprintf
 .text          0x00122cc4     0x141c /gnuarm/bin/../lib/gcc/arm-elf/4.1.1/../../../../arm-elf/lib/interwork/libc.a(vfscanf.o)
                0x0012401c                __svfscanf
                0x00124048                _vfscanf_r
                0x0012408c                vfscanf
                0x00122cc4                __svfscanf_r
 .text          0x001240e0      0x110 /gnuarm/bin/../lib/gcc/arm-elf/4.1.1/../../../../arm-elf/lib/interwork/libc.a(vsnprintf.o)
                0x0012416c                vsnprintf
                0x001240e0                _vsnprintf_r
 .text          0x001241f0       0x84 /gnuarm/bin/../lib/gcc/arm-elf/4.1.1/../../../../arm-elf/lib/interwork/libc.a(wcrtomb.o)
                0x001241f0                _wcrtomb_r
                0x00124248                wcrtomb
 .text          0x00124274      0x180 /gnuarm/bin/../lib/gcc/arm-elf/4.1.1/../../../../arm-elf/lib/interwork/libc.a(wcsrtombs.o)
                0x00124274                _wcsrtombs_r
                0x001243b0                wcsrtombs
 .text          0x001243f4      0x41c /gnuarm/bin/../lib/gcc/arm-elf/4.1.1/../../../../arm-elf/lib/interwork/libc.a(wctomb_r.o)
                0x001243f4                _wctomb_r
 .text          0x00124810      0x100 /gnuarm/bin/../lib/gcc/arm-elf/4.1.1/../../../../arm-elf/lib/interwork/libc.a(wsetup.o)
                0x00124810                __swsetup
 .text          0x00124910     0x1660 /gnuarm/bin/../lib/gcc/arm-elf/4.1.1/../../../../arm-elf/lib/interwork/libc.a(dtoa.o)
                0x00124b18                _dtoa_r
 .text          0x00125f70       0xe8 /gnuarm/bin/../lib/gcc/arm-elf/4.1.1/../../../../arm-elf/lib/interwork/libc.a(fflush.o)
                0x00125f70                fflush
 .text          0x00126058      0x2a0 /gnuarm/bin/../lib/gcc/arm-elf/4.1.1/../../../../arm-elf/lib/interwork/libc.a(findfp.o)
                0x001260c4                __sinit
                0x001261c4                __sfmoreglue
                0x001261b4                _cleanup
                0x0012619c                _cleanup_r
                0x00126178                __fp_lock_all
                0x001260b4                __sfp_lock_acquire
                0x00126218                __sfp
                0x001260c0                __sinit_lock_release
                0x00126154                __fp_unlock_all
                0x001260b8                __sfp_lock_release
                0x001260bc                __sinit_lock_acquire
 .text          0x001262f8      0x1d0 /gnuarm/bin/../lib/gcc/arm-elf/4.1.1/../../../../arm-elf/lib/interwork/libc.a(fread.o)
                0x001262f8                fread
 .text          0x001264c8      0x3a4 /gnuarm/bin/../lib/gcc/arm-elf/4.1.1/../../../../arm-elf/lib/interwork/libc.a(freer.o)
                0x001265c8                _free_r
                0x001264c8                _malloc_trim_r
 .text          0x0012686c      0x408 /gnuarm/bin/../lib/gcc/arm-elf/4.1.1/../../../../arm-elf/lib/interwork/libc.a(fvwrite.o)
                0x0012686c                __sfvwrite
 .text          0x00126c74      0x114 /gnuarm/bin/../lib/gcc/arm-elf/4.1.1/../../../../arm-elf/lib/interwork/libc.a(fwalk.o)
                0x00126d00                _fwalk
                0x00126c74                _fwalk_reent
 .text          0x00126d88        0x0 /gnuarm/bin/../lib/gcc/arm-elf/4.1.1/../../../../arm-elf/lib/interwork/libc.a(impure.o)
 .text          0x00126d88       0x24 /gnuarm/bin/../lib/gcc/arm-elf/4.1.1/../../../../arm-elf/lib/interwork/libc.a(iswspace.o)
                0x00126d88                iswspace
 .text          0x00126dac       0xb0 /gnuarm/bin/../lib/gcc/arm-elf/4.1.1/../../../../arm-elf/lib/interwork/libc.a(locale.o)
                0x00126dd8                _setlocale_r
                0x00126dac                __locale_charset
                0x00126dbc                _localeconv_r
                0x00126e40                setlocale
                0x00126dc8                localeconv
 .text          0x00126e5c      0x158 /gnuarm/bin/../lib/gcc/arm-elf/4.1.1/../../../../arm-elf/lib/interwork/libc.a(makebuf.o)
                0x00126e5c                __smakebuf
 .text          0x00126fb4      0x774 /gnuarm/bin/../lib/gcc/arm-elf/4.1.1/../../../../arm-elf/lib/interwork/libc.a(mallocr.o)
                0x00126fb4                _malloc_r
 .text          0x00127728       0xac /gnuarm/bin/../lib/gcc/arm-elf/4.1.1/../../../../arm-elf/lib/interwork/libc.a(mbrtowc.o)
                0x00127790                mbrtowc
                0x00127728                _mbrtowc_r
 .text          0x001277d4       0x50 /gnuarm/bin/../lib/gcc/arm-elf/4.1.1/../../../../arm-elf/lib/interwork/libc.a(mbtowc_r.o)
                0x001277d4                _mbtowc_r
 .text          0x00127824      0x100 /gnuarm/bin/../lib/gcc/arm-elf/4.1.1/../../../../arm-elf/lib/interwork/libc.a(memchr.o)
                0x00127824                memchr
 .text          0x00127924       0xe4 /gnuarm/bin/../lib/gcc/arm-elf/4.1.1/../../../../arm-elf/lib/interwork/libc.a(memmove.o)
                0x00127924                memmove
 .text          0x00127a08        0x8 /gnuarm/bin/../lib/gcc/arm-elf/4.1.1/../../../../arm-elf/lib/interwork/libc.a(mlock.o)
                0x00127a0c                __malloc_unlock
                0x00127a08                __malloc_lock
 .text          0x00127a10      0xc00 /gnuarm/bin/../lib/gcc/arm-elf/4.1.1/../../../../arm-elf/lib/interwork/libc.a(mprec.o)
                0x00127d08                _mprec_log10
                0x00127a2c                _hi0bits
                0x00127d70                _Balloc
                0x00127e0c                _d2b
                0x00128178                _multiply
                0x00127c8c                _ratio
                0x00128524                _s2b
                0x0012833c                _i2b
                0x00127a84                _lo0bits
                0x00127b18                __mcmp
                0x0012842c                _pow5mult
                0x00127b78                _ulp
                0x00127bd8                _b2d
                0x00128360                _multadd
                0x00127f44                __mdiff
                0x00128078                _lshift
                0x00127a10                _Bfree
 .text          0x00128610      0x63c /gnuarm/bin/../lib/gcc/arm-elf/4.1.1/../../../../arm-elf/lib/interwork/libc.a(reallocr.o)
                0x00128610                _realloc_r
 .text          0x00128c4c      0x1bc /gnuarm/bin/../lib/gcc/arm-elf/4.1.1/../../../../arm-elf/lib/interwork/libc.a(refill.o)
                0x00128c7c                __srefill
 .text          0x00128e08       0x3c /gnuarm/bin/../lib/gcc/arm-elf/4.1.1/../../../../arm-elf/lib/interwork/libc.a(s_isinf.o)
                0x00128e08                isinf
 .text          0x00128e44       0x30 /gnuarm/bin/../lib/gcc/arm-elf/4.1.1/../../../../arm-elf/lib/interwork/libc.a(s_isnan.o)
                0x00128e44                isnan
 .text          0x00128e74       0xc8 /gnuarm/bin/../lib/gcc/arm-elf/4.1.1/../../../../arm-elf/lib/interwork/libc.a(sccl.o)
                0x00128e74                __sccl
 .text          0x00128f3c        0xc /gnuarm/bin/../lib/gcc/arm-elf/4.1.1/../../../../arm-elf/lib/interwork/libc.a(sf_nan.o)
                0x00128f3c                nanf
 .text          0x00128f48      0x118 /gnuarm/bin/../lib/gcc/arm-elf/4.1.1/../../../../arm-elf/lib/interwork/libc.a(stdio.o)
                0x00128f68                __sseek
                0x00129018                __sread
                0x00128f48                __sclose
                0x00128fb4                __swrite
 .text          0x00129060     0x1144 /gnuarm/bin/../lib/gcc/arm-elf/4.1.1/../../../../arm-elf/lib/interwork/libc.a(strtod.o)
                0x00129060                _strtod_r
                0x0012a188                strtod
                0x0012a134                strtof
 .text          0x0012a1a4      0x1f0 /gnuarm/bin/../lib/gcc/arm-elf/4.1.1/../../../../arm-elf/lib/interwork/libc.a(strtol.o)
                0x0012a368                strtol
                0x0012a1a4                _strtol_r
 .text          0x0012a394      0x1e8 /gnuarm/bin/../lib/gcc/arm-elf/4.1.1/../../../../arm-elf/lib/interwork/libc.a(strtoul.o)
                0x0012a550                strtoul
                0x0012a394                _strtoul_r
 .text          0x0012a57c      0x24c /gnuarm/bin/../lib/gcc/arm-elf/4.1.1/../../../../arm-elf/lib/interwork/libc.a(ungetc.o)
                0x0012a7ac                ungetc
                0x0012a57c                __submore
                0x0012a630                _ungetc_r
 .text          0x0012a7c8       0xa0 /gnuarm/bin/../lib/gcc/arm-elf/4.1.1/../../../../arm-elf/lib/interwork/libc.a(callocr.o)
                0x0012a7c8                _calloc_r
 .text          0x0012a868      0x12c /gnuarm/bin/../lib/gcc/arm-elf/4.1.1/../../../../arm-elf/lib/interwork/libc.a(fclose.o)
                0x0012a868                _fclose_r
                0x0012a980                fclose
 .text          0x0012a994       0x20 /gnuarm/bin/../lib/gcc/arm-elf/4.1.1/../../../../arm-elf/lib/interwork/libc.a(s_nan.o)
                0x0012a994                nan
 .text          0x0012a9b4      0x430 /gnuarm/bin/../lib/gcc/arm-elf/4.1.1/interwork/libgcc.a(_addsubdf3.o)
                0x0012ad78                __floatdidf
                0x0012acf8                __floatsidf
                0x0012acd0                __aeabi_ui2d
                0x0012a9b4                __aeabi_drsub
                0x0012ad24                __extendsfdf2
                0x0012a9c0                __adddf3
                0x0012acd0                __floatunsidf
                0x0012a9c0                __aeabi_dadd
                0x0012ad64                __aeabi_ul2d
                0x0012a9bc                __aeabi_dsub
                0x0012ad64                __floatundidf
                0x0012acf8                __aeabi_i2d
                0x0012ad78                __aeabi_l2d
                0x0012ad24                __aeabi_f2d
                0x0012a9bc                __subdf3
 .text          0x0012ade4      0x49c /gnuarm/bin/../lib/gcc/arm-elf/4.1.1/interwork/libgcc.a(_muldivdf3.o)
                0x0012b074                __aeabi_ddiv
                0x0012ade4                __aeabi_dmul
                0x0012b074                __divdf3
                0x0012ade4                __muldf3
 .text          0x0012b280      0x140 /gnuarm/bin/../lib/gcc/arm-elf/4.1.1/interwork/libgcc.a(_cmpdf2.o)
                0x0012b378                __aeabi_dcmple
                0x0012b290                __cmpdf2
                0x0012b290                __eqdf2
                0x0012b280                __gtdf2
                0x0012b330                __aeabi_cdcmple
                0x0012b314                __aeabi_cdrcmple
                0x0012b288                __ltdf2
                0x0012b360                __aeabi_dcmplt
                0x0012b288                __ledf2
                0x0012b3a8                __aeabi_dcmpgt
                0x0012b390                __aeabi_dcmpge
                0x0012b290                __nedf2
                0x0012b348                __aeabi_dcmpeq
                0x0012b330                __aeabi_cdcmpeq
                0x0012b280                __gedf2
 .text          0x0012b3c0       0x5c /gnuarm/bin/../lib/gcc/arm-elf/4.1.1/interwork/libgcc.a(_fixdfsi.o)
                0x0012b3c0                __fixdfsi
                0x0012b3c0                __aeabi_d2iz
 *(.rodata)
 .rodata        0x0012b41c       0x20 ../controller/freertos/tasks.o
 .rodata        0x0012b43c        0x2 ../controller/freertos/portable/MemMang/heap_2.o
 *fill*         0x0012b43e        0x2 00
 .rodata        0x0012b440        0x8 ../controller/makingthings/main.o
 .rodata        0x0012b448      0x204 ../controller/makingthings/BasicWEB.o
 .rodata        0x0012b64c       0x1c ../controller/makingthings/analogin.o
 .rodata        0x0012b668       0xa0 ../controller/makingthings/serial.o
 .rodata        0x0012b708      0x1b0 ../controller/makingthings/USB-CDC.o
                0x0012b792                pxDeviceDescriptor
                0x0012b70c                pxManufacturerStringDescriptor
                0x0012b774                pxInterfaceStringDescriptor
                0x0012b726                pxProductStringDescriptor
                0x0012b708                pxLanguageStringDescriptor
                0x0012b74e                pxConfigurationStringDescriptor
                0x0012b7a4                pxConfigDescriptor
 .rodata        0x0012b8b8       0x10 ../controller/makingthings/usb.o
 .rodata        0x0012b8c8      0x14c ../controller/makingthings/network.o
 .rodata        0x0012ba14       0x74 ../controller/makingthings/system.o
 .rodata        0x0012ba88       0x78 ../controller/makingthings/io.o
 .rodata        0x0012bb00       0x14 ../controller/makingthings/led.o
 .rodata        0x0012bb14       0x34 ../controller/makingthings/debugosc.o
 .rodata        0x0012bb48       0x14 ../controller/makingthings/can.o
 .rodata        0x0012bb5c       0x14 ../controller/lwip/src/core/inet.o
 .rodata        0x0012bb70       0x2c ../controller/lwip/src/core/memp.o
 .rodata        0x0012bb9c       0x30 ../controller/lwip/src/core/tcp.o
                0x0012bb9c                tcp_backoff
 .rodata        0x0012bbcc       0x28 ../controller/lwip/src/core/tcp_in.o
 .rodata        0x0012bbf4        0x8 ../controller/lwip/src/core/ipv4/ip_addr.o
                0x0012bbf4                ip_addr_any
                0x0012bbf8                ip_addr_broadcast
 .rodata        0x0012bbfc       0x3c ../controller/lwip/src/api/api_msg.o
 .rodata        0x0012bc38        0x6 ../controller/lwip/src/netif/etharp.o
 *fill*         0x0012bc3e        0x2 00
 .rodata        0x0012bc40        0xc ../controller/lwip/contrib/port/FreeRTOS/AT91SAM7X/sys_arch.o
 .rodata        0x0012bc4c       0x10 ../controller/lwip/src/netif/ethernetif.o
 .rodata        0x0012bc5c        0x8 ../controller/lwip/src/core/ipv4/ip_frag.o
 .rodata        0x0012bc64      0x150 ../controller/makingthings/osc.o
 .rodata        0x0012bdb4      0x101 /gnuarm/bin/../lib/gcc/arm-elf/4.1.1/../../../../arm-elf/lib/interwork/libc.a(ctype_.o)
                0x0012bdb4                _ctype_
 .rodata        0x0012beb5       0x20 /gnuarm/bin/../lib/gcc/arm-elf/4.1.1/../../../../arm-elf/lib/interwork/libc.a(vfprintf.o)
 *fill*         0x0012bed5        0x1 00
 .rodata        0x0012bed6       0x22 /gnuarm/bin/../lib/gcc/arm-elf/4.1.1/../../../../arm-elf/lib/interwork/libc.a(vfscanf.o)
 .rodata        0x0012bef8        0x4 /gnuarm/bin/../lib/gcc/arm-elf/4.1.1/../../../../arm-elf/lib/interwork/libc.a(impure.o)
                0x0012bef8                _global_impure_ptr
 .rodata        0x0012befc       0x34 /gnuarm/bin/../lib/gcc/arm-elf/4.1.1/../../../../arm-elf/lib/interwork/libc.a(locale.o)
 .rodata        0x0012bf30      0x124 /gnuarm/bin/../lib/gcc/arm-elf/4.1.1/../../../../arm-elf/lib/interwork/libc.a(mprec.o)
                0x0012c020                __mprec_tinytens
                0x0012bf30                __mprec_tens
                0x0012bff8                __mprec_bigtens
 *(.rodata*)
 .rodata.str1.4
                0x0012c054       0x2c make.o
 .rodata.str1.4
                0x0012c080       0x63 /gnuarm/bin/../lib/gcc/arm-elf/4.1.1/../../../../arm-elf/lib/interwork/libc.a(vfprintf.o)
                                 0x64 (size before relaxing)
 *fill*         0x0012c0e3        0x1 00
 .rodata.str1.4
                0x0012c0e4        0x5 /gnuarm/bin/../lib/gcc/arm-elf/4.1.1/../../../../arm-elf/lib/interwork/libc.a(vfscanf.o)
                                  0x8 (size before relaxing)
 *fill*         0x0012c0e9        0x3 00
 .rodata.str1.4
                0x0012c0ec       0x1e /gnuarm/bin/../lib/gcc/arm-elf/4.1.1/../../../../arm-elf/lib/interwork/libc.a(wctomb_r.o)
                                 0x20 (size before relaxing)
 *fill*         0x0012c10a        0x2 00
 .rodata.str1.4
                0x0012c10c       0x10 /gnuarm/bin/../lib/gcc/arm-elf/4.1.1/../../../../arm-elf/lib/interwork/libc.a(dtoa.o)
                                 0x14 (size before relaxing)
 .rodata.str1.4
                0x0012c11c        0x2 /gnuarm/bin/../lib/gcc/arm-elf/4.1.1/../../../../arm-elf/lib/interwork/libc.a(impure.o)
                                  0x4 (size before relaxing)
 *fill*         0x0012c11e        0x2 00
 .rodata.str1.4
                0x0012c120        0xc /gnuarm/bin/../lib/gcc/arm-elf/4.1.1/../../../../arm-elf/lib/interwork/libc.a(locale.o)
                                 0x18 (size before relaxing)
 .rodata.str1.4
                0x00000000        0x4 /gnuarm/bin/../lib/gcc/arm-elf/4.1.1/../../../../arm-elf/lib/interwork/libc.a(mbrtowc.o)
 *(.glue_7)
 .glue_7        0x0012c12c        0x0 ../controller/freertos/portable/GCC/ARM7_AT91SAM7S/portISR.o
 .glue_7        0x0012c12c        0x0 ../controller/makingthings/SAM7_EMAC_ISR.o
 .glue_7        0x0012c12c        0x0 ../controller/makingthings/USBIsr.o
 .glue_7        0x0012c12c        0x0 ../controller/startup/Cstartup_SAM7.o
 .glue_7        0x0012c12c        0x0 ../controller/makingthings/analogin_isr.o
 .glue_7        0x0012c12c        0x0 ../controller/makingthings/serial_isr.o
 .glue_7        0x0012c12c        0x0 ../controller/makingthings/fasttimer_isr.o
 .glue_7        0x0012c12c        0x0 ../controller/makingthings/timer_isr.o
 .glue_7        0x0012c12c        0x0 ../controller/makingthings/can_isr.o
 .glue_7        0x0012c12c        0x0 ../controller/freertos/tasks.o
 .glue_7        0x0012c12c        0x0 ../controller/freertos/queue.o
 .glue_7        0x0012c12c        0x0 ../controller/freertos/list.o
 .glue_7        0x0012c12c        0x0 ../controller/freertos/portable/GCC/ARM7_AT91SAM7S/port.o
 .glue_7        0x0012c12c        0x0 ../controller/startup/extras.o
 .glue_7        0x0012c12c        0x0 ../controller/freertos/portable/MemMang/heap_2.o
 .glue_7        0x0012c12c        0x0 ../controller/makingthings/main.o
 .glue_7        0x0012c12c        0x0 ../controller/makingthings/BasicWEB.o
 .glue_7        0x0012c12c        0x0 make.o
 .glue_7        0x0012c12c        0x0 ../controller/makingthings/eeprom.o
 .glue_7        0x0012c12c        0x0 ../controller/makingthings/analogin.o
 .glue_7        0x0012c12c        0x0 ../controller/makingthings/serial.o
 .glue_7        0x0012c12c        0x0 ../controller/makingthings/pwm.o
 .glue_7        0x0012c12c        0x0 ../controller/makingthings/spi.o
 .glue_7        0x0012c12c        0x0 ../controller/makingthings/USB-CDC.o
 .glue_7        0x0012c12c        0x0 ../controller/makingthings/rtos.o
 .glue_7        0x0012c12c        0x0 ../controller/makingthings/usb.o
 .glue_7        0x0012c12c        0x0 ../controller/makingthings/network.o
 .glue_7        0x0012c12c        0x0 ../controller/makingthings/system.o
 .glue_7        0x0012c12c        0x0 ../controller/makingthings/io.o
 .glue_7        0x0012c12c        0x0 ../controller/makingthings/led.o
 .glue_7        0x0012c12c        0x0 ../controller/makingthings/timer.o
 .glue_7        0x0012c12c        0x0 ../controller/makingthings/fasttimer.o
 .glue_7        0x0012c12c        0x0 ../controller/makingthings/debugosc.o
 .glue_7        0x0012c12c        0x0 ../controller/makingthings/can.o
 .glue_7        0x0012c12c        0x0 ../controller/lwip/src/core/tcp_out.o
 .glue_7        0x0012c12c        0x0 ../controller/lwip/src/core/inet.o
 .glue_7        0x0012c12c        0x0 ../controller/lwip/src/core/mem.o
 .glue_7        0x0012c12c        0x0 ../controller/lwip/src/core/memp.o
 .glue_7        0x0012c12c        0x0 ../controller/lwip/src/core/netif.o
 .glue_7        0x0012c12c        0x0 ../controller/lwip/src/core/pbuf.o
 .glue_7        0x0012c12c        0x0 ../controller/lwip/src/core/raw.o
 .glue_7        0x0012c12c        0x0 ../controller/lwip/src/core/stats.o
 .glue_7        0x0012c12c        0x0 ../controller/lwip/src/core/sys.o
 .glue_7        0x0012c12c        0x0 ../controller/lwip/src/core/tcp.o
 .glue_7        0x0012c12c        0x0 ../controller/lwip/src/core/tcp_in.o
 .glue_7        0x0012c12c        0x0 ../controller/lwip/src/core/ipv4/ip.o
 .glue_7        0x0012c12c        0x0 ../controller/lwip/src/core/ipv4/ip_addr.o
 .glue_7        0x0012c12c        0x0 ../controller/lwip/src/core/ipv4/icmp.o
 .glue_7        0x0012c12c        0x0 ../controller/lwip/src/api/tcpip.o
 .glue_7        0x0012c12c        0x0 ../controller/lwip/src/api/api_msg.o
 .glue_7        0x0012c12c        0x0 ../controller/lwip/src/api/err.o
 .glue_7        0x0012c12c        0x0 ../controller/lwip/src/api/api_lib.o
 .glue_7        0x0012c12c        0x0 ../controller/lwip/src/netif/etharp.o
 .glue_7        0x0012c12c        0x0 ../controller/lwip/contrib/port/FreeRTOS/AT91SAM7X/sys_arch.o
 .glue_7        0x0012c12c        0x0 ../controller/lwip/src/netif/ethernetif.o
 .glue_7        0x0012c12c        0x0 ../controller/makingthings/SAM7_EMAC.o
 .glue_7        0x0012c12c        0x0 ../controller/lwip/src/core/udp.o
 .glue_7        0x0012c12c        0x0 ../controller/lwip/src/core/ipv4/ip_frag.o
 .glue_7        0x0012c12c        0x0 ../controller/makingthings/osc.o
 .glue_7        0x0012c12c        0x0 ../controller/makingthings/osc_patternmatch.o
 .glue_7        0x0012c12c        0x0 /cygdrive/c/DOCUME~1/Phucker/LOCALS~1/Temp/cclBnpBH.o
 .glue_7        0x0012c12c        0x0 /gnuarm/bin/../lib/gcc/arm-elf/4.1.1/interwork/libgcc.a(_udivsi3.o)
 .glue_7        0x0012c12c        0x0 /gnuarm/bin/../lib/gcc/arm-elf/4.1.1/interwork/libgcc.a(_divsi3.o)
 .glue_7        0x0012c12c        0x0 /gnuarm/bin/../lib/gcc/arm-elf/4.1.1/interwork/libgcc.a(_umodsi3.o)
 .glue_7        0x0012c12c        0x0 /gnuarm/bin/../lib/gcc/arm-elf/4.1.1/interwork/libgcc.a(_modsi3.o)
 .glue_7        0x0012c12c        0x0 /gnuarm/bin/../lib/gcc/arm-elf/4.1.1/interwork/libgcc.a(_dvmd_tls.o)
 .glue_7        0x0012c12c        0x0 /gnuarm/bin/../lib/gcc/arm-elf/4.1.1/interwork/libgcc.a(_truncdfsf2.o)
 .glue_7        0x0012c12c        0x0 /gnuarm/bin/../lib/gcc/arm-elf/4.1.1/interwork/libgcc.a(_addsubsf3.o)
 .glue_7        0x0012c12c        0x0 /gnuarm/bin/../lib/gcc/arm-elf/4.1.1/interwork/libgcc.a(_fixsfsi.o)
 .glue_7        0x0012c12c        0x0 /gnuarm/bin/../lib/gcc/arm-elf/4.1.1/../../../../arm-elf/lib/interwork/libc.a(ctype_.o)
 .glue_7        0x0012c12c        0x0 /gnuarm/bin/../lib/gcc/arm-elf/4.1.1/../../../../arm-elf/lib/interwork/libc.a(memcpy.o)
 .glue_7        0x0012c12c        0x0 /gnuarm/bin/../lib/gcc/arm-elf/4.1.1/../../../../arm-elf/lib/interwork/libc.a(memset.o)
 .glue_7        0x0012c12c        0x0 /gnuarm/bin/../lib/gcc/arm-elf/4.1.1/../../../../arm-elf/lib/interwork/libc.a(snprintf.o)
 .glue_7        0x0012c12c        0x0 /gnuarm/bin/../lib/gcc/arm-elf/4.1.1/../../../../arm-elf/lib/interwork/libc.a(sprintf.o)
 .glue_7        0x0012c12c        0x0 /gnuarm/bin/../lib/gcc/arm-elf/4.1.1/../../../../arm-elf/lib/interwork/libc.a(sscanf.o)
 .glue_7        0x0012c12c        0x0 /gnuarm/bin/../lib/gcc/arm-elf/4.1.1/../../../../arm-elf/lib/interwork/libc.a(strcat.o)
 .glue_7        0x0012c12c        0x0 /gnuarm/bin/../lib/gcc/arm-elf/4.1.1/../../../../arm-elf/lib/interwork/libc.a(strchr.o)
 .glue_7        0x0012c12c        0x0 /gnuarm/bin/../lib/gcc/arm-elf/4.1.1/../../../../arm-elf/lib/interwork/libc.a(strcmp.o)
 .glue_7        0x0012c12c        0x0 /gnuarm/bin/../lib/gcc/arm-elf/4.1.1/../../../../arm-elf/lib/interwork/libc.a(strcpy.o)
 .glue_7        0x0012c12c        0x0 /gnuarm/bin/../lib/gcc/arm-elf/4.1.1/../../../../arm-elf/lib/interwork/libc.a(strlen.o)
 .glue_7        0x0012c12c        0x0 /gnuarm/bin/../lib/gcc/arm-elf/4.1.1/../../../../arm-elf/lib/interwork/libc.a(strncmp.o)
 .glue_7        0x0012c12c        0x0 /gnuarm/bin/../lib/gcc/arm-elf/4.1.1/../../../../arm-elf/lib/interwork/libc.a(strncpy.o)
 .glue_7        0x0012c12c        0x0 /gnuarm/bin/../lib/gcc/arm-elf/4.1.1/../../../../arm-elf/lib/interwork/libc.a(vfprintf.o)
 .glue_7        0x0012c12c        0x0 /gnuarm/bin/../lib/gcc/arm-elf/4.1.1/../../../../arm-elf/lib/interwork/libc.a(vfscanf.o)
 .glue_7        0x0012c12c        0x0 /gnuarm/bin/../lib/gcc/arm-elf/4.1.1/../../../../arm-elf/lib/interwork/libc.a(vsnprintf.o)
 .glue_7        0x0012c12c        0x0 /gnuarm/bin/../lib/gcc/arm-elf/4.1.1/../../../../arm-elf/lib/interwork/libc.a(wcrtomb.o)
 .glue_7        0x0012c12c        0x0 /gnuarm/bin/../lib/gcc/arm-elf/4.1.1/../../../../arm-elf/lib/interwork/libc.a(wcsrtombs.o)
 .glue_7        0x0012c12c        0x0 /gnuarm/bin/../lib/gcc/arm-elf/4.1.1/../../../../arm-elf/lib/interwork/libc.a(wctomb_r.o)
 .glue_7        0x0012c12c        0x0 /gnuarm/bin/../lib/gcc/arm-elf/4.1.1/../../../../arm-elf/lib/interwork/libc.a(wsetup.o)
 .glue_7        0x0012c12c        0x0 /gnuarm/bin/../lib/gcc/arm-elf/4.1.1/../../../../arm-elf/lib/interwork/libc.a(dtoa.o)
 .glue_7        0x0012c12c        0x0 /gnuarm/bin/../lib/gcc/arm-elf/4.1.1/../../../../arm-elf/lib/interwork/libc.a(fflush.o)
 .glue_7        0x0012c12c        0x0 /gnuarm/bin/../lib/gcc/arm-elf/4.1.1/../../../../arm-elf/lib/interwork/libc.a(findfp.o)
 .glue_7        0x0012c12c        0x0 /gnuarm/bin/../lib/gcc/arm-elf/4.1.1/../../../../arm-elf/lib/interwork/libc.a(fread.o)
 .glue_7        0x0012c12c        0x0 /gnuarm/bin/../lib/gcc/arm-elf/4.1.1/../../../../arm-elf/lib/interwork/libc.a(freer.o)
 .glue_7        0x0012c12c        0x0 /gnuarm/bin/../lib/gcc/arm-elf/4.1.1/../../../../arm-elf/lib/interwork/libc.a(fvwrite.o)
 .glue_7        0x0012c12c        0x0 /gnuarm/bin/../lib/gcc/arm-elf/4.1.1/../../../../arm-elf/lib/interwork/libc.a(fwalk.o)
 .glue_7        0x0012c12c        0x0 /gnuarm/bin/../lib/gcc/arm-elf/4.1.1/../../../../arm-elf/lib/interwork/libc.a(impure.o)
 .glue_7        0x0012c12c        0x0 /gnuarm/bin/../lib/gcc/arm-elf/4.1.1/../../../../arm-elf/lib/interwork/libc.a(iswspace.o)
 .glue_7        0x0012c12c        0x0 /gnuarm/bin/../lib/gcc/arm-elf/4.1.1/../../../../arm-elf/lib/interwork/libc.a(locale.o)
 .glue_7        0x0012c12c        0x0 /gnuarm/bin/../lib/gcc/arm-elf/4.1.1/../../../../arm-elf/lib/interwork/libc.a(makebuf.o)
 .glue_7        0x0012c12c        0x0 /gnuarm/bin/../lib/gcc/arm-elf/4.1.1/../../../../arm-elf/lib/interwork/libc.a(mallocr.o)
 .glue_7        0x0012c12c        0x0 /gnuarm/bin/../lib/gcc/arm-elf/4.1.1/../../../../arm-elf/lib/interwork/libc.a(mbrtowc.o)
 .glue_7        0x0012c12c        0x0 /gnuarm/bin/../lib/gcc/arm-elf/4.1.1/../../../../arm-elf/lib/interwork/libc.a(mbtowc_r.o)
 .glue_7        0x0012c12c        0x0 /gnuarm/bin/../lib/gcc/arm-elf/4.1.1/../../../../arm-elf/lib/interwork/libc.a(memchr.o)
 .glue_7        0x0012c12c        0x0 /gnuarm/bin/../lib/gcc/arm-elf/4.1.1/../../../../arm-elf/lib/interwork/libc.a(memmove.o)
 .glue_7        0x0012c12c        0x0 /gnuarm/bin/../lib/gcc/arm-elf/4.1.1/../../../../arm-elf/lib/interwork/libc.a(mlock.o)
 .glue_7        0x0012c12c        0x0 /gnuarm/bin/../lib/gcc/arm-elf/4.1.1/../../../../arm-elf/lib/interwork/libc.a(mprec.o)
 .glue_7        0x0012c12c        0x0 /gnuarm/bin/../lib/gcc/arm-elf/4.1.1/../../../../arm-elf/lib/interwork/libc.a(reallocr.o)
 .glue_7        0x0012c12c        0x0 /gnuarm/bin/../lib/gcc/arm-elf/4.1.1/../../../../arm-elf/lib/interwork/libc.a(refill.o)
 .glue_7        0x0012c12c        0x0 /gnuarm/bin/../lib/gcc/arm-elf/4.1.1/../../../../arm-elf/lib/interwork/libc.a(s_isinf.o)
 .glue_7        0x0012c12c        0x0 /gnuarm/bin/../lib/gcc/arm-elf/4.1.1/../../../../arm-elf/lib/interwork/libc.a(s_isnan.o)
 .glue_7        0x0012c12c        0x0 /gnuarm/bin/../lib/gcc/arm-elf/4.1.1/../../../../arm-elf/lib/interwork/libc.a(sccl.o)
 .glue_7        0x0012c12c        0x0 /gnuarm/bin/../lib/gcc/arm-elf/4.1.1/../../../../arm-elf/lib/interwork/libc.a(sf_nan.o)
 .glue_7        0x0012c12c        0x0 /gnuarm/bin/../lib/gcc/arm-elf/4.1.1/../../../../arm-elf/lib/interwork/libc.a(stdio.o)
 .glue_7        0x0012c12c        0x0 /gnuarm/bin/../lib/gcc/arm-elf/4.1.1/../../../../arm-elf/lib/interwork/libc.a(strtod.o)
 .glue_7        0x0012c12c        0x0 /gnuarm/bin/../lib/gcc/arm-elf/4.1.1/../../../../arm-elf/lib/interwork/libc.a(strtol.o)
 .glue_7        0x0012c12c        0x0 /gnuarm/bin/../lib/gcc/arm-elf/4.1.1/../../../../arm-elf/lib/interwork/libc.a(strtoul.o)
 .glue_7        0x0012c12c        0x0 /gnuarm/bin/../lib/gcc/arm-elf/4.1.1/../../../../arm-elf/lib/interwork/libc.a(ungetc.o)
 .glue_7        0x0012c12c        0x0 /gnuarm/bin/../lib/gcc/arm-elf/4.1.1/../../../../arm-elf/lib/interwork/libc.a(callocr.o)
 .glue_7        0x0012c12c        0x0 /gnuarm/bin/../lib/gcc/arm-elf/4.1.1/../../../../arm-elf/lib/interwork/libc.a(fclose.o)
 .glue_7        0x0012c12c        0x0 /gnuarm/bin/../lib/gcc/arm-elf/4.1.1/../../../../arm-elf/lib/interwork/libc.a(s_nan.o)
 .glue_7        0x0012c12c        0x0 /gnuarm/bin/../lib/gcc/arm-elf/4.1.1/interwork/libgcc.a(_addsubdf3.o)
 .glue_7        0x0012c12c        0x0 /gnuarm/bin/../lib/gcc/arm-elf/4.1.1/interwork/libgcc.a(_muldivdf3.o)
 .glue_7        0x0012c12c        0x0 /gnuarm/bin/../lib/gcc/arm-elf/4.1.1/interwork/libgcc.a(_cmpdf2.o)
 .glue_7        0x0012c12c       0xa8 /gnuarm/bin/../lib/gcc/arm-elf/4.1.1/interwork/libgcc.a(_fixdfsi.o)
                0x0012c1c8                ___read_r_from_arm
                0x0012c174                __Io_SetFalse_from_arm
                0x0012c144                __xQueueSendFromISR_from_arm
                0x0012c1bc                ___write_r_from_arm
                0x0012c150                __vClearEMACTxBuffer_from_arm
                0x0012c1a4                ___close_r_from_arm
                0x0012c198                __isatty_from_arm
                0x0012c18c                ___fstat_r_from_arm
                0x0012c180                ___sbrk_r_from_arm
                0x0012c168                __Io_SetTrue_from_arm
                0x0012c138                __vTaskIncrementTick_from_arm
                0x0012c15c                __xQueueReceiveFromISR_from_arm
                0x0012c1b0                ___lseek_r_from_arm
                0x0012c12c                __vTaskSwitchContext_from_arm
 *(.glue_7t)
 .glue_7t       0x0012c1d4        0x0 ../controller/freertos/portable/GCC/ARM7_AT91SAM7S/portISR.o
 .glue_7t       0x0012c1d4        0x0 ../controller/makingthings/SAM7_EMAC_ISR.o
 .glue_7t       0x0012c1d4        0x0 ../controller/makingthings/USBIsr.o
 .glue_7t       0x0012c1d4        0x0 ../controller/startup/Cstartup_SAM7.o
 .glue_7t       0x0012c1d4        0x0 ../controller/makingthings/analogin_isr.o
 .glue_7t       0x0012c1d4        0x0 ../controller/makingthings/serial_isr.o
 .glue_7t       0x0012c1d4        0x0 ../controller/makingthings/fasttimer_isr.o
 .glue_7t       0x0012c1d4        0x0 ../controller/makingthings/timer_isr.o
 .glue_7t       0x0012c1d4        0x0 ../controller/makingthings/can_isr.o
 .glue_7t       0x0012c1d4        0x0 ../controller/freertos/tasks.o
 .glue_7t       0x0012c1d4        0x0 ../controller/freertos/queue.o
 .glue_7t       0x0012c1d4        0x0 ../controller/freertos/list.o
 .glue_7t       0x0012c1d4        0x0 ../controller/freertos/portable/GCC/ARM7_AT91SAM7S/port.o
 .glue_7t       0x0012c1d4        0x0 ../controller/startup/extras.o
 .glue_7t       0x0012c1d4        0x0 ../controller/freertos/portable/MemMang/heap_2.o
 .glue_7t       0x0012c1d4        0x0 ../controller/makingthings/main.o
 .glue_7t       0x0012c1d4        0x0 ../controller/makingthings/BasicWEB.o
 .glue_7t       0x0012c1d4        0x0 make.o
 .glue_7t       0x0012c1d4        0x0 ../controller/makingthings/eeprom.o
 .glue_7t       0x0012c1d4        0x0 ../controller/makingthings/analogin.o
 .glue_7t       0x0012c1d4        0x0 ../controller/makingthings/serial.o
 .glue_7t       0x0012c1d4        0x0 ../controller/makingthings/pwm.o
 .glue_7t       0x0012c1d4        0x0 ../controller/makingthings/spi.o
 .glue_7t       0x0012c1d4        0x0 ../controller/makingthings/USB-CDC.o
 .glue_7t       0x0012c1d4        0x0 ../controller/makingthings/rtos.o
 .glue_7t       0x0012c1d4        0x0 ../controller/makingthings/usb.o
 .glue_7t       0x0012c1d4        0x0 ../controller/makingthings/network.o
 .glue_7t       0x0012c1d4        0x0 ../controller/makingthings/system.o
 .glue_7t       0x0012c1d4        0x0 ../controller/makingthings/io.o
 .glue_7t       0x0012c1d4        0x0 ../controller/makingthings/led.o
 .glue_7t       0x0012c1d4        0x0 ../controller/makingthings/timer.o
 .glue_7t       0x0012c1d4        0x0 ../controller/makingthings/fasttimer.o
 .glue_7t       0x0012c1d4        0x0 ../controller/makingthings/debugosc.o
 .glue_7t       0x0012c1d4        0x0 ../controller/makingthings/can.o
 .glue_7t       0x0012c1d4        0x0 ../controller/lwip/src/core/tcp_out.o
 .glue_7t       0x0012c1d4        0x0 ../controller/lwip/src/core/inet.o
 .glue_7t       0x0012c1d4        0x0 ../controller/lwip/src/core/mem.o
 .glue_7t       0x0012c1d4        0x0 ../controller/lwip/src/core/memp.o
 .glue_7t       0x0012c1d4        0x0 ../controller/lwip/src/core/netif.o
 .glue_7t       0x0012c1d4        0x0 ../controller/lwip/src/core/pbuf.o
 .glue_7t       0x0012c1d4        0x0 ../controller/lwip/src/core/raw.o
 .glue_7t       0x0012c1d4        0x0 ../controller/lwip/src/core/stats.o
 .glue_7t       0x0012c1d4        0x0 ../controller/lwip/src/core/sys.o
 .glue_7t       0x0012c1d4        0x0 ../controller/lwip/src/core/tcp.o
 .glue_7t       0x0012c1d4        0x0 ../controller/lwip/src/core/tcp_in.o
 .glue_7t       0x0012c1d4        0x0 ../controller/lwip/src/core/ipv4/ip.o
 .glue_7t       0x0012c1d4        0x0 ../controller/lwip/src/core/ipv4/ip_addr.o
 .glue_7t       0x0012c1d4        0x0 ../controller/lwip/src/core/ipv4/icmp.o
 .glue_7t       0x0012c1d4        0x0 ../controller/lwip/src/api/tcpip.o
 .glue_7t       0x0012c1d4        0x0 ../controller/lwip/src/api/api_msg.o
 .glue_7t       0x0012c1d4        0x0 ../controller/lwip/src/api/err.o
 .glue_7t       0x0012c1d4        0x0 ../controller/lwip/src/api/api_lib.o
 .glue_7t       0x0012c1d4        0x0 ../controller/lwip/src/netif/etharp.o
 .glue_7t       0x0012c1d4        0x0 ../controller/lwip/contrib/port/FreeRTOS/AT91SAM7X/sys_arch.o
 .glue_7t       0x0012c1d4        0x0 ../controller/lwip/src/netif/ethernetif.o
 .glue_7t       0x0012c1d4        0x0 ../controller/makingthings/SAM7_EMAC.o
 .glue_7t       0x0012c1d4        0x0 ../controller/lwip/src/core/udp.o
 .glue_7t       0x0012c1d4        0x0 ../controller/lwip/src/core/ipv4/ip_frag.o
 .glue_7t       0x0012c1d4        0x0 ../controller/makingthings/osc.o
 .glue_7t       0x0012c1d4        0x0 ../controller/makingthings/osc_patternmatch.o
 .glue_7t       0x0012c1d4        0x0 /cygdrive/c/DOCUME~1/Phucker/LOCALS~1/Temp/cclBnpBH.o
 .glue_7t       0x0012c1d4        0x0 /gnuarm/bin/../lib/gcc/arm-elf/4.1.1/interwork/libgcc.a(_udivsi3.o)
 .glue_7t       0x0012c1d4        0x0 /gnuarm/bin/../lib/gcc/arm-elf/4.1.1/interwork/libgcc.a(_divsi3.o)
 .glue_7t       0x0012c1d4        0x0 /gnuarm/bin/../lib/gcc/arm-elf/4.1.1/interwork/libgcc.a(_umodsi3.o)
 .glue_7t       0x0012c1d4        0x0 /gnuarm/bin/../lib/gcc/arm-elf/4.1.1/interwork/libgcc.a(_modsi3.o)
 .glue_7t       0x0012c1d4        0x0 /gnuarm/bin/../lib/gcc/arm-elf/4.1.1/interwork/libgcc.a(_dvmd_tls.o)
 .glue_7t       0x0012c1d4        0x0 /gnuarm/bin/../lib/gcc/arm-elf/4.1.1/interwork/libgcc.a(_truncdfsf2.o)
 .glue_7t       0x0012c1d4        0x0 /gnuarm/bin/../lib/gcc/arm-elf/4.1.1/interwork/libgcc.a(_addsubsf3.o)
 .glue_7t       0x0012c1d4        0x0 /gnuarm/bin/../lib/gcc/arm-elf/4.1.1/interwork/libgcc.a(_fixsfsi.o)
 .glue_7t       0x0012c1d4        0x0 /gnuarm/bin/../lib/gcc/arm-elf/4.1.1/../../../../arm-elf/lib/interwork/libc.a(ctype_.o)
 .glue_7t       0x0012c1d4        0x0 /gnuarm/bin/../lib/gcc/arm-elf/4.1.1/../../../../arm-elf/lib/interwork/libc.a(memcpy.o)
 .glue_7t       0x0012c1d4        0x0 /gnuarm/bin/../lib/gcc/arm-elf/4.1.1/../../../../arm-elf/lib/interwork/libc.a(memset.o)
 .glue_7t       0x0012c1d4        0x0 /gnuarm/bin/../lib/gcc/arm-elf/4.1.1/../../../../arm-elf/lib/interwork/libc.a(snprintf.o)
 .glue_7t       0x0012c1d4        0x0 /gnuarm/bin/../lib/gcc/arm-elf/4.1.1/../../../../arm-elf/lib/interwork/libc.a(sprintf.o)
 .glue_7t       0x0012c1d4        0x0 /gnuarm/bin/../lib/gcc/arm-elf/4.1.1/../../../../arm-elf/lib/interwork/libc.a(sscanf.o)
 .glue_7t       0x0012c1d4        0x0 /gnuarm/bin/../lib/gcc/arm-elf/4.1.1/../../../../arm-elf/lib/interwork/libc.a(strcat.o)
 .glue_7t       0x0012c1d4        0x0 /gnuarm/bin/../lib/gcc/arm-elf/4.1.1/../../../../arm-elf/lib/interwork/libc.a(strchr.o)
 .glue_7t       0x0012c1d4        0x0 /gnuarm/bin/../lib/gcc/arm-elf/4.1.1/../../../../arm-elf/lib/interwork/libc.a(strcmp.o)
 .glue_7t       0x0012c1d4        0x0 /gnuarm/bin/../lib/gcc/arm-elf/4.1.1/../../../../arm-elf/lib/interwork/libc.a(strcpy.o)
 .glue_7t       0x0012c1d4        0x0 /gnuarm/bin/../lib/gcc/arm-elf/4.1.1/../../../../arm-elf/lib/interwork/libc.a(strlen.o)
 .glue_7t       0x0012c1d4        0x0 /gnuarm/bin/../lib/gcc/arm-elf/4.1.1/../../../../arm-elf/lib/interwork/libc.a(strncmp.o)
 .glue_7t       0x0012c1d4        0x0 /gnuarm/bin/../lib/gcc/arm-elf/4.1.1/../../../../arm-elf/lib/interwork/libc.a(strncpy.o)
 .glue_7t       0x0012c1d4        0x0 /gnuarm/bin/../lib/gcc/arm-elf/4.1.1/../../../../arm-elf/lib/interwork/libc.a(vfprintf.o)
 .glue_7t       0x0012c1d4        0x0 /gnuarm/bin/../lib/gcc/arm-elf/4.1.1/../../../../arm-elf/lib/interwork/libc.a(vfscanf.o)
 .glue_7t       0x0012c1d4        0x0 /gnuarm/bin/../lib/gcc/arm-elf/4.1.1/../../../../arm-elf/lib/interwork/libc.a(vsnprintf.o)
 .glue_7t       0x0012c1d4        0x0 /gnuarm/bin/../lib/gcc/arm-elf/4.1.1/../../../../arm-elf/lib/interwork/libc.a(wcrtomb.o)
 .glue_7t       0x0012c1d4        0x0 /gnuarm/bin/../lib/gcc/arm-elf/4.1.1/../../../../arm-elf/lib/interwork/libc.a(wcsrtombs.o)
 .glue_7t       0x0012c1d4        0x0 /gnuarm/bin/../lib/gcc/arm-elf/4.1.1/../../../../arm-elf/lib/interwork/libc.a(wctomb_r.o)
 .glue_7t       0x0012c1d4        0x0 /gnuarm/bin/../lib/gcc/arm-elf/4.1.1/../../../../arm-elf/lib/interwork/libc.a(wsetup.o)
 .glue_7t       0x0012c1d4        0x0 /gnuarm/bin/../lib/gcc/arm-elf/4.1.1/../../../../arm-elf/lib/interwork/libc.a(dtoa.o)
 .glue_7t       0x0012c1d4        0x0 /gnuarm/bin/../lib/gcc/arm-elf/4.1.1/../../../../arm-elf/lib/interwork/libc.a(fflush.o)
 .glue_7t       0x0012c1d4        0x0 /gnuarm/bin/../lib/gcc/arm-elf/4.1.1/../../../../arm-elf/lib/interwork/libc.a(findfp.o)
 .glue_7t       0x0012c1d4        0x0 /gnuarm/bin/../lib/gcc/arm-elf/4.1.1/../../../../arm-elf/lib/interwork/libc.a(fread.o)
 .glue_7t       0x0012c1d4        0x0 /gnuarm/bin/../lib/gcc/arm-elf/4.1.1/../../../../arm-elf/lib/interwork/libc.a(freer.o)
 .glue_7t       0x0012c1d4        0x0 /gnuarm/bin/../lib/gcc/arm-elf/4.1.1/../../../../arm-elf/lib/interwork/libc.a(fvwrite.o)
 .glue_7t       0x0012c1d4        0x0 /gnuarm/bin/../lib/gcc/arm-elf/4.1.1/../../../../arm-elf/lib/interwork/libc.a(fwalk.o)
 .glue_7t       0x0012c1d4        0x0 /gnuarm/bin/../lib/gcc/arm-elf/4.1.1/../../../../arm-elf/lib/interwork/libc.a(impure.o)
 .glue_7t       0x0012c1d4        0x0 /gnuarm/bin/../lib/gcc/arm-elf/4.1.1/../../../../arm-elf/lib/interwork/libc.a(iswspace.o)
 .glue_7t       0x0012c1d4        0x0 /gnuarm/bin/../lib/gcc/arm-elf/4.1.1/../../../../arm-elf/lib/interwork/libc.a(locale.o)
 .glue_7t       0x0012c1d4        0x0 /gnuarm/bin/../lib/gcc/arm-elf/4.1.1/../../../../arm-elf/lib/interwork/libc.a(makebuf.o)
 .glue_7t       0x0012c1d4        0x0 /gnuarm/bin/../lib/gcc/arm-elf/4.1.1/../../../../arm-elf/lib/interwork/libc.a(mallocr.o)
 .glue_7t       0x0012c1d4        0x0 /gnuarm/bin/../lib/gcc/arm-elf/4.1.1/../../../../arm-elf/lib/interwork/libc.a(mbrtowc.o)
 .glue_7t       0x0012c1d4        0x0 /gnuarm/bin/../lib/gcc/arm-elf/4.1.1/../../../../arm-elf/lib/interwork/libc.a(mbtowc_r.o)
 .glue_7t       0x0012c1d4        0x0 /gnuarm/bin/../lib/gcc/arm-elf/4.1.1/../../../../arm-elf/lib/interwork/libc.a(memchr.o)
 .glue_7t       0x0012c1d4        0x0 /gnuarm/bin/../lib/gcc/arm-elf/4.1.1/../../../../arm-elf/lib/interwork/libc.a(memmove.o)
 .glue_7t       0x0012c1d4        0x0 /gnuarm/bin/../lib/gcc/arm-elf/4.1.1/../../../../arm-elf/lib/interwork/libc.a(mlock.o)
 .glue_7t       0x0012c1d4        0x0 /gnuarm/bin/../lib/gcc/arm-elf/4.1.1/../../../../arm-elf/lib/interwork/libc.a(mprec.o)
 .glue_7t       0x0012c1d4        0x0 /gnuarm/bin/../lib/gcc/arm-elf/4.1.1/../../../../arm-elf/lib/interwork/libc.a(reallocr.o)
 .glue_7t       0x0012c1d4        0x0 /gnuarm/bin/../lib/gcc/arm-elf/4.1.1/../../../../arm-elf/lib/interwork/libc.a(refill.o)
 .glue_7t       0x0012c1d4        0x0 /gnuarm/bin/../lib/gcc/arm-elf/4.1.1/../../../../arm-elf/lib/interwork/libc.a(s_isinf.o)
 .glue_7t       0x0012c1d4        0x0 /gnuarm/bin/../lib/gcc/arm-elf/4.1.1/../../../../arm-elf/lib/interwork/libc.a(s_isnan.o)
 .glue_7t       0x0012c1d4        0x0 /gnuarm/bin/../lib/gcc/arm-elf/4.1.1/../../../../arm-elf/lib/interwork/libc.a(sccl.o)
 .glue_7t       0x0012c1d4        0x0 /gnuarm/bin/../lib/gcc/arm-elf/4.1.1/../../../../arm-elf/lib/interwork/libc.a(sf_nan.o)
 .glue_7t       0x0012c1d4        0x0 /gnuarm/bin/../lib/gcc/arm-elf/4.1.1/../../../../arm-elf/lib/interwork/libc.a(stdio.o)
 .glue_7t       0x0012c1d4        0x0 /gnuarm/bin/../lib/gcc/arm-elf/4.1.1/../../../../arm-elf/lib/interwork/libc.a(strtod.o)
 .glue_7t       0x0012c1d4        0x0 /gnuarm/bin/../lib/gcc/arm-elf/4.1.1/../../../../arm-elf/lib/interwork/libc.a(strtol.o)
 .glue_7t       0x0012c1d4        0x0 /gnuarm/bin/../lib/gcc/arm-elf/4.1.1/../../../../arm-elf/lib/interwork/libc.a(strtoul.o)
 .glue_7t       0x0012c1d4        0x0 /gnuarm/bin/../lib/gcc/arm-elf/4.1.1/../../../../arm-elf/lib/interwork/libc.a(ungetc.o)
 .glue_7t       0x0012c1d4        0x0 /gnuarm/bin/../lib/gcc/arm-elf/4.1.1/../../../../arm-elf/lib/interwork/libc.a(callocr.o)
 .glue_7t       0x0012c1d4        0x0 /gnuarm/bin/../lib/gcc/arm-elf/4.1.1/../../../../arm-elf/lib/interwork/libc.a(fclose.o)
 .glue_7t       0x0012c1d4        0x0 /gnuarm/bin/../lib/gcc/arm-elf/4.1.1/../../../../arm-elf/lib/interwork/libc.a(s_nan.o)
 .glue_7t       0x0012c1d4        0x0 /gnuarm/bin/../lib/gcc/arm-elf/4.1.1/interwork/libgcc.a(_addsubdf3.o)
 .glue_7t       0x0012c1d4        0x0 /gnuarm/bin/../lib/gcc/arm-elf/4.1.1/interwork/libgcc.a(_muldivdf3.o)
 .glue_7t       0x0012c1d4        0x0 /gnuarm/bin/../lib/gcc/arm-elf/4.1.1/interwork/libgcc.a(_cmpdf2.o)
 .glue_7t       0x0012c1d4       0xc8 /gnuarm/bin/../lib/gcc/arm-elf/4.1.1/interwork/libgcc.a(_fixdfsi.o)
                0x0012c298                __strcpy_change_to_arm
                0x0012c1d8                __vPortEnterCritical_change_to_arm
                0x0012c204                __memset_from_thumb
                0x0012c240                ____modsi3_change_to_arm
                0x0012c244                __sscanf_from_thumb
                0x0012c270                __strcmp_change_to_arm
                0x0012c208                __memset_change_to_arm
                0x0012c280                ____fixsfsi_change_to_arm
                0x0012c1fc                __strncpy_from_thumb
                0x0012c27c                ____fixsfsi_from_thumb
                0x0012c1e0                __vPortExitCritical_change_to_arm
                0x0012c284                ____floatsisf_from_thumb
                0x0012c1f0                __strlen_change_to_arm
                0x0012c278                __strchr_change_to_arm
                0x0012c1f4                __memcpy_from_thumb
                0x0012c21c                __vPortISRStartFirstTask_from_thumb
                0x0012c228                __strncmp_change_to_arm
                0x0012c258                ____umodsi3_change_to_arm
                0x0012c20c                __sprintf_from_thumb
                0x0012c1e4                __vPortDisableInterruptsFromThumb_from_thumb
                0x0012c294                __strcpy_from_thumb
                0x0012c23c                ____modsi3_from_thumb
                0x0012c1dc                __vPortExitCritical_from_thumb
                0x0012c260                ____udivsi3_change_to_arm
                0x0012c274                __strchr_from_thumb
                0x0012c28c                ____truncdfsf2_from_thumb
                0x0012c214                __strcat_from_thumb
                0x0012c268                __vPassEMACSemaphore_change_to_arm
                0x0012c250                __vsnprintf_change_to_arm
                0x0012c254                ____umodsi3_from_thumb
                0x0012c234                ____divsi3_from_thumb
                0x0012c290                ____truncdfsf2_change_to_arm
                0x0012c230                __snprintf_change_to_arm
                0x0012c264                __vPassEMACSemaphore_from_thumb
                0x0012c1d4                __vPortEnterCritical_from_thumb
                0x0012c288                ____floatsisf_change_to_arm
                0x0012c25c                ____udivsi3_from_thumb
                0x0012c220                __vPortISRStartFirstTask_change_to_arm
                0x0012c210                __sprintf_change_to_arm
                0x0012c1e8                __vPortDisableInterruptsFromThumb_change_to_arm
                0x0012c218                __strcat_change_to_arm
                0x0012c1ec                __strlen_from_thumb
                0x0012c22c                __snprintf_from_thumb
                0x0012c248                __sscanf_change_to_arm
                0x0012c1f8                __memcpy_change_to_arm
                0x0012c26c                __strcmp_from_thumb
                0x0012c200                __strncpy_change_to_arm
                0x0012c224                __strncmp_from_thumb
                0x0012c238                ____divsi3_change_to_arm
                0x0012c24c                __vsnprintf_from_thumb
                0x0012c29c                __end_of_text__ = .

.data           0x00200000      0x960 load address 0x0012c29c
                0x00200000                __data_beg__ = .
                0x0012c29c                __data_beg_src__ = __end_of_text__
 *(.data)
 .data          0x00200000        0x4 ../controller/freertos/portable/GCC/ARM7_AT91SAM7S/portISR.o
                0x00200000                ulCriticalNesting
 .data          0x00200004        0x0 ../controller/makingthings/SAM7_EMAC_ISR.o
 .data          0x00200004        0x0 ../controller/makingthings/USBIsr.o
 .data          0x00200004        0x0 ../controller/startup/Cstartup_SAM7.o
 .data          0x00200004        0x0 ../controller/makingthings/analogin_isr.o
 .data          0x00200004        0x0 ../controller/makingthings/serial_isr.o
 .data          0x00200004        0x0 ../controller/makingthings/fasttimer_isr.o
 .data          0x00200004        0x0 ../controller/makingthings/timer_isr.o
 .data          0x00200004        0x0 ../controller/makingthings/can_isr.o
 .data          0x00200004        0x4 ../controller/freertos/tasks.o
 .data          0x00200008        0x0 ../controller/freertos/queue.o
 .data          0x00200008        0x0 ../controller/freertos/list.o
 .data          0x00200008        0x0 ../controller/freertos/portable/GCC/ARM7_AT91SAM7S/port.o
 .data          0x00200008        0x0 ../controller/startup/extras.o
 .data          0x00200008        0x0 ../controller/freertos/portable/MemMang/heap_2.o
 .data          0x00200008        0x0 ../controller/makingthings/main.o
 .data          0x00200008        0x0 ../controller/makingthings/BasicWEB.o
 .data          0x00200008        0x0 make.o
 .data          0x00200008        0x0 ../controller/makingthings/eeprom.o
 .data          0x00200008       0x10 ../controller/makingthings/analogin.o
 .data          0x00200018       0x30 ../controller/makingthings/serial.o
 .data          0x00200048        0x0 ../controller/makingthings/pwm.o
 .data          0x00200048        0x0 ../controller/makingthings/spi.o
 .data          0x00200048        0x0 ../controller/makingthings/USB-CDC.o
 .data          0x00200048        0x0 ../controller/makingthings/rtos.o
 .data          0x00200048        0xc ../controller/makingthings/usb.o
 .data          0x00200054       0x24 ../controller/makingthings/network.o
                0x00200057                emacETHADDR3
                0x00200056                emacETHADDR2
                0x00200054                emacETHADDR0
                0x00200055                emacETHADDR1
 .data          0x00200078       0x24 ../controller/makingthings/system.o
 .data          0x0020009c       0x30 ../controller/makingthings/io.o
 .data          0x002000cc       0x10 ../controller/makingthings/led.o
 .data          0x002000dc        0x0 ../controller/makingthings/timer.o
 .data          0x002000dc        0x0 ../controller/makingthings/fasttimer.o
 .data          0x002000dc       0x18 ../controller/makingthings/debugosc.o
 .data          0x002000f4       0x10 ../controller/makingthings/can.o
 .data          0x00200104        0x0 ../controller/lwip/src/core/tcp_out.o
 .data          0x00200104        0x0 ../controller/lwip/src/core/inet.o
 .data          0x00200104        0x0 ../controller/lwip/src/core/mem.o
 .data          0x00200104        0x0 ../controller/lwip/src/core/memp.o
 .data          0x00200104        0x0 ../controller/lwip/src/core/netif.o
 .data          0x00200104        0x0 ../controller/lwip/src/core/pbuf.o
 .data          0x00200104        0x0 ../controller/lwip/src/core/raw.o
 .data          0x00200104        0x0 ../controller/lwip/src/core/stats.o
 .data          0x00200104        0x0 ../controller/lwip/src/core/sys.o
 .data          0x00200104        0x8 ../controller/lwip/src/core/tcp.o
 .data          0x0020010c        0x0 ../controller/lwip/src/core/tcp_in.o
 .data          0x0020010c        0x0 ../controller/lwip/src/core/ipv4/ip.o
 .data          0x0020010c        0x0 ../controller/lwip/src/core/ipv4/ip_addr.o
 .data          0x0020010c        0x0 ../controller/lwip/src/core/ipv4/icmp.o
 .data          0x0020010c        0x0 ../controller/lwip/src/api/tcpip.o
 .data          0x0020010c       0x2c ../controller/lwip/src/api/api_msg.o
 .data          0x00200138        0x0 ../controller/lwip/src/api/err.o
 .data          0x00200138        0x0 ../controller/lwip/src/api/api_lib.o
 .data          0x00200138        0x0 ../controller/lwip/src/netif/etharp.o
 .data          0x00200138        0x0 ../controller/lwip/contrib/port/FreeRTOS/AT91SAM7X/sys_arch.o
 .data          0x00200138        0x0 ../controller/lwip/src/netif/ethernetif.o
 .data          0x00200138        0x0 ../controller/makingthings/SAM7_EMAC.o
 .data          0x00200138        0x0 ../controller/lwip/src/core/udp.o
 .data          0x00200138        0x0 ../controller/lwip/src/core/ipv4/ip_frag.o
 .data          0x00200138        0x0 ../controller/makingthings/osc.o
 .data          0x00200138        0x0 ../controller/makingthings/osc_patternmatch.o
 .data          0x00200138        0x0 /cygdrive/c/DOCUME~1/Phucker/LOCALS~1/Temp/cclBnpBH.o
 .data          0x00200138        0x0 /gnuarm/bin/../lib/gcc/arm-elf/4.1.1/interwork/libgcc.a(_udivsi3.o)
 .data          0x00200138        0x0 /gnuarm/bin/../lib/gcc/arm-elf/4.1.1/interwork/libgcc.a(_divsi3.o)
 .data          0x00200138        0x0 /gnuarm/bin/../lib/gcc/arm-elf/4.1.1/interwork/libgcc.a(_umodsi3.o)
 .data          0x00200138        0x0 /gnuarm/bin/../lib/gcc/arm-elf/4.1.1/interwork/libgcc.a(_modsi3.o)
 .data          0x00200138        0x0 /gnuarm/bin/../lib/gcc/arm-elf/4.1.1/interwork/libgcc.a(_dvmd_tls.o)
 .data          0x00200138        0x0 /gnuarm/bin/../lib/gcc/arm-elf/4.1.1/interwork/libgcc.a(_truncdfsf2.o)
 .data          0x00200138        0x0 /gnuarm/bin/../lib/gcc/arm-elf/4.1.1/interwork/libgcc.a(_addsubsf3.o)
 .data          0x00200138        0x0 /gnuarm/bin/../lib/gcc/arm-elf/4.1.1/interwork/libgcc.a(_fixsfsi.o)
 .data          0x00200138        0x4 /gnuarm/bin/../lib/gcc/arm-elf/4.1.1/../../../../arm-elf/lib/interwork/libc.a(ctype_.o)
                0x00200138                __ctype_ptr
 .data          0x0020013c        0x0 /gnuarm/bin/../lib/gcc/arm-elf/4.1.1/../../../../arm-elf/lib/interwork/libc.a(memcpy.o)
 .data          0x0020013c        0x0 /gnuarm/bin/../lib/gcc/arm-elf/4.1.1/../../../../arm-elf/lib/interwork/libc.a(memset.o)
 .data          0x0020013c        0x0 /gnuarm/bin/../lib/gcc/arm-elf/4.1.1/../../../../arm-elf/lib/interwork/libc.a(snprintf.o)
 .data          0x0020013c        0x0 /gnuarm/bin/../lib/gcc/arm-elf/4.1.1/../../../../arm-elf/lib/interwork/libc.a(sprintf.o)
 .data          0x0020013c        0x0 /gnuarm/bin/../lib/gcc/arm-elf/4.1.1/../../../../arm-elf/lib/interwork/libc.a(sscanf.o)
 .data          0x0020013c        0x0 /gnuarm/bin/../lib/gcc/arm-elf/4.1.1/../../../../arm-elf/lib/interwork/libc.a(strcat.o)
 .data          0x0020013c        0x0 /gnuarm/bin/../lib/gcc/arm-elf/4.1.1/../../../../arm-elf/lib/interwork/libc.a(strchr.o)
 .data          0x0020013c        0x0 /gnuarm/bin/../lib/gcc/arm-elf/4.1.1/../../../../arm-elf/lib/interwork/libc.a(strcmp.o)
 .data          0x0020013c        0x0 /gnuarm/bin/../lib/gcc/arm-elf/4.1.1/../../../../arm-elf/lib/interwork/libc.a(strcpy.o)
 .data          0x0020013c        0x0 /gnuarm/bin/../lib/gcc/arm-elf/4.1.1/../../../../arm-elf/lib/interwork/libc.a(strlen.o)