Archive member included because of file (symbol)

/gnuarm/bin/../lib/gcc/arm-elf/4.1.1/interwork/libgcc.a(_udivsi3.o)
                              ../controller/lwip/src/core/inet.o (__udivsi3)
/gnuarm/bin/../lib/gcc/arm-elf/4.1.1/interwork/libgcc.a(_divsi3.o)
                              5th_make.o (__divsi3)
/gnuarm/bin/../lib/gcc/arm-elf/4.1.1/interwork/libgcc.a(_umodsi3.o)
                              ../controller/lwip/src/core/inet.o (__umodsi3)
/gnuarm/bin/../lib/gcc/arm-elf/4.1.1/interwork/libgcc.a(_modsi3.o)
                              5th_make.o (__modsi3)
/gnuarm/bin/../lib/gcc/arm-elf/4.1.1/interwork/libgcc.a(_dvmd_tls.o)
                              /gnuarm/bin/../lib/gcc/arm-elf/4.1.1/interwork/libgcc.a(_udivsi3.o) (__div0)
/gnuarm/bin/../lib/gcc/arm-elf/4.1.1/interwork/libgcc.a(_addsubdf3.o)
                              ../controller/makingthings/poly.o (__floatsidf)
/gnuarm/bin/../lib/gcc/arm-elf/4.1.1/interwork/libgcc.a(_muldivdf3.o)
                              ../controller/makingthings/poly.o (__divdf3)
/gnuarm/bin/../lib/gcc/arm-elf/4.1.1/interwork/libgcc.a(_truncdfsf2.o)
                              ../controller/makingthings/poly.o (__truncdfsf2)
/gnuarm/bin/../lib/gcc/arm-elf/4.1.1/interwork/libgcc.a(_addsubsf3.o)
                              ../controller/makingthings/poly.o (__subsf3)
/gnuarm/bin/../lib/gcc/arm-elf/4.1.1/interwork/libgcc.a(_muldivsf3.o)
                              ../controller/makingthings/poly.o (__mulsf3)
/gnuarm/bin/../lib/gcc/arm-elf/4.1.1/interwork/libgcc.a(_cmpsf2.o)
                              ../controller/makingthings/poly.o (__gtsf2)
/gnuarm/bin/../lib/gcc/arm-elf/4.1.1/interwork/libgcc.a(_fixsfsi.o)
                              ../controller/makingthings/poly.o (__fixsfsi)
/gnuarm/bin/../lib/gcc/arm-elf/4.1.1/../../../../arm-elf/lib/interwork/libc.a(ctype_.o)
                              ../controller/makingthings/osc.o (__ctype_ptr)
/gnuarm/bin/../lib/gcc/arm-elf/4.1.1/../../../../arm-elf/lib/interwork/libc.a(memcpy.o)
                              ../controller/freertos/tasks.o (memcpy)
/gnuarm/bin/../lib/gcc/arm-elf/4.1.1/../../../../arm-elf/lib/interwork/libc.a(memset.o)
                              ../controller/freertos/tasks.o (memset)
/gnuarm/bin/../lib/gcc/arm-elf/4.1.1/../../../../arm-elf/lib/interwork/libc.a(snprintf.o)
                              ../controller/makingthings/BasicWEB.o (snprintf)
/gnuarm/bin/../lib/gcc/arm-elf/4.1.1/../../../../arm-elf/lib/interwork/libc.a(sprintf.o)
                              ../controller/freertos/tasks.o (sprintf)
/gnuarm/bin/../lib/gcc/arm-elf/4.1.1/../../../../arm-elf/lib/interwork/libc.a(sscanf.o)
                              ../controller/makingthings/network.o (sscanf)
/gnuarm/bin/../lib/gcc/arm-elf/4.1.1/../../../../arm-elf/lib/interwork/libc.a(strcat.o)
                              ../controller/freertos/tasks.o (strcat)
/gnuarm/bin/../lib/gcc/arm-elf/4.1.1/../../../../arm-elf/lib/interwork/libc.a(strchr.o)
                              ../controller/makingthings/osc.o (strchr)
/gnuarm/bin/../lib/gcc/arm-elf/4.1.1/../../../../arm-elf/lib/interwork/libc.a(strcmp.o)
                              ../controller/makingthings/osc.o (strcmp)
/gnuarm/bin/../lib/gcc/arm-elf/4.1.1/../../../../arm-elf/lib/interwork/libc.a(strcpy.o)
                              ../controller/makingthings/osc.o (strcpy)
/gnuarm/bin/../lib/gcc/arm-elf/4.1.1/../../../../arm-elf/lib/interwork/libc.a(strlen.o)
                              ../controller/freertos/tasks.o (strlen)
/gnuarm/bin/../lib/gcc/arm-elf/4.1.1/../../../../arm-elf/lib/interwork/libc.a(strncmp.o)
                              ../controller/makingthings/BasicWEB.o (strncmp)
/gnuarm/bin/../lib/gcc/arm-elf/4.1.1/../../../../arm-elf/lib/interwork/libc.a(strncpy.o)
                              ../controller/freertos/tasks.o (strncpy)
/gnuarm/bin/../lib/gcc/arm-elf/4.1.1/../../../../arm-elf/lib/interwork/libc.a(vfprintf.o)
                              /gnuarm/bin/../lib/gcc/arm-elf/4.1.1/../../../../arm-elf/lib/interwork/libc.a(snprintf.o) (_vfprintf_r)
/gnuarm/bin/../lib/gcc/arm-elf/4.1.1/../../../../arm-elf/lib/interwork/libc.a(vfscanf.o)
                              /gnuarm/bin/../lib/gcc/arm-elf/4.1.1/../../../../arm-elf/lib/interwork/libc.a(sscanf.o) (__svfscanf_r)
/gnuarm/bin/../lib/gcc/arm-elf/4.1.1/../../../../arm-elf/lib/interwork/libc.a(vsnprintf.o)
                              ../controller/makingthings/debugosc.o (vsnprintf)
/gnuarm/bin/../lib/gcc/arm-elf/4.1.1/../../../../arm-elf/lib/interwork/libc.a(wcrtomb.o)
                              /gnuarm/bin/../lib/gcc/arm-elf/4.1.1/../../../../arm-elf/lib/interwork/libc.a(vfprintf.o) (_wcrtomb_r)
/gnuarm/bin/../lib/gcc/arm-elf/4.1.1/../../../../arm-elf/lib/interwork/libc.a(wcsrtombs.o)
                              /gnuarm/bin/../lib/gcc/arm-elf/4.1.1/../../../../arm-elf/lib/interwork/libc.a(vfprintf.o) (_wcsrtombs_r)
[...]
Memory Configuration

Name             Origin             Length             Attributes
flash            0x00100000         0x00040000
ram              0x00200000         0x0000fa24
*default*        0x00000000         0xffffffff

Linker script and memory map

LOAD ../controller/freertos/portable/GCC/ARM7_AT91SAM7S/portISR.o
LOAD ../controller/makingthings/SAM7_EMAC_ISR.o
LOAD ../controller/makingthings/USBIsr.o
LOAD ../controller/startup/Cstartup_SAM7.o
LOAD ../controller/makingthings/analogin_isr.o
LOAD ../controller/makingthings/fasttimer_isr.o
LOAD ../controller/makingthings/serial_isr.o
LOAD ../controller/makingthings/timer_isr.o
LOAD ../controller/makingthings/can_isr.o
LOAD ../controller/freertos/tasks.o
LOAD ../controller/freertos/queue.o
LOAD ../controller/freertos/list.o
LOAD ../controller/freertos/portable/GCC/ARM7_AT91SAM7S/port.o
LOAD ../controller/startup/extras.o
LOAD ../controller/freertos/portable/MemMang/heap_2.o
LOAD ../controller/makingthings/main.o
LOAD ../controller/makingthings/BasicWEB.o
LOAD 5th_make.o
LOAD ../controller/makingthings/eeprom.o
LOAD ../controller/makingthings/analogin.o
LOAD ../controller/makingthings/serial.o
LOAD ../controller/makingthings/pwm.o
LOAD ../controller/makingthings/spi.o
LOAD ../controller/makingthings/USB-CDC.o
LOAD ../controller/makingthings/rtos.o
LOAD ../controller/makingthings/usb.o
LOAD ../controller/makingthings/network.o
LOAD ../controller/makingthings/system.o
LOAD ../controller/makingthings/poly.o
LOAD ../appboard/makingthings/servo.o
LOAD ../appboard/makingthings/stepper.o
LOAD ../appboard/makingthings/dipswitch.o
LOAD ../appboard/makingthings/motor.o
LOAD ../appboard/makingthings/appboard.o
LOAD ../appboard/makingthings/appled.o
LOAD ../appboard/makingthings/pwmout.o
LOAD ../appboard/makingthings/digitalin.o
LOAD ../appboard/makingthings/digitalout.o
LOAD ../controller/makingthings/io.o
LOAD ../controller/makingthings/led.o
LOAD ../controller/makingthings/timer.o
LOAD ../controller/makingthings/fasttimer.o
LOAD ../controller/makingthings/debugosc.o
LOAD ../controller/makingthings/can.o
LOAD ../controller/lwip/src/core/tcp_out.o
LOAD ../controller/lwip/src/core/inet.o
LOAD ../controller/lwip/src/core/mem.o
LOAD ../controller/lwip/src/core/memp.o
LOAD ../controller/lwip/src/core/netif.o
LOAD ../controller/lwip/src/core/pbuf.o
LOAD ../controller/lwip/src/core/raw.o
LOAD ../controller/lwip/src/core/stats.o
LOAD ../controller/lwip/src/core/sys.o
LOAD ../controller/lwip/src/core/tcp.o
LOAD ../controller/lwip/src/core/tcp_in.o
LOAD ../controller/lwip/src/core/ipv4/ip.o
LOAD ../controller/lwip/src/core/ipv4/ip_addr.o
LOAD ../controller/lwip/src/core/ipv4/icmp.o
LOAD ../controller/lwip/src/api/tcpip.o
LOAD ../controller/lwip/src/api/api_msg.o
LOAD ../controller/lwip/src/api/err.o
LOAD ../controller/lwip/src/api/api_lib.o
LOAD ../controller/lwip/src/netif/etharp.o
LOAD ../controller/lwip/contrib/port/FreeRTOS/AT91SAM7X/sys_arch.o
LOAD ../controller/lwip/src/netif/ethernetif.o
LOAD ../controller/makingthings/SAM7_EMAC.o
LOAD ../controller/lwip/src/core/udp.o
LOAD ../controller/lwip/src/core/ipv4/ip_frag.o
LOAD ../controller/makingthings/osc.o
LOAD ../controller/makingthings/osc_patternmatch.o
LOAD /cygdrive/c/DOCUME~1/Phucker/LOCALS~1/Temp/cclaBo7i.o
START GROUP
LOAD /gnuarm/bin/../lib/gcc/arm-elf/4.1.1/interwork/libgcc.a
LOAD /gnuarm/bin/../lib/gcc/arm-elf/4.1.1/../../../../arm-elf/lib/interwork/libc.a
END GROUP
                0x0020fffc                __stack_end__ = 0x20fffc
                0x00000000                . = 0x0

startup         0x00100000       0x44
 *(.startup)
 .startup       0x00100000       0x44 /cygdrive/c/DOCUME~1/Phucker/LOCALS~1/Temp/cclaBo7i.o

prog            0x00100044    0x34a90
 *(.text)
 .text          0x00100044      0x2b0 ../controller/freertos/portable/GCC/ARM7_AT91SAM7S/portISR.o
                0x00100150                vPreemptiveTick
                0x00100288                vPortExitCritical
                0x00100214                vPortDisableInterruptsFromThumb
                0x001000a4                swi_handler
                0x00100044                vPortISRStartFirstTask
                0x0010022c                vPortEnableInterruptsFromThumb
                0x00100244                vPortEnterCritical
 .text          0x001002f4      0x1a0 ../controller/makingthings/SAM7_EMAC_ISR.o
                0x0010045c                vPassEMACSemaphore
                0x001002f4                vEMACISR
 .text          0x00100494      0x378 ../controller/makingthings/USBIsr.o
                0x00100494                vUSB_ISR
 .text          0x0010080c       0xdc ../controller/startup/Cstartup_SAM7.o
                0x0010080c                AT91F_LowLevelInit
 .text          0x001008e8      0x12c ../controller/makingthings/analogin_isr.o
                0x001008e8                AnalogInIsr
 .text          0x00100a14      0x3ac ../controller/makingthings/fasttimer_isr.o
                0x00100a14                DisableFIQFromThumb
                0x00100a44                EnableFIQFromThumb
                0x00100a74                FastTimer_Isr
 .text          0x00100dc0      0x1d0 ../controller/makingthings/serial_isr.o
                0x00100dc0                Serial_Isr
 .text          0x00100f90      0x36c ../controller/makingthings/timer_isr.o
                0x00100f90                Timer_Isr
 .text          0x001012fc       0xd8 ../controller/makingthings/can_isr.o
                0x001012fc                CanIsr
 .text          0x001013d4     0x15ac ../controller/freertos/tasks.o
                0x00101860                uxTaskPriorityGet
                0x0010165c                TaskGetTimeouts
                0x001018b4                vTaskPrioritySet
                0x00101cac                vTaskEndScheduler
                0x001022b0                vTaskPlaceOnEventList
                0x00101b54                xTaskResumeFromISR
                0x00101ff8                ulTaskEndTrace
                0x00101e28                xTaskGetTickCount
                0x00102348                xTaskRemoveFromEventList
                0x00101fa0                vTaskStartTrace
                0x001015a8                vTaskDelete
                0x00102470                xTaskCheckForTimeOut
                0x00101ccc                vTaskSuspendAll
                0x00101aa0                vTaskResume
                0x00102138                vTaskSwitchContext
                0x00101a08                vTaskSuspend
                0x00101e54                uxTaskGetNumberOfTasks
                0x00102038                vTaskIncrementTick
                0x00101e80                vTaskList
                0x0010169c                vTaskDelayUntil
                0x00102954                xTaskGetCurrentTaskHandle
                0x001028dc                usTaskCheckFreeStackSpace
                0x00101cf0                xTaskResumeAll
                0x00101c4c                vTaskStartScheduler
                0x0010250c                vTaskMissedYield
                0x001013d4                xTaskCreate
                0x001017b8                vTaskDelay
                0x00102440                vTaskSetTimeOutState
 .text          0x00102980      0x878 ../controller/freertos/queue.o
                0x00102c98                xQueueSendFromISR
                0x00102980                xQueueCreate
                0x00102d94                xQueueReceive
                0x00102abc                xQueueSend
                0x0010309c                vQueueDelete
                0x00102f68                xQueueReceiveFromISR
                0x00103070                uxQueueMessagesWaiting
 .text          0x001031f8      0x20c ../controller/freertos/list.o
                0x00103264                vListInsertEnd
                0x00103398                vListRemove
                0x00103248                vListInitialiseItem
                0x001031f8                vListInitialise
                0x001032e0                vListInsert
 .text          0x00103404      0x2bc ../controller/freertos/portable/GCC/ARM7_AT91SAM7S/port.o
                0x00103630                xPortStartScheduler
                0x00103648                vPortEndScheduler
                0x00103404                pxPortInitialiseStack
 .text          0x001036c0      0x12c ../controller/startup/extras.o
                0x00103724                _lseek_r
                0x001037c8                _fstat_r
                0x00103708                isatty
                0x001036c0                _sbrk_r
                0x0010379c                _read_r
                0x001036dc                _open_r
                0x0010377c                _close_r
                0x00103750                _write_r
 .text          0x001037ec      0x2f0 ../controller/freertos/portable/MemMang/heap_2.o
                0x001039d0                vPortFree
                0x001037ec                pvPortMalloc
                0x00103a78                PortFreeMemory
 .text          0x00103adc      0x164 ../controller/makingthings/main.o
                0x00103adc                MakeStarterTask
                0x00103afc                main
                0x00103c14                vApplicationIdleHook
 .text          0x00103c40      0x2bc ../controller/makingthings/BasicWEB.o
                0x00103e84                vBasicWEBServer
 .text          0x00103efc      0xfbc 5th_make.o
                0x0010495c                default_mode
                0x001040ac                NetworkCheck
                0x00104178                BlinkTask
                0x00103efc                Make
                0x00104890                title_screen
 .text          0x00104eb8      0x4b8 ../controller/makingthings/eeprom.o
                0x00104f14                Eeprom_Write
                0x00104eec                Eeprom_GetActive
                0x0010508c                Eeprom_Read
                0x00105200                Eeprom_GetLastAddress
                0x00104eb8                Eeprom_SetActive
 .text          0x00105370      0x8d0 ../controller/makingthings/analogin.o
                0x001056e0                AnalogIn_GetValueWait
                0x001053d8                AnalogIn_GetActive
                0x00105424                AnalogIn_GetValue
                0x00105534                AnalogIn_GetValueMulti
                0x00105afc                AnalogInOsc_ReceiveMessage
                0x00105be0                AnalogInOsc_PropertyGet
                0x00105370                AnalogIn_SetActive
                0x00105ae4                AnalogInOsc_GetName
                0x00105ba0                AnalogInOsc_PropertySet
 .text          0x00105c40      0xa70 ../controller/makingthings/serial.o
                0x00105d74                Serial_Read
                0x00106534                SerialOsc_IntPropertyGet
                0x00106120                Serial_GetStopBits
                0x00105f60                Serial_SetParity
                0x00105c9c                Serial_GetActive
                0x001065dc                SerialOsc_BlobPropertyGet
                0x001060b4                Serial_GetBaud
                0x00106144                Serial_GetHardwareHandshake
                0x00105ee0                Serial_SetBaud
                0x00105c40                Serial_SetActive
                0x00105f14                Serial_SetBits
                0x00105ff8                Serial_SetHardwareHandshake
                0x001064a4                SerialOsc_IntPropertySet
                0x00105e24                Serial_GetReadable
                0x00105fac                Serial_SetStopBits
                0x00105e48                Serial_SetChar
                0x001063a0                SerialOsc_GetName
                0x001063b8                SerialOsc_ReceiveMessage
                0x0010602c                Serial_GetChar
                0x00106670                SerialOsc_BlobPropertySet
                0x00105cc4                Serial_Write
                0x001060d8                Serial_GetBits
                0x001060fc                Serial_GetParity
 .text          0x001066b0      0x3cc ../controller/makingthings/pwm.o
                0x00106a08                Pwm_GetChannelIo
                0x00106728                Pwm_Get
                0x00106770                Pwm_Start
                0x001066b0                Pwm_Set
                0x00106870                Pwm_Stop
 .text          0x00106a7c      0x700 ../controller/makingthings/spi.o
                0x00106d54                Spi_Lock
                0x00106ed8                Spi_Stop
                0x00106a7c                Spi_Configure
                0x00106d80                Spi_Unlock
                0x00106da0                Spi_Start
                0x00106bac                Spi_ReadWriteBlock
 .text          0x0010717c      0xdc8 ../controller/makingthings/USB-CDC.o
                0x00107374                vUSBSendByte
                0x0010717c                vUSBCDCTask
                0x001073a0                cUSBGetByte
 .text          0x00107f44      0x118 ../controller/makingthings/rtos.o
                0x00108014                Malloc
                0x00107f44                Sleep
                0x00107f64                TaskYield
                0x0010803c                Free
                0x00108004                TaskExitCritical
                0x00107ff4                TaskEnterCritical
                0x00107fd4                TaskDelete
                0x00107f74                TaskCreate
 .text          0x0010805c      0x3c0 ../controller/makingthings/usb.o
                0x001080fc                Usb_Get
                0x0010805c                Usb_SetActive
                0x00108354                UsbOsc_ReceiveMessage
                0x001080d4                Usb_GetActive
                0x0010833c                UsbOsc_GetName
                0x00108144                Usb_Put
                0x001083bc                UsbOsc_PropertySet
                0x001083ec                UsbOsc_PropertyGet
                0x0010820c                Usb_SlipReceive
                0x0010817c                Usb_SlipSend
 .text          0x0010841c     0x1484 ../controller/makingthings/network.o
                0x0010841c                Network_SetActive
                0x001084d8                Network_SetMask
                0x00108be4                SocketClose
                0x00108d10                DatagramSocketSend
                0x00108f84                Network_Init
                0x00108c90                ServerSocketClose
                0x00108454                Network_GetActive
                0x0010865c                Network_GetValid
                0x0010916c                NetworkOsc_ReceiveMessage
                0x00108c10                ServerSocket
                0x00109208                NetworkOsc_Poll
                0x0010921c                NetworkOsc_PropertySet
                0x00108c5c                ServerSocketAccept
                0x0010952c                NetworkOsc_PropertyGet
                0x00109154                NetworkOsc_GetName
                0x00108dc0                DatagramSocketReceive
                0x00108544                Network_SetGateway
                0x001089e4                SocketRead
                0x0010846c                Network_SetAddress
                0x00108cbc                DatagramSocket
                0x001088a0                Network_GetGateway
                0x00108f10                Network_AddressConvert
                0x001086f8                Network_GetAddress
                0x00108ee8                DatagramSocketClose
                0x00108b78                SocketWrite
                0x00108974                Socket
                0x001085b0                Network_SetValid
                0x001087cc                Network_GetMask
 .text          0x001098a0      0x3b0 ../controller/makingthings/system.o
                0x00109a60                System_Start
                0x001098a0                System_SetActive
                0x00109bc8                SystemOsc_PropertyGet
                0x00109ad4                SystemOsc_ReceiveMessage
                0x00109a20                kill
                0x0010998c                System_GetVersionNumber
                0x001098d4                System_GetActive
                0x00109978                System_GetBuildNumber
                0x001099a0                System_SetSamba
                0x00109a80                System_Stop
                0x00109b50                SystemOsc_PropertySet
                0x00109b3c                SystemOsc_Poll
                0x00109abc                SystemOsc_GetName
                0x00109a3c                System_SetReset
                0x001098fc                System_GetFreeMemory
                0x00109914                System_GetSerialNumber
                0x0010994c                System_SetSerialNumber
 .text          0x00109c50     0x18ac ../controller/makingthings/poly.o
                0x0010a5d4                Timer_DeInit
                0x00109c50                Poly_SetActive
                0x00109ed4                Poly_DeInit
                0x00109cb4                Poly_GetActive
                0x0010add8                Follower_SaveConstants
                0x0010a708                Timer_SaveConstants
                0x0010a138                Timer_Run
                0x00109fbc                Timer_Init
                0x00109f2c                Poly_Run
                0x0010a8e0                Follower_Run
                0x0010b32c                Oscillator_DeInit
                0x0010acc4                Follower_DeInit
                0x00109e5c                Poly_Init
                0x00109ccc                PolyTask
                0x0010a75c                Follower_Init
                0x0010b440                Oscillator_SaveConstants
                0x0010af54                Oscillator_Run
                0x0010b494                Poly_LineInit
                0x0010ae2c                Oscillator_Init
 .text          0x0010b4fc      0xab4 ../appboard/makingthings/servo.o
                0x0010b688                Servo_SetSpeed
                0x0010b7c8                Servo_GetSpeed
                0x0010beb8                ServoOsc_PropertySet
                0x0010bf34                ServoOsc_PropertyGet
                0x0010be14                ServoOsc_ReceiveMessage
                0x0010b744                Servo_GetPosition
                0x0010bbf4                Servo_IRQCallback
                0x0010bdfc                ServoOsc_GetName
                0x0010b4fc                Servo_SetActive
                0x0010b5b8                Servo_SetPosition
                0x0010b564                Servo_GetActive
 .text          0x0010bfb0     0x27c8 ../appboard/makingthings/stepper.o
                0x0010e3f4                Stepper_SetOn
                0x0010c468                Stepper_SetDuty
                0x0010e4c4                Stepper_SetAll
                0x0010c134                Stepper_SetPositionRequested
                0x0010c5d4                Stepper_SetBipolar
                0x0010c3e4                Stepper_GetPositionRequested
                0x0010c738                Stepper_SetHalfStep
                0x0010c550                Stepper_GetDuty
                0x0010e6a0                StepperOsc_PropertyGet
                0x0010c2dc                Stepper_GetSpeed
                0x0010c06c                Stepper_SetPosition
                0x0010bfb0                Stepper_SetActive
                0x0010e514                StepperOsc_GetName
                0x0010c810                Stepper_GetHalfStep
                0x0010e45c                Stepper_SetOff
                0x0010c018                Stepper_GetActive
                0x0010e5d0                StepperOsc_PropertySet
                0x0010e52c                StepperOsc_ReceiveMessage
                0x0010c6ac                Stepper_GetBipolar
                0x0010c360                Stepper_GetPosition
                0x0010ce44                Stepper_IRQCallback
                0x0010c1fc                Stepper_SetSpeed
 .text          0x0010e778      0x300 ../appboard/makingthings/dipswitch.o
                0x0010e8ec                DipSwitch_Stop
                0x0010e7ac                DipSwitch_GetActive
                0x0010e7d4                DipSwitch_GetValue
                0x0010e934                DipSwitchOsc_GetName
                0x0010e9e8                DipSwitchOsc_Poll
                0x0010e94c                DipSwitchOsc_ReceiveMessage
                0x0010e9fc                DipSwitchOsc_PropertySet
                0x0010e86c                DipSwitch_Start
                0x0010ea2c                DipSwitchOsc_PropertyGet
                0x0010e778                DipSwitch_SetActive
 .text          0x0010ea78      0x6f0 ../appboard/makingthings/motor.o
                0x0010f0ec                MotorOsc_PropertyGet
                0x0010eb30                Motor_SetSpeed
                0x0010efb0                MotorOsc_GetName
                0x0010efc8                MotorOsc_ReceiveMessage
                0x0010eae0                Motor_GetActive
                0x0010ed38                Motor_GetDirection
                0x0010eca0                Motor_GetSpeed
                0x0010ea78                Motor_SetActive
                0x0010f06c                MotorOsc_PropertySet
                0x0010ebe8                Motor_SetDirection
 .text          0x0010f168       0x10 ../appboard/makingthings/appboard.o
                0x0010f168                AppBoard_Start
 .text          0x0010f178      0x50c ../appboard/makingthings/appled.o
                0x0010f2dc                AppLed_GetState
                0x0010f508                AppLedOsc_GetName
                0x0010f624                AppLedOsc_PropertyGet
                0x0010f228                AppLed_SetState
                0x0010f178                AppLed_SetActive
                0x0010f1e0                AppLed_GetActive
                0x0010f5c4                AppLedOsc_PropertySet
                0x0010f520                AppLedOsc_ReceiveMessage
 .text          0x0010f684      0xb7c ../appboard/makingthings/pwmout.o
                0x0010f684                PwmOut_SetActive
                0x0010f8fc                PwmOut_GetInvertA
                0x0010f6ec                PwmOut_GetActive
                0x0010f7c4                PwmOut_GetDuty
                0x00110160                PwmOutOsc_PropertyGet
                0x0010f99c                PwmOut_SetInvertB
                0x0010fffc                PwmOutOsc_GetName
                0x0010faf8                PwmOut_SetInvert
                0x0010fa58                PwmOut_GetInvertB
                0x0010fbe0                PwmOut_SetAll
                0x0010f734                PwmOut_SetDuty
                0x0010f840                PwmOut_SetInvertA
                0x00110014                PwmOutOsc_ReceiveMessage
                0x001100b8                PwmOutOsc_PropertySet
 .text          0x00110200      0x4e4 ../appboard/makingthings/digitalin.o
                0x0011067c                DigitalInOsc_PropertyGet
                0x00110598                DigitalInOsc_ReceiveMessage
                0x00110580                DigitalInOsc_GetName
                0x00110200                DigitalIn_SetActive
                0x001102b0                DigitalIn_GetValue
                0x00110268                DigitalIn_GetActive
                0x0011063c                DigitalInOsc_PropertySet
 .text          0x001106e4      0x6f0 ../appboard/makingthings/digitalout.o
                0x00110c70                DigitalOutOsc_ReceiveMessage
                0x00110794                DigitalOut_SetValue
                0x00110c58                DigitalOutOsc_GetName
                0x0011074c                DigitalOut_GetActive
                0x00110848                DigitalOut_GetValue
                0x00110b50                DigitalOut_GetIo
                0x00110d74                DigitalOutOsc_PropertyGet
                0x00110be4                DigitalOut_GetEnableIo
                0x001106e4                DigitalOut_SetActive
                0x00110d14                DigitalOutOsc_PropertySet
 .text          0x00110dd4     0x1530 ../controller/makingthings/io.o
                0x00111df8                Io_GetPortA
                0x00111ba0                Io_PullupDisable
                0x00111e20                Io_SetPortB
                0x00111db8                Io_SetPortA
                0x00111e88                Io_SetPortAMask
                0x00111618                Io_SetFalse
                0x00111fa8                IoOsc_GetName
                0x00111f54                Io_GetValueBits
                0x001113f0                Io_SetDirection
                0x00111c88                Io_SetValueBits
                0x00111438                Io_GetDirection
                0x00111834                Io_SetPeripheralB
                0x00111aac                Io_GetPullup
                0x001114d0                Io_SetOutput
                0x00111340                Io_SetActive
                0x00110fbc                Io_StartBits
                0x00111688                Io_SetValue
                0x00112160                IoOsc_IndexIntPropertyGet
                0x00111c4c                Io_SetFalseBits
                0x0011138c                Io_GetActive
                0x00112210                IoOsc_IntPropertySet
                0x00111ec4                Io_SetPortBMask
                0x001118ec                Io_GetPio
                0x0011123c                Io_StopBits
                0x00111ee8                Io_GetPortBMask
                0x00111d40                Io_SetOutputBits
                0x00110dd4                Io_Start
                0x001118a4                Io_SetPio
                0x0011153c                Io_SetInput
                0x00111730                Io_GetValue
                0x00111984                Io_PioEnable
                0x00111d7c                Io_SetInputBits
                0x001115a8                Io_SetTrue
                0x001119f4                Io_PioDisable
                0x001117c4                Io_SetPeripheralA
                0x00110eec                Io_Stop
                0x00111e60                Io_GetPortB
                0x00111a64                Io_SetPullup
                0x001120b4                IoOsc_IndexIntPropertySet
                0x00112288                IoOsc_IntPropertyGet
                0x00111c10                Io_SetTrueBits
                0x00111fc0                IoOsc_ReceiveMessage
                0x00111b30                Io_PullupEnable
                0x00111eac                Io_GetPortAMask
 .text          0x00112304      0x2ec ../controller/makingthings/led.o
                0x00112360                Led_SetState
                0x001123c4                Led_GetState
                0x00112304                Led_SetActive
                0x00112338                Led_GetActive
                0x001124cc                LedOsc_ReceiveMessage
                0x00112558                LedOsc_PropertySet
                0x001124b4                LedOsc_GetName
                0x001125a4                LedOsc_PropertyGet
 .text          0x001125f0      0x4cc ../controller/makingthings/timer.o
                0x00112730                Timer_Set
                0x00112678                Timer_GetActive
                0x00112850                Timer_Cancel
                0x001125f0                Timer_SetActive
                0x001126a0                Timer_InitializeEntry
 .text          0x00112abc      0x534 ../controller/makingthings/fasttimer.o
                0x00112abc                FastTimer_SetActive
                0x00112b44                FastTimer_GetActive
                0x00112d60                FastTimer_Cancel
                0x00112c40                FastTimer_Set
                0x00112b6c                FastTimer_InitializeEntry
                0x00112bfc                FastTimer_SetTime
 .text          0x00112ff0      0x408 ../controller/makingthings/debugosc.o
                0x0011329c                DebugOsc_ReceiveMessage
                0x00113284                DebugOsc_GetName
                0x00112ff0                Debug_SetActive
                0x00113304                DebugOsc_PropertySet
                0x001130dc                Debug_SetUsb
                0x0011309c                Debug_GetLevel
                0x00113024                Debug_GetActive
                0x0011313c                Debug_GetUdp
                0x0011337c                DebugOsc_PropertyGet
                0x00113118                Debug_SetUdp
                0x00113154                Debug
                0x0011304c                Debug_SetLevel
                0x00113100                Debug_GetUsb
 .text          0x001133f8      0x41c ../controller/makingthings/can.o
                0x0011342c                Can_GetActive
                0x001137b4                CanOsc_PropertySet
                0x00113718                CanOsc_ReceiveMessage
                0x001137e4                CanOsc_PropertyGet
                0x00113700                CanOsc_GetName
                0x00113524                Can_GetMessage
                0x00113454                Can_SendMessage
                0x001133f8                Can_SetActive
 .text          0x00113814     0x1c6c ../controller/lwip/src/core/tcp_out.o
                0x00114cb8                tcp_rst
                0x00113814                tcp_send_ctrl
                0x00115190                tcp_keepalive
                0x00115038                tcp_rexmit_rto
                0x00113864                tcp_write
                0x001150ec                tcp_rexmit
                0x00114258                tcp_output
                0x00113924                tcp_enqueue
 .text          0x00115480      0xafc ../controller/lwip/src/core/inet.o
                0x001157fc                inet_chksum
                0x001155a0                inet_chksum_pseudo
                0x00115870                inet_chksum_pbuf
                0x0011596c                inet_addr
                0x00115f54                ntohl
                0x00115f08                htonl
                0x001159b4                inet_aton
                0x00115ee0                ntohs
                0x00115d54                inet_ntoa
                0x00115e98                htons
 .text          0x00115f7c      0x71c ../controller/lwip/src/core/mem.o
                0x00116130                mem_free
                0x00116094                mem_init
                0x00116454                mem_malloc
                0x00116210                mem_reallocm
                0x00116294                mem_realloc
 .text          0x00116698      0x36c ../controller/lwip/src/core/memp.o
                0x00116970                memp_free
                0x00116848                memp_malloc
                0x00116698                memp_init
 .text          0x00116a04      0x52c ../controller/lwip/src/core/netif.o
                0x00116e04                netif_set_netmask
                0x00116a04                netif_add
                0x00116c68                netif_set_ipaddr
                0x00116e70                netif_set_up
                0x00116e50                netif_set_default
                0x00116edc                netif_set_down
                0x00116ad0                netif_set_addr
                0x00116ea0                netif_is_up
                0x00116db8                netif_set_gw
                0x00116b2c                netif_remove
                0x00116f08                netif_init
                0x00116bbc                netif_find
 .text          0x00116f30      0xc98 ../controller/lwip/src/core/pbuf.o
                0x00117408                pbuf_realloc
                0x00117684                pbuf_free
                0x00117850                pbuf_cat
                0x0011780c                pbuf_ref
                0x00116f30                pbuf_init
                0x00117984                pbuf_dequeue
                0x001179cc                pbuf_take
                0x00117088                pbuf_alloc
                0x001177cc                pbuf_clen
                0x0011791c                pbuf_queue
                0x0011754c                pbuf_header
                0x001178e8                pbuf_chain
                0x00117b30                pbuf_dechain
 .text          0x00117bc8      0x4bc ../controller/lwip/src/core/raw.o
                0x00117cd8                raw_bind
                0x00117f40                raw_send
                0x00117db0                raw_sendto
                0x00117be0                raw_input
                0x00117d28                raw_connect
                0x00117ff8                raw_new
                0x00117f7c                raw_remove
                0x00117bc8                raw_init
                0x00117d78                raw_recv
 .text          0x00118084       0x24 ../controller/lwip/src/core/stats.o
                0x00118084                stats_init
 .text          0x001180a8      0x5d4 ../controller/lwip/src/core/sys.o
                0x00118640                sys_msleep
                0x00118308                sys_timeout
                0x001180a8                sys_mbox_fetch
                0x001185c0                sys_sem_wait_timeout
                0x001181e4                sys_sem_wait
                0x00118498                sys_untimeout
 .text          0x0011867c     0x178c ../controller/lwip/src/core/tcp.o
                0x00119dd8                tcp_next_iss
                0x00119bf8                tcp_err
                0x00119bb0                tcp_recv
                0x00119a00                tcp_alloc
                0x00119b8c                tcp_arg
                0x00118700                tcp_close
                0x00118d28                tcp_recved
                0x00119c7c                tcp_pcb_purge
                0x00119b70                tcp_new
                0x00119710                tcp_segs_free
                0x001189f8                tcp_bind
                0x00118850                tcp_abort
                0x00118bf8                tcp_listen
                0x00119768                tcp_seg_free
                0x0011867c                tcp_init
                0x00118f20                tcp_connect
                0x00119bd4                tcp_sent
                0x001186c8                tcp_tmr
                0x001197b8                tcp_setprio
                0x00119108                tcp_slowtmr
                0x00119c1c                tcp_accept
                0x00119cf0                tcp_pcb_remove
                0x0011968c                tcp_fasttmr
                0x001197dc                tcp_seg_copy
                0x00119c40                tcp_poll
 .text          0x00119e08     0x2c1c ../controller/lwip/src/core/tcp_in.o
                0x00119e08                tcp_input
 .text          0x0011ca24      0xac0 ../controller/lwip/src/core/ipv4/ip.o
                0x0011cec0                ip_output_if
                0x0011d40c                ip_output
                0x0011ca24                ip_init
                0x0011ca34                ip_route
                0x0011cac4                ip_input
 .text          0x0011d4e4      0x16c ../controller/lwip/src/core/ipv4/ip_addr.o
                0x0011d4e4                ip_addr_isbroadcast
 .text          0x0011d650      0x68c ../controller/lwip/src/core/ipv4/icmp.o
                0x0011d650                icmp_input
                0x0011daf8                icmp_dest_unreach
 .text          0x0011dcdc      0x348 ../controller/lwip/src/api/tcpip.o
                0x0011dfd0                tcpip_init
                0x0011def4                tcpip_callback
                0x0011df74                tcpip_apimsg
                0x0011de68                tcpip_input
                0x0011dd28                tcp_timer_needed
 .text          0x0011e024     0x1414 ../controller/lwip/src/api/api_msg.o
                0x0011f3e4                api_msg_input
                0x0011f414                api_msg_post
 .text          0x0011f438        0x0 ../controller/lwip/src/api/err.o
 .text          0x0011f438     0x1488 ../controller/lwip/src/api/api_lib.o
                0x00120550                netconn_write
                0x0011f47c                netbuf_delete
                0x0011f4d0                netbuf_alloc
                0x001207c0                netconn_close
                0x0011f438                netbuf_new
                0x00120038                netconn_disconnect
                0x0011fa74                netconn_new
                0x0011fc44                netconn_type
                0x001201a4                netconn_accept
                0x0011f8d4                netbuf_fromport
                0x0011f680                netbuf_data
                0x0011ff3c                netconn_connect
                0x0011f550                netbuf_free
                0x0012089c                netconn_err
                0x0011fad4                netconn_delete
                0x0011f6e4                netbuf_next
                0x0011f738                netbuf_first
                0x0011f618                netbuf_chain
                0x00120470                netconn_send
                0x0011f8f4                netconn_new_with_proto_and_callback
                0x0011fd68                netconn_addr
                0x001200d4                netconn_listen
                0x0011f8b8                netbuf_fromaddr
                0x0011f65c                netbuf_len
                0x0011faa0                netconn_new_with_callback
                0x0011fe28                netconn_bind
                0x0011f758                netbuf_copy_partial
                0x0011f87c                netbuf_copy
                0x0011f590                netbuf_ref
                0x00120204                netconn_recv
                0x0011fc60                netconn_peer
 .text          0x001208c0     0x169c ../controller/lwip/src/netif/etharp.o
                0x00121bf0                etharp_request
                0x00120930                etharp_tmr
                0x001211dc                etharp_arp_input
                0x001218d4                etharp_query
                0x001215e4                etharp_output
                0x001208c0                etharp_init
                0x00121160                etharp_ip_input
 .text          0x00121f5c      0x46c ../controller/lwip/contrib/port/FreeRTOS/AT91SAM7X/sys_arch.o
                0x001222b0                sys_arch_timeouts
                0x001222a0                sys_init
                0x0012225c                sys_sem_signal
                0x00121fe0                sys_arch_mbox_fetch
                0x001220f8                sys_sem_new
                0x00121f80                sys_mbox_free
                0x0012239c                sys_arch_protect
                0x00122280                sys_sem_free
                0x00121f5c                sys_mbox_new
                0x001222dc                sys_thread_new
                0x00122174                sys_arch_sem_wait
                0x001223b0                sys_arch_unprotect
                0x00121fb0                sys_mbox_post
 .text          0x001223c8      0x568 ../controller/lwip/src/netif/ethernetif.o
                0x00122880                ethernetif_init
 .text          0x00122930      0xb84 ../controller/makingthings/SAM7_EMAC.o
                0x00122ed8                vClearEMACTxBuffer
                0x00123494                vEMACWaitForInput
                0x00122930                lEMACSend
                0x00122afc                ulEMACInputLength
                0x00122bd4                vEMACRead
                0x00122db4                xEMACInit
 .text          0x001234b4      0xe58 ../controller/lwip/src/core/udp.o
                0x00124228                udp_remove
                0x00123964                udp_sendto
                0x0012419c                udp_disconnect
                0x001241f0                udp_recv
                0x0012406c                udp_connect
                0x00123f08                udp_bind
                0x00123a7c                udp_send
                0x001234d8                udp_input
                0x001234b4                udp_init
                0x001242a4                udp_new
 .text          0x0012430c      0xc00 ../controller/lwip/src/core/ipv4/ip_frag.o
                0x00124454                ip_reass
                0x00124b34                ip_frag
                0x0012442c                ip_reass_tmr
 .text          0x00124f0c     0x25d8 ../controller/makingthings/osc.o
                0x0012678c                Osc_CreateMessage
                0x00124f40                Osc_GetActive
                0x00125ea8                Osc_IndexIntReceiverHelper
                0x001253fc                Osc_RegisterSubsystem
                0x0012593c                Osc_Quicky
                0x00126e78                Osc_NumberMatch
                0x00127268                Osc_WritePaddedBlob
                0x00126724                Osc_ReadInt
                0x001262d4                Osc_ExtractData
                0x001257a4                Osc_SendPacket
                0x00125618                Osc_ReceiveMessage
                0x0012701c                Osc_PropertyLookup
                0x001253c0                Osc_ResetChannel
                0x0012502c                Osc_UsbPacketSend
                0x00125988                Osc_SubsystemError
                0x00126e50                Osc_Unlock
                0x00126758                Osc_ReadFloat
                0x00125d88                Osc_GeneralReceiverHelper
                0x00125c0c                Osc_IntReceiverHelper
                0x001270a4                Osc_FindDataTag
                0x00127124                Osc_WritePaddedString
                0x00126a70                Osc_CreateMessageInternal
                0x00124f0c                Osc_SetActive
                0x00125858                Osc_SendPacketInternal
                0x001259e4                Osc_BlobReceiverHelper
                0x001250fc                Osc_UdpTask
                0x00126dbc                Osc_Lock
                0x001273f0                Osc_WriteTimetag
                0x00127490                Osc_EndianSwap
                0x0012506c                Osc_UdpPacketSend
                0x00126204                Osc_SendError
                0x00126d14                Osc_CreateBundle
                0x00125914                Osc_Poll
                0x00125348                Osc_SetReplyPort
                0x001252d0                Osc_SetReplyAddress
                0x001250e4                Osc_GetRunning
                0x001254d4                Osc_ReceivePacket
                0x00125214                Osc_UsbTask
                0x001254b0                Osc_SendMessage
 .text          0x001274e4      0x578 ../controller/makingthings/osc_patternmatch.o
                0x001274e4                Osc_PatternMatch
 .text          0x00127a5c       0xd0 /cygdrive/c/DOCUME~1/Phucker/LOCALS~1/Temp/cclaBo7i.o
                0x00127a5c                start
                0x00127b0c                endless_loop
 .text          0x00127b2c      0x114 /gnuarm/bin/../lib/gcc/arm-elf/4.1.1/interwork/libgcc.a(_udivsi3.o)
                0x00127b2c                __udivsi3
                0x00127b2c                __aeabi_uidiv
                0x00127c28                __aeabi_uidivmod
 .text          0x00127c40      0x144 /gnuarm/bin/../lib/gcc/arm-elf/4.1.1/interwork/libgcc.a(_divsi3.o)
                0x00127c40                __aeabi_idiv
                0x00127c40                __divsi3
                0x00127d6c                __aeabi_idivmod
 .text          0x00127d84       0xd0 /gnuarm/bin/../lib/gcc/arm-elf/4.1.1/interwork/libgcc.a(_umodsi3.o)
                0x00127d84                __umodsi3
 .text          0x00127e54       0xe8 /gnuarm/bin/../lib/gcc/arm-elf/4.1.1/interwork/libgcc.a(_modsi3.o)
                0x00127e54                __modsi3
 .text          0x00127f3c        0x4 /gnuarm/bin/../lib/gcc/arm-elf/4.1.1/interwork/libgcc.a(_dvmd_tls.o)
                0x00127f3c                __aeabi_ldiv0
                0x00127f3c                __div0
                0x00127f3c                __aeabi_idiv0
 .text          0x00127f40      0x430 /gnuarm/bin/../lib/gcc/arm-elf/4.1.1/interwork/libgcc.a(_addsubdf3.o)
                0x00128304                __floatdidf
                0x00128284                __floatsidf
                0x0012825c                __aeabi_ui2d
                0x00127f40                __aeabi_drsub
                0x001282b0                __extendsfdf2
                0x00127f4c                __adddf3
                0x0012825c                __floatunsidf
                0x00127f4c                __aeabi_dadd
                0x001282f0                __aeabi_ul2d
                0x00127f48                __aeabi_dsub
                0x001282f0                __floatundidf
                0x00128284                __aeabi_i2d
                0x00128304                __aeabi_l2d
                0x001282b0                __aeabi_f2d
                0x00127f48                __subdf3
 .text          0x00128370      0x49c /gnuarm/bin/../lib/gcc/arm-elf/4.1.1/interwork/libgcc.a(_muldivdf3.o)
                0x00128600                __aeabi_ddiv
                0x00128370                __aeabi_dmul
                0x00128600                __divdf3
                0x00128370                __muldf3
 .text          0x0012880c       0xa0 /gnuarm/bin/../lib/gcc/arm-elf/4.1.1/interwork/libgcc.a(_truncdfsf2.o)
                0x0012880c                __aeabi_d2f
                0x0012880c                __truncdfsf2
 .text          0x001288ac      0x2ac /gnuarm/bin/../lib/gcc/arm-elf/4.1.1/interwork/libgcc.a(_addsubsf3.o)
                0x001288b8                __aeabi_fadd
                0x001288b4                __subsf3
                0x00128a7c                __aeabi_i2f
                0x001288b4                __aeabi_fsub
                0x00128aac                __floatdisf
                0x00128a7c                __floatsisf
                0x00128a9c                __floatundisf
                0x00128a74                __aeabi_ui2f
                0x00128aac                __aeabi_l2f
                0x00128a9c                __aeabi_ul2f
                0x001288ac                __aeabi_frsub
                0x00128a74                __floatunsisf
                0x001288b8                __addsf3
 .text          0x00128b58      0x2f8 /gnuarm/bin/../lib/gcc/arm-elf/4.1.1/interwork/libgcc.a(_muldivsf3.o)
                0x00128cf0                __divsf3
                0x00128cf0                __aeabi_fdiv
                0x00128b58                __mulsf3
                0x00128b58                __aeabi_fmul
 .text          0x00128e50      0x110 /gnuarm/bin/../lib/gcc/arm-elf/4.1.1/interwork/libgcc.a(_cmpsf2.o)
                0x00128f48                __aeabi_fcmpgt
                0x00128e58                __lesf2
                0x00128e60                __nesf2
                0x00128f30                __aeabi_fcmpge
                0x00128e50                __gtsf2
                0x00128f18                __aeabi_fcmple
                0x00128e60                __eqsf2
                0x00128e60                __cmpsf2
                0x00128e58                __ltsf2
                0x00128ed0                __aeabi_cfcmple
                0x00128e50                __gesf2
                0x00128ee8                __aeabi_fcmpeq
                0x00128ec0                __aeabi_cfrcmple
                0x00128f00                __aeabi_fcmplt
                0x00128ed0                __aeabi_cfcmpeq
 .text          0x00128f60       0x5c /gnuarm/bin/../lib/gcc/arm-elf/4.1.1/interwork/libgcc.a(_fixsfsi.o)
                0x00128f60                __fixsfsi
                0x00128f60                __aeabi_f2iz
 .text          0x00128fbc        0x0 /gnuarm/bin/../lib/gcc/arm-elf/4.1.1/../../../../arm-elf/lib/interwork/libc.a(ctype_.o)
 .text          0x00128fbc       0x9c /gnuarm/bin/../lib/gcc/arm-elf/4.1.1/../../../../arm-elf/lib/interwork/libc.a(memcpy.o)
                0x00128fbc                memcpy
 .text          0x00129058       0x98 /gnuarm/bin/../lib/gcc/arm-elf/4.1.1/../../../../arm-elf/lib/interwork/libc.a(memset.o)
                0x00129058                memset
 .text          0x001290f0      0x150 /gnuarm/bin/../lib/gcc/arm-elf/4.1.1/../../../../arm-elf/lib/interwork/libc.a(snprintf.o)
                0x001290f0                snprintf
                0x001291a0                _snprintf_r
 .text          0x00129240       0xdc /gnuarm/bin/../lib/gcc/arm-elf/4.1.1/../../../../arm-elf/lib/interwork/libc.a(sprintf.o)
                0x001292b4                _sprintf_r
                0x00129240                sprintf
 .text          0x0012931c      0x108 /gnuarm/bin/../lib/gcc/arm-elf/4.1.1/../../../../arm-elf/lib/interwork/libc.a(sscanf.o)
                0x001293a4                sscanf
                0x00129324                _sscanf_r
 .text          0x00129424       0x98 /gnuarm/bin/../lib/gcc/arm-elf/4.1.1/../../../../arm-elf/lib/interwork/libc.a(strcat.o)
                0x00129424                strcat
 .text          0x001294bc      0x118 /gnuarm/bin/../lib/gcc/arm-elf/4.1.1/../../../../arm-elf/lib/interwork/libc.a(strchr.o)
                0x001294bc                strchr
 .text          0x001295d4       0xd0 /gnuarm/bin/../lib/gcc/arm-elf/4.1.1/../../../../arm-elf/lib/interwork/libc.a(strcmp.o)
                0x001295d4                strcmp
 .text          0x001296a4       0xa0 /gnuarm/bin/../lib/gcc/arm-elf/4.1.1/../../../../arm-elf/lib/interwork/libc.a(strcpy.o)
                0x001296a4                strcpy
 .text          0x00129744       0x90 /gnuarm/bin/../lib/gcc/arm-elf/4.1.1/../../../../arm-elf/lib/interwork/libc.a(strlen.o)
                0x00129744                strlen
 .text          0x001297d4      0x13c /gnuarm/bin/../lib/gcc/arm-elf/4.1.1/../../../../arm-elf/lib/interwork/libc.a(strncmp.o)
                0x001297d4                strncmp
 .text          0x00129910      0x114 /gnuarm/bin/../lib/gcc/arm-elf/4.1.1/../../../../arm-elf/lib/interwork/libc.a(strncpy.o)
                0x00129910                strncpy
 .text          0x00129a24     0x1f8c /gnuarm/bin/../lib/gcc/arm-elf/4.1.1/../../../../arm-elf/lib/interwork/libc.a(vfprintf.o)
                0x00129a64                _vfprintf_r
                0x0012b984                vfprintf
 .text          0x0012b9b0     0x141c /gnuarm/bin/../lib/gcc/arm-elf/4.1.1/../../../../arm-elf/lib/interwork/libc.a(vfscanf.o)
                0x0012cd08                __svfscanf
                0x0012cd34                _vfscanf_r
                0x0012cd78                vfscanf
                0x0012b9b0                __svfscanf_r
 .text          0x0012cdcc      0x110 /gnuarm/bin/../lib/gcc/arm-elf/4.1.1/../../../../arm-elf/lib/interwork/libc.a(vsnprintf.o)
                0x0012ce58                vsnprintf
                0x0012cdcc                _vsnprintf_r
 .text          0x0012cedc       0x84 /gnuarm/bin/../lib/gcc/arm-elf/4.1.1/../../../../arm-elf/lib/interwork/libc.a(wcrtomb.o)
                0x0012cedc                _wcrtomb_r
                0x0012cf34                wcrtomb
 .text          0x0012cf60      0x180 /gnuarm/bin/../lib/gcc/arm-elf/4.1.1/../../../../arm-elf/lib/interwork/libc.a(wcsrtombs.o)
                0x0012cf60                _wcsrtombs_r
                0x0012d09c                wcsrtombs
 .text          0x0012d0e0      0x41c /gnuarm/bin/../lib/gcc/arm-elf/4.1.1/../../../../arm-elf/lib/interwork/libc.a(wctomb_r.o)
                0x0012d0e0                _wctomb_r
 .text          0x0012d4fc      0x100 /gnuarm/bin/../lib/gcc/arm-elf/4.1.1/../../../../arm-elf/lib/interwork/libc.a(wsetup.o)
                0x0012d4fc                __swsetup
 .text          0x0012d5fc     0x1660 /gnuarm/bin/../lib/gcc/arm-elf/4.1.1/../../../../arm-elf/lib/interwork/libc.a(dtoa.o)
                0x0012d804                _dtoa_r
 .text          0x0012ec5c       0xe8 /gnuarm/bin/../lib/gcc/arm-elf/4.1.1/../../../../arm-elf/lib/interwork/libc.a(fflush.o)
                0x0012ec5c                fflush
 .text          0x0012ed44      0x2a0 /gnuarm/bin/../lib/gcc/arm-elf/4.1.1/../../../../arm-elf/lib/interwork/libc.a(findfp.o)
                0x0012edb0                __sinit
                0x0012eeb0                __sfmoreglue
                0x0012eea0                _cleanup
                0x0012ee88                _cleanup_r
                0x0012ee64                __fp_lock_all
                0x0012eda0                __sfp_lock_acquire
                0x0012ef04                __sfp
                0x0012edac                __sinit_lock_release
                0x0012ee40                __fp_unlock_all
                0x0012eda4                __sfp_lock_release
                0x0012eda8                __sinit_lock_acquire
 .text          0x0012efe4      0x1d0 /gnuarm/bin/../lib/gcc/arm-elf/4.1.1/../../../../arm-elf/lib/interwork/libc.a(fread.o)
                0x0012efe4                fread
 .text          0x0012f1b4      0x3a4 /gnuarm/bin/../lib/gcc/arm-elf/4.1.1/../../../../arm-elf/lib/interwork/libc.a(freer.o)
                0x0012f2b4                _free_r
                0x0012f1b4                _malloc_trim_r
 .text          0x0012f558      0x408 /gnuarm/bin/../lib/gcc/arm-elf/4.1.1/../../../../arm-elf/lib/interwork/libc.a(fvwrite.o)
                0x0012f558                __sfvwrite
 .text          0x0012f960      0x114 /gnuarm/bin/../lib/gcc/arm-elf/4.1.1/../../../../arm-elf/lib/interwork/libc.a(fwalk.o)
                0x0012f9ec                _fwalk
                0x0012f960                _fwalk_reent
 .text          0x0012fa74        0x0 /gnuarm/bin/../lib/gcc/arm-elf/4.1.1/../../../../arm-elf/lib/interwork/libc.a(impure.o)
 .text          0x0012fa74       0x24 /gnuarm/bin/../lib/gcc/arm-elf/4.1.1/../../../../arm-elf/lib/interwork/libc.a(iswspace.o)
                0x0012fa74                iswspace
 .text          0x0012fa98       0xb0 /gnuarm/bin/../lib/gcc/arm-elf/4.1.1/../../../../arm-elf/lib/interwork/libc.a(locale.o)
                0x0012fac4                _setlocale_r
                0x0012fa98                __locale_charset
                0x0012faa8                _localeconv_r
                0x0012fb2c                setlocale
                0x0012fab4                localeconv
 .text          0x0012fb48      0x158 /gnuarm/bin/../lib/gcc/arm-elf/4.1.1/../../../../arm-elf/lib/interwork/libc.a(makebuf.o)
                0x0012fb48                __smakebuf
 .text          0x0012fca0      0x774 /gnuarm/bin/../lib/gcc/arm-elf/4.1.1/../../../../arm-elf/lib/interwork/libc.a(mallocr.o)
                0x0012fca0                _malloc_r
 .text          0x00130414       0xac /gnuarm/bin/../lib/gcc/arm-elf/4.1.1/../../../../arm-elf/lib/interwork/libc.a(mbrtowc.o)
                0x0013047c                mbrtowc
                0x00130414                _mbrtowc_r
 .text          0x001304c0       0x50 /gnuarm/bin/../lib/gcc/arm-elf/4.1.1/../../../../arm-elf/lib/interwork/libc.a(mbtowc_r.o)
                0x001304c0                _mbtowc_r
 .text          0x00130510      0x100 /gnuarm/bin/../lib/gcc/arm-elf/4.1.1/../../../../arm-elf/lib/interwork/libc.a(memchr.o)
                0x00130510                memchr
 .text          0x00130610       0xe4 /gnuarm/bin/../lib/gcc/arm-elf/4.1.1/../../../../arm-elf/lib/interwork/libc.a(memmove.o)
                0x00130610                memmove
 .text          0x001306f4        0x8 /gnuarm/bin/../lib/gcc/arm-elf/4.1.1/../../../../arm-elf/lib/interwork/libc.a(mlock.o)
                0x001306f8                __malloc_unlock
                0x001306f4                __malloc_lock
 .text          0x001306fc      0xc00 /gnuarm/bin/../lib/gcc/arm-elf/4.1.1/../../../../arm-elf/lib/interwork/libc.a(mprec.o)
                0x001309f4                _mprec_log10
                0x00130718                _hi0bits
                0x00130a5c                _Balloc
                0x00130af8                _d2b
                0x00130e64                _multiply
                0x00130978                _ratio
                0x00131210                _s2b
                0x00131028                _i2b
                0x00130770                _lo0bits
                0x00130804                __mcmp
                0x00131118                _pow5mult
                0x00130864                _ulp
                0x001308c4                _b2d
                0x0013104c                _multadd
                0x00130c30                __mdiff
                0x00130d64                _lshift
                0x001306fc                _Bfree
 .text          0x001312fc      0x63c /gnuarm/bin/../lib/gcc/arm-elf/4.1.1/../../../../arm-elf/lib/interwork/libc.a(reallocr.o)
                0x001312fc                _realloc_r
 .text          0x00131938      0x1bc /gnuarm/bin/../lib/gcc/arm-elf/4.1.1/../../../../arm-elf/lib/interwork/libc.a(refill.o)
                0x00131968                __srefill
 .text          0x00131af4       0x3c /gnuarm/bin/../lib/gcc/arm-elf/4.1.1/../../../../arm-elf/lib/interwork/libc.a(s_isinf.o)
                0x00131af4                isinf
 .text          0x00131b30       0x30 /gnuarm/bin/../lib/gcc/arm-elf/4.1.1/../../../../arm-elf/lib/interwork/libc.a(s_isnan.o)
                0x00131b30                isnan
 .text          0x00131b60       0xc8 /gnuarm/bin/../lib/gcc/arm-elf/4.1.1/../../../../arm-elf/lib/interwork/libc.a(sccl.o)
                0x00131b60                __sccl
 .text          0x00131c28        0xc /gnuarm/bin/../lib/gcc/arm-elf/4.1.1/../../../../arm-elf/lib/interwork/libc.a(sf_nan.o)
                0x00131c28                nanf
 .text          0x00131c34      0x118 /gnuarm/bin/../lib/gcc/arm-elf/4.1.1/../../../../arm-elf/lib/interwork/libc.a(stdio.o)
                0x00131c54                __sseek
                0x00131d04                __sread
                0x00131c34                __sclose
                0x00131ca0                __swrite
 .text          0x00131d4c     0x1144 /gnuarm/bin/../lib/gcc/arm-elf/4.1.1/../../../../arm-elf/lib/interwork/libc.a(strtod.o)
                0x00131d4c                _strtod_r
                0x00132e74                strtod
                0x00132e20                strtof
 .text          0x00132e90      0x1f0 /gnuarm/bin/../lib/gcc/arm-elf/4.1.1/../../../../arm-elf/lib/interwork/libc.a(strtol.o)
                0x00133054                strtol
                0x00132e90                _strtol_r
 .text          0x00133080      0x1e8 /gnuarm/bin/../lib/gcc/arm-elf/4.1.1/../../../../arm-elf/lib/interwork/libc.a(strtoul.o)
                0x0013323c                strtoul
                0x00133080                _strtoul_r
 .text          0x00133268      0x24c /gnuarm/bin/../lib/gcc/arm-elf/4.1.1/../../../../arm-elf/lib/interwork/libc.a(ungetc.o)
                0x00133498                ungetc
                0x00133268                __submore
                0x0013331c                _ungetc_r
 .text          0x001334b4       0xa0 /gnuarm/bin/../lib/gcc/arm-elf/4.1.1/../../../../arm-elf/lib/interwork/libc.a(callocr.o)
                0x001334b4                _calloc_r
 .text          0x00133554      0x12c /gnuarm/bin/../lib/gcc/arm-elf/4.1.1/../../../../arm-elf/lib/interwork/libc.a(fclose.o)
                0x00133554                _fclose_r
                0x0013366c                fclose
 .text          0x00133680       0x20 /gnuarm/bin/../lib/gcc/arm-elf/4.1.1/../../../../arm-elf/lib/interwork/libc.a(s_nan.o)
                0x00133680                nan
 .text          0x001336a0      0x140 /gnuarm/bin/../lib/gcc/arm-elf/4.1.1/interwork/libgcc.a(_cmpdf2.o)
                0x00133798                __aeabi_dcmple
                0x001336b0                __cmpdf2
                0x001336b0                __eqdf2
                0x001336a0                __gtdf2
                0x00133750                __aeabi_cdcmple
                0x00133734                __aeabi_cdrcmple
                0x001336a8                __ltdf2
                0x00133780                __aeabi_dcmplt
                0x001336a8                __ledf2
                0x001337c8                __aeabi_dcmpgt
                0x001337b0                __aeabi_dcmpge
                0x001336b0                __nedf2
                0x00133768                __aeabi_dcmpeq
                0x00133750                __aeabi_cdcmpeq
                0x001336a0                __gedf2
 .text          0x001337e0       0x5c /gnuarm/bin/../lib/gcc/arm-elf/4.1.1/interwork/libgcc.a(_fixdfsi.o)
                0x001337e0                __fixdfsi
                0x001337e0                __aeabi_d2iz
 *(.rodata)
 .rodata        0x0013383c       0x20 ../controller/freertos/tasks.o
 .rodata        0x0013385c        0x2 ../controller/freertos/portable/MemMang/heap_2.o
 *fill*         0x0013385e        0x2 00
 .rodata        0x00133860        0x8 ../controller/makingthings/main.o
 .rodata        0x00133868      0x204 ../controller/makingthings/BasicWEB.o
 .rodata        0x00133a6c      0x1d4 5th_make.o
                0x00133a78                RESET_LED
                0x00133a74                PC_LED
                0x00133a70                RECORDING_LED
                0x00133a6c                ON_CHANNEL_LED
 .rodata        0x00133c40       0x1c ../controller/makingthings/analogin.o
 .rodata        0x00133c5c       0xa0 ../controller/makingthings/serial.o
 .rodata        0x00133cfc      0x1b0 ../controller/makingthings/USB-CDC.o
                0x00133d86                pxDeviceDescriptor
                0x00133d00                pxManufacturerStringDescriptor
                0x00133d68                pxInterfaceStringDescriptor
                0x00133d1a                pxProductStringDescriptor
                0x00133cfc                pxLanguageStringDescriptor
                0x00133d42                pxConfigurationStringDescriptor
                0x00133d98                pxConfigDescriptor
 .rodata        0x00133eac       0x10 ../controller/makingthings/usb.o
 .rodata        0x00133ebc      0x14c ../controller/makingthings/network.o
 .rodata        0x00134008       0x74 ../controller/makingthings/system.o
 .rodata        0x0013407c        0x8 ../controller/makingthings/poly.o
 .rodata        0x00134084       0x24 ../appboard/makingthings/servo.o
 .rodata        0x001340a8       0xfc ../appboard/makingthings/stepper.o
 .rodata        0x001341a4       0x1c ../appboard/makingthings/dipswitch.o
 .rodata        0x001341c0       0x24 ../appboard/makingthings/motor.o
 .rodata        0x001341e4       0x18 ../appboard/makingthings/appled.o
 .rodata        0x001341fc       0x28 ../appboard/makingthings/pwmout.o
 .rodata        0x00134224       0x3c ../appboard/makingthings/digitalin.o
 .rodata        0x00134260       0x3c ../appboard/makingthings/digitalout.o
 .rodata        0x0013429c       0x78 ../controller/makingthings/io.o
 .rodata        0x00134314       0x14 ../controller/makingthings/led.o
 .rodata        0x00134328       0x34 ../controller/makingthings/debugosc.o
 .rodata        0x0013435c       0x14 ../controller/makingthings/can.o
 .rodata        0x00134370       0x14 ../controller/lwip/src/core/inet.o
 .rodata        0x00134384       0x2c ../controller/lwip/src/core/memp.o
 .rodata        0x001343b0       0x30 ../controller/lwip/src/core/tcp.o
                0x001343b0                tcp_backoff
 .rodata        0x001343e0       0x28 ../controller/lwip/src/core/tcp_in.o
 .rodata        0x00134408        0x8 ../controller/lwip/src/core/ipv4/ip_addr.o
                0x00134408                ip_addr_any
                0x0013440c                ip_addr_broadcast
 .rodata        0x00134410       0x3c ../controller/lwip/src/api/api_msg.o
 .rodata        0x0013444c        0x6 ../controller/lwip/src/netif/etharp.o
 *fill*         0x00134452        0x2 00
 .rodata        0x00134454        0xc ../controller/lwip/contrib/port/FreeRTOS/AT91SAM7X/sys_arch.o
 .rodata        0x00134460       0x10 ../controller/lwip/src/netif/ethernetif.o
 .rodata        0x00134470        0x8 ../controller/lwip/src/core/ipv4/ip_frag.o
 .rodata        0x00134478      0x150 ../controller/makingthings/osc.o
 .rodata        0x001345c8      0x101 /gnuarm/bin/../lib/gcc/arm-elf/4.1.1/../../../../arm-elf/lib/interwork/libc.a(ctype_.o)
                0x001345c8                _ctype_
 .rodata        0x001346c9       0x20 /gnuarm/bin/../lib/gcc/arm-elf/4.1.1/../../../../arm-elf/lib/interwork/libc.a(vfprintf.o)
 *fill*         0x001346e9        0x1 00
 .rodata        0x001346ea       0x22 /gnuarm/bin/../lib/gcc/arm-elf/4.1.1/../../../../arm-elf/lib/interwork/libc.a(vfscanf.o)
 .rodata        0x0013470c        0x4 /gnuarm/bin/../lib/gcc/arm-elf/4.1.1/../../../../arm-elf/lib/interwork/libc.a(impure.o)
                0x0013470c                _global_impure_ptr
 .rodata        0x00134710       0x34 /gnuarm/bin/../lib/gcc/arm-elf/4.1.1/../../../../arm-elf/lib/interwork/libc.a(locale.o)
 .rodata        0x00134744      0x124 /gnuarm/bin/../lib/gcc/arm-elf/4.1.1/../../../../arm-elf/lib/interwork/libc.a(mprec.o)
                0x00134834                __mprec_tinytens
                0x00134744                __mprec_tens
                0x0013480c                __mprec_bigtens
 *(.rodata*)
 .rodata.str1.4
                0x00134868       0x63 /gnuarm/bin/../lib/gcc/arm-elf/4.1.1/../../../../arm-elf/lib/interwork/libc.a(vfprintf.o)
                                 0x64 (size before relaxing)
 *fill*         0x001348cb        0x1 00
 .rodata.str1.4
                0x001348cc        0x5 /gnuarm/bin/../lib/gcc/arm-elf/4.1.1/../../../../arm-elf/lib/interwork/libc.a(vfscanf.o)
                                  0x8 (size before relaxing)
 *fill*         0x001348d1        0x3 00
 .rodata.str1.4
                0x001348d4       0x1e /gnuarm/bin/../lib/gcc/arm-elf/4.1.1/../../../../arm-elf/lib/interwork/libc.a(wctomb_r.o)
                                 0x20 (size before relaxing)
 *fill*         0x001348f2        0x2 00
 .rodata.str1.4
                0x001348f4       0x10 /gnuarm/bin/../lib/gcc/arm-elf/4.1.1/../../../../arm-elf/lib/interwork/libc.a(dtoa.o)
                                 0x14 (size before relaxing)
 .rodata.str1.4
                0x00134904        0x2 /gnuarm/bin/../lib/gcc/arm-elf/4.1.1/../../../../arm-elf/lib/interwork/libc.a(impure.o)
                                  0x4 (size before relaxing)
 *fill*         0x00134906        0x2 00
 .rodata.str1.4
                0x00134908        0xc /gnuarm/bin/../lib/gcc/arm-elf/4.1.1/../../../../arm-elf/lib/interwork/libc.a(locale.o)
                                 0x18 (size before relaxing)
 .rodata.str1.4
                0x00000000        0x4 /gnuarm/bin/../lib/gcc/arm-elf/4.1.1/../../../../arm-elf/lib/interwork/libc.a(mbrtowc.o)
 *(.glue_7)
 .glue_7        0x00134914        0x0 ../controller/freertos/portable/GCC/ARM7_AT91SAM7S/portISR.o
 .glue_7        0x00134914        0x0 ../controller/makingthings/SAM7_EMAC_ISR.o
 .glue_7        0x00134914        0x0 ../controller/makingthings/USBIsr.o
 .glue_7        0x00134914        0x0 ../controller/startup/Cstartup_SAM7.o
 .glue_7        0x00134914        0x0 ../controller/makingthings/analogin_isr.o
 .glue_7        0x00134914        0x0 ../controller/makingthings/fasttimer_isr.o
 .glue_7        0x00134914        0x0 ../controller/makingthings/serial_isr.o
 .glue_7        0x00134914        0x0 ../controller/makingthings/timer_isr.o
 .glue_7        0x00134914        0x0 ../controller/makingthings/can_isr.o
 .glue_7        0x00134914        0x0 ../controller/freertos/tasks.o
 .glue_7        0x00134914        0x0 ../controller/freertos/queue.o
 .glue_7        0x00134914        0x0 ../controller/freertos/list.o
 .glue_7        0x00134914        0x0 ../controller/freertos/portable/GCC/ARM7_AT91SAM7S/port.o
 .glue_7        0x00134914        0x0 ../controller/startup/extras.o
 .glue_7        0x00134914        0x0 ../controller/freertos/portable/MemMang/heap_2.o
 .glue_7        0x00134914        0x0 ../controller/makingthings/main.o
 .glue_7        0x00134914        0x0 ../controller/makingthings/BasicWEB.o
 .glue_7        0x00134914        0x0 5th_make.o
 .glue_7        0x00134914        0x0 ../controller/makingthings/eeprom.o
 .glue_7        0x00134914        0x0 ../controller/makingthings/analogin.o
 .glue_7        0x00134914        0x0 ../controller/makingthings/serial.o
 .glue_7        0x00134914        0x0 ../controller/makingthings/pwm.o
 .glue_7        0x00134914        0x0 ../controller/makingthings/spi.o
 .glue_7        0x00134914        0x0 ../controller/makingthings/USB-CDC.o
 .glue_7        0x00134914        0x0 ../controller/makingthings/rtos.o
 .glue_7        0x00134914        0x0 ../controller/makingthings/usb.o
 .glue_7        0x00134914        0x0 ../controller/makingthings/network.o
 .glue_7        0x00134914        0x0 ../controller/makingthings/system.o
 .glue_7        0x00134914        0x0 ../controller/makingthings/poly.o
 .glue_7        0x00134914        0x0 ../appboard/makingthings/servo.o
 .glue_7        0x00134914        0x0 ../appboard/makingthings/stepper.o
 .glue_7        0x00134914        0x0 ../appboard/makingthings/dipswitch.o
 .glue_7        0x00134914        0x0 ../appboard/makingthings/motor.o
 .glue_7        0x00134914        0x0 ../appboard/makingthings/appboard.o
 .glue_7        0x00134914        0x0 ../appboard/makingthings/appled.o
 .glue_7        0x00134914        0x0 ../appboard/makingthings/pwmout.o
 .glue_7        0x00134914        0x0 ../appboard/makingthings/digitalin.o
 .glue_7        0x00134914        0x0 ../appboard/makingthings/digitalout.o
 .glue_7        0x00134914        0x0 ../controller/makingthings/io.o
 .glue_7        0x00134914        0x0 ../controller/makingthings/led.o
 .glue_7        0x00134914        0x0 ../controller/makingthings/timer.o
 .glue_7        0x00134914        0x0 ../controller/makingthings/fasttimer.o
 .glue_7        0x00134914        0x0 ../controller/makingthings/debugosc.o
 .glue_7        0x00134914        0x0 ../controller/makingthings/can.o
 .glue_7        0x00134914        0x0 ../controller/lwip/src/core/tcp_out.o
 .glue_7        0x00134914        0x0 ../controller/lwip/src/core/inet.o
 .glue_7        0x00134914        0x0 ../controller/lwip/src/core/mem.o
 .glue_7        0x00134914        0x0 ../controller/lwip/src/core/memp.o
 .glue_7        0x00134914        0x0 ../controller/lwip/src/core/netif.o
 .glue_7        0x00134914        0x0 ../controller/lwip/src/core/pbuf.o
 .glue_7        0x00134914        0x0 ../controller/lwip/src/core/raw.o
 .glue_7        0x00134914        0x0 ../controller/lwip/src/core/stats.o
 .glue_7        0x00134914        0x0 ../controller/lwip/src/core/sys.o
 .glue_7        0x00134914        0x0 ../controller/lwip/src/core/tcp.o
 .glue_7        0x00134914        0x0 ../controller/lwip/src/core/tcp_in.o
 .glue_7        0x00134914        0x0 ../controller/lwip/src/core/ipv4/ip.o
 .glue_7        0x00134914        0x0 ../controller/lwip/src/core/ipv4/ip_addr.o
 .glue_7        0x00134914        0x0 ../controller/lwip/src/core/ipv4/icmp.o
 .glue_7        0x00134914        0x0 ../controller/lwip/src/api/tcpip.o
 .glue_7        0x00134914        0x0 ../controller/lwip/src/api/api_msg.o
 .glue_7        0x00134914        0x0 ../controller/lwip/src/api/err.o
 .glue_7        0x00134914        0x0 ../controller/lwip/src/api/api_lib.o
 .glue_7        0x00134914        0x0 ../controller/lwip/src/netif/etharp.o
 .glue_7        0x00134914        0x0 ../controller/lwip/contrib/port/FreeRTOS/AT91SAM7X/sys_arch.o
 .glue_7        0x00134914        0x0 ../controller/lwip/src/netif/ethernetif.o
 .glue_7        0x00134914        0x0 ../controller/makingthings/SAM7_EMAC.o
 .glue_7        0x00134914        0x0 ../controller/lwip/src/core/udp.o
 .glue_7        0x00134914        0x0 ../controller/lwip/src/core/ipv4/ip_frag.o
 .glue_7        0x00134914        0x0 ../controller/makingthings/osc.o
 .glue_7        0x00134914        0x0 ../controller/makingthings/osc_patternmatch.o
 .glue_7        0x00134914        0x0 /cygdrive/c/DOCUME~1/Phucker/LOCALS~1/Temp/cclaBo7i.o
 .glue_7        0x00134914        0x0 /gnuarm/bin/../lib/gcc/arm-elf/4.1.1/interwork/libgcc.a(_udivsi3.o)
 .glue_7        0x00134914        0x0 /gnuarm/bin/../lib/gcc/arm-elf/4.1.1/interwork/libgcc.a(_divsi3.o)
 .glue_7        0x00134914        0x0 /gnuarm/bin/../lib/gcc/arm-elf/4.1.1/interwork/libgcc.a(_umodsi3.o)
 .glue_7        0x00134914        0x0 /gnuarm/bin/../lib/gcc/arm-elf/4.1.1/interwork/libgcc.a(_modsi3.o)
 .glue_7        0x00134914        0x0 /gnuarm/bin/../lib/gcc/arm-elf/4.1.1/interwork/libgcc.a(_dvmd_tls.o)
 .glue_7        0x00134914        0x0 /gnuarm/bin/../lib/gcc/arm-elf/4.1.1/interwork/libgcc.a(_addsubdf3.o)
 .glue_7        0x00134914        0x0 /gnuarm/bin/../lib/gcc/arm-elf/4.1.1/interwork/libgcc.a(_muldivdf3.o)
 .glue_7        0x00134914        0x0 /gnuarm/bin/../lib/gcc/arm-elf/4.1.1/interwork/libgcc.a(_truncdfsf2.o)
 .glue_7        0x00134914        0x0 /gnuarm/bin/../lib/gcc/arm-elf/4.1.1/interwork/libgcc.a(_addsubsf3.o)
 .glue_7        0x00134914        0x0 /gnuarm/bin/../lib/gcc/arm-elf/4.1.1/interwork/libgcc.a(_muldivsf3.o)
 .glue_7        0x00134914        0x0 /gnuarm/bin/../lib/gcc/arm-elf/4.1.1/interwork/libgcc.a(_cmpsf2.o)
 .glue_7        0x00134914        0x0 /gnuarm/bin/../lib/gcc/arm-elf/4.1.1/interwork/libgcc.a(_fixsfsi.o)
 .glue_7        0x00134914        0x0 /gnuarm/bin/../lib/gcc/arm-elf/4.1.1/../../../../arm-elf/lib/interwork/libc.a(ctype_.o)
 .glue_7        0x00134914        0x0 /gnuarm/bin/../lib/gcc/arm-elf/4.1.1/../../../../arm-elf/lib/interwork/libc.a(memcpy.o)
 .glue_7        0x00134914        0x0 /gnuarm/bin/../lib/gcc/arm-elf/4.1.1/../../../../arm-elf/lib/interwork/libc.a(memset.o)
 .glue_7        0x00134914        0x0 /gnuarm/bin/../lib/gcc/arm-elf/4.1.1/../../../../arm-elf/lib/interwork/libc.a(snprintf.o)
 .glue_7        0x00134914        0x0 /gnuarm/bin/../lib/gcc/arm-elf/4.1.1/../../../../arm-elf/lib/interwork/libc.a(sprintf.o)
 .glue_7        0x00134914        0x0 /gnuarm/bin/../lib/gcc/arm-elf/4.1.1/../../../../arm-elf/lib/interwork/libc.a(sscanf.o)
 .glue_7        0x00134914        0x0 /gnuarm/bin/../lib/gcc/arm-elf/4.1.1/../../../../arm-elf/lib/interwork/libc.a(strcat.o)
 .glue_7        0x00134914        0x0 /gnuarm/bin/../lib/gcc/arm-elf/4.1.1/../../../../arm-elf/lib/interwork/libc.a(strchr.o)
 .glue_7        0x00134914        0x0 /gnuarm/bin/../lib/gcc/arm-elf/4.1.1/../../../../arm-elf/lib/interwork/libc.a(strcmp.o)
 .glue_7        0x00134914        0x0 /gnuarm/bin/../lib/gcc/arm-elf/4.1.1/../../../../arm-elf/lib/interwork/libc.a(strcpy.o)
 .glue_7        0x00134914        0x0 /gnuarm/bin/../lib/gcc/arm-elf/4.1.1/../../../../arm-elf/lib/interwork/libc.a(strlen.o)
 .glue_7        0x00134914        0x0 /gnuarm/bin/../lib/gcc/arm-elf/4.1.1/../../../../arm-elf/lib/interwork/libc.a(strncmp.o)
 .glue_7        0x00134914        0x0 /gnuarm/bin/../lib/gcc/arm-elf/4.1.1/../../../../arm-elf/lib/interwork/libc.a(strncpy.o)
 .glue_7        0x00134914        0x0 /gnuarm/bin/../lib/gcc/arm-elf/4.1.1/../../../../arm-elf/lib/interwork/libc.a(vfprintf.o)
 .glue_7        0x00134914        0x0 /gnuarm/bin/../lib/gcc/arm-elf/4.1.1/../../../../arm-elf/lib/interwork/libc.a(vfscanf.o)
 .glue_7        0x00134914        0x0 /gnuarm/bin/../lib/gcc/arm-elf/4.1.1/../../../../arm-elf/lib/interwork/libc.a(vsnprintf.o)
 .glue_7        0x00134914        0x0 /gnuarm/bin/../lib/gcc/arm-elf/4.1.1/../../../../arm-elf/lib/interwork/libc.a(wcrtomb.o)
 .glue_7        0x00134914        0x0 /gnuarm/bin/../lib/gcc/arm-elf/4.1.1/../../../../arm-elf/lib/interwork/libc.a(wcsrtombs.o)
 .glue_7        0x00134914        0x0 /gnuarm/bin/../lib/gcc/arm-elf/4.1.1/../../../../arm-elf/lib/interwork/libc.a(wctomb_r.o)
 .glue_7        0x00134914        0x0 /gnuarm/bin/../lib/gcc/arm-elf/4.1.1/../../../../arm-elf/lib/interwork/libc.a(wsetup.o)
 .glue_7        0x00134914        0x0 /gnuarm/bin/../lib/gcc/arm-elf/4.1.1/../../../../arm-elf/lib/interwork/libc.a(dtoa.o)
 .glue_7        0x00134914        0x0 /gnuarm/bin/../lib/gcc/arm-elf/4.1.1/../../../../arm-elf/lib/interwork/libc.a(fflush.o)
 .glue_7        0x00134914        0x0 /gnuarm/bin/../lib/gcc/arm-elf/4.1.1/../../../../arm-elf/lib/interwork/libc.a(findfp.o)
 .glue_7        0x00134914        0x0 /gnuarm/bin/../lib/gcc/arm-elf/4.1.1/../../../../arm-elf/lib/interwork/libc.a(fread.o)
 .glue_7        0x00134914        0x0 /gnuarm/bin/../lib/gcc/arm-elf/4.1.1/../../../../arm-elf/lib/interwork/libc.a(freer.o)
 .glue_7        0x00134914        0x0 /gnuarm/bin/../lib/gcc/arm-elf/4.1.1/../../../../arm-elf/lib/interwork/libc.a(fvwrite.o)
 .glue_7        0x00134914        0x0 /gnuarm/bin/../lib/gcc/arm-elf/4.1.1/../../../../arm-elf/lib/interwork/libc.a(fwalk.o)
 .glue_7        0x00134914        0x0 /gnuarm/bin/../lib/gcc/arm-elf/4.1.1/../../../../arm-elf/lib/interwork/libc.a(impure.o)
 .glue_7        0x00134914        0x0 /gnuarm/bin/../lib/gcc/arm-elf/4.1.1/../../../../arm-elf/lib/interwork/libc.a(iswspace.o)
 .glue_7        0x00134914        0x0 /gnuarm/bin/../lib/gcc/arm-elf/4.1.1/../../../../arm-elf/lib/interwork/libc.a(locale.o)
 .glue_7        0x00134914        0x0 /gnuarm/bin/../lib/gcc/arm-elf/4.1.1/../../../../arm-elf/lib/interwork/libc.a(makebuf.o)
 .glue_7        0x00134914        0x0 /gnuarm/bin/../lib/gcc/arm-elf/4.1.1/../../../../arm-elf/lib/interwork/libc.a(mallocr.o)
 .glue_7        0x00134914        0x0 /gnuarm/bin/../lib/gcc/arm-elf/4.1.1/../../../../arm-elf/lib/interwork/libc.a(mbrtowc.o)
 .glue_7        0x00134914        0x0 /gnuarm/bin/../lib/gcc/arm-elf/4.1.1/../../../../arm-elf/lib/interwork/libc.a(mbtowc_r.o)
 .glue_7        0x00134914        0x0 /gnuarm/bin/../lib/gcc/arm-elf/4.1.1/../../../../arm-elf/lib/interwork/libc.a(memchr.o)
 .glue_7        0x00134914        0x0 /gnuarm/bin/../lib/gcc/arm-elf/4.1.1/../../../../arm-elf/lib/interwork/libc.a(memmove.o)
 .glue_7        0x00134914        0x0 /gnuarm/bin/../lib/gcc/arm-elf/4.1.1/../../../../arm-elf/lib/interwork/libc.a(mlock.o)
 .glue_7        0x00134914        0x0 /gnuarm/bin/../lib/gcc/arm-elf/4.1.1/../../../../arm-elf/lib/interwork/libc.a(mprec.o)
 .glue_7        0x00134914        0x0 /gnuarm/bin/../lib/gcc/arm-elf/4.1.1/../../../../arm-elf/lib/interwork/libc.a(reallocr.o)
 .glue_7        0x00134914        0x0 /gnuarm/bin/../lib/gcc/arm-elf/4.1.1/../../../../arm-elf/lib/interwork/libc.a(refill.o)
 .glue_7        0x00134914        0x0 /gnuarm/bin/../lib/gcc/arm-elf/4.1.1/../../../../arm-elf/lib/interwork/libc.a(s_isinf.o)
 .glue_7        0x00134914        0x0 /gnuarm/bin/../lib/gcc/arm-elf/4.1.1/../../../../arm-elf/lib/interwork/libc.a(s_isnan.o)
 .glue_7        0x00134914        0x0 /gnuarm/bin/../lib/gcc/arm-elf/4.1.1/../../../../arm-elf/lib/interwork/libc.a(sccl.o)
 .glue_7        0x00134914        0x0 /gnuarm/bin/../lib/gcc/arm-elf/4.1.1/../../../../arm-elf/lib/interwork/libc.a(sf_nan.o)
 .glue_7        0x00134914        0x0 /gnuarm/bin/../lib/gcc/arm-elf/4.1.1/../../../../arm-elf/lib/interwork/libc.a(stdio.o)
 .glue_7        0x00134914        0x0 /gnuarm/bin/../lib/gcc/arm-elf/4.1.1/../../../../arm-elf/lib/interwork/libc.a(strtod.o)
 .glue_7        0x00134914        0x0 /gnuarm/bin/../lib/gcc/arm-elf/4.1.1/../../../../arm-elf/lib/interwork/libc.a(strtol.o)
 .glue_7        0x00134914        0x0 /gnuarm/bin/../lib/gcc/arm-elf/4.1.1/../../../../arm-elf/lib/interwork/libc.a(strtoul.o)
 .glue_7        0x00134914        0x0 /gnuarm/bin/../lib/gcc/arm-elf/4.1.1/../../../../arm-elf/lib/interwork/libc.a(ungetc.o)
 .glue_7        0x00134914        0x0 /gnuarm/bin/../lib/gcc/arm-elf/4.1.1/../../../../arm-elf/lib/interwork/libc.a(callocr.o)
 .glue_7        0x00134914        0x0 /gnuarm/bin/../lib/gcc/arm-elf/4.1.1/../../../../arm-elf/lib/interwork/libc.a(fclose.o)
 .glue_7        0x00134914        0x0 /gnuarm/bin/../lib/gcc/arm-elf/4.1.1/../../../../arm-elf/lib/interwork/libc.a(s_nan.o)
 .glue_7        0x00134914        0x0 /gnuarm/bin/../lib/gcc/arm-elf/4.1.1/interwork/libgcc.a(_cmpdf2.o)
 .glue_7        0x00134914       0xa8 /gnuarm/bin/../lib/gcc/arm-elf/4.1.1/interwork/libgcc.a(_fixdfsi.o)
                0x001349b0                ___read_r_from_arm
                0x00134950                __Io_SetFalse_from_arm
                0x0013492c                __xQueueSendFromISR_from_arm
                0x001349a4                ___write_r_from_arm
                0x00134938                __vClearEMACTxBuffer_from_arm
                0x0013498c                ___close_r_from_arm
                0x00134980                __isatty_from_arm
                0x00134974                ___fstat_r_from_arm
                0x00134968                ___sbrk_r_from_arm
                0x00134944                __Io_SetTrue_from_arm
                0x00134920                __vTaskIncrementTick_from_arm
                0x0013495c                __xQueueReceiveFromISR_from_arm
                0x00134998                ___lseek_r_from_arm
                0x00134914                __vTaskSwitchContext_from_arm
 *(.glue_7t)
 .glue_7t       0x001349bc        0x0 ../controller/freertos/portable/GCC/ARM7_AT91SAM7S/portISR.o
 .glue_7t       0x001349bc        0x0 ../controller/makingthings/SAM7_EMAC_ISR.o
 .glue_7t       0x001349bc        0x0 ../controller/makingthings/USBIsr.o
 .glue_7t       0x001349bc        0x0 ../controller/startup/Cstartup_SAM7.o
 .glue_7t       0x001349bc        0x0 ../controller/makingthings/analogin_isr.o
 .glue_7t       0x001349bc        0x0 ../controller/makingthings/fasttimer_isr.o
 .glue_7t       0x001349bc        0x0 ../controller/makingthings/serial_isr.o
 .glue_7t       0x001349bc        0x0 ../controller/makingthings/timer_isr.o
 .glue_7t       0x001349bc        0x0 ../controller/makingthings/can_isr.o
 .glue_7t       0x001349bc        0x0 ../controller/freertos/tasks.o
 .glue_7t       0x001349bc        0x0 ../controller/freertos/queue.o
 .glue_7t       0x001349bc        0x0 ../controller/freertos/list.o
 .glue_7t       0x001349bc        0x0 ../controller/freertos/portable/GCC/ARM7_AT91SAM7S/port.o
 .glue_7t       0x001349bc        0x0 ../controller/startup/extras.o
 .glue_7t       0x001349bc        0x0 ../controller/freertos/portable/MemMang/heap_2.o
 .glue_7t       0x001349bc        0x0 ../controller/makingthings/main.o
 .glue_7t       0x001349bc        0x0 ../controller/makingthings/BasicWEB.o
 .glue_7t       0x001349bc        0x0 5th_make.o
 .glue_7t       0x001349bc        0x0 ../controller/makingthings/eeprom.o
 .glue_7t       0x001349bc        0x0 ../controller/makingthings/analogin.o
 .glue_7t       0x001349bc        0x0 ../controller/makingthings/serial.o
 .glue_7t       0x001349bc        0x0 ../controller/makingthings/pwm.o
 .glue_7t       0x001349bc        0x0 ../controller/makingthings/spi.o
 .glue_7t       0x001349bc        0x0 ../controller/makingthings/USB-CDC.o
 .glue_7t       0x001349bc        0x0 ../controller/makingthings/rtos.o
 .glue_7t       0x001349bc        0x0 ../controller/makingthings/usb.o
 .glue_7t       0x001349bc        0x0 ../controller/makingthings/network.o
 .glue_7t       0x001349bc        0x0 ../controller/makingthings/system.o
 .glue_7t       0x001349bc        0x0 ../controller/makingthings/poly.o
 .glue_7t       0x001349bc        0x0 ../appboard/makingthings/servo.o
 .glue_7t       0x001349bc        0x0 ../appboard/makingthings/stepper.o
 .glue_7t       0x001349bc        0x0 ../appboard/makingthings/dipswitch.o
 .glue_7t       0x001349bc        0x0 ../appboard/makingthings/motor.o
 .glue_7t       0x001349bc        0x0 ../appboard/makingthings/appboard.o
 .glue_7t       0x001349bc        0x0 ../appboard/makingthings/appled.o
 .glue_7t       0x001349bc        0x0 ../appboard/makingthings/pwmout.o
 .glue_7t       0x001349bc        0x0 ../appboard/makingthings/digitalin.o
 .glue_7t       0x001349bc        0x0 ../appboard/makingthings/digitalout.o
 .glue_7t       0x001349bc        0x0 ../controller/makingthings/io.o
 .glue_7t       0x001349bc        0x0 ../controller/makingthings/led.o
 .glue_7t       0x001349bc        0x0 ../controller/makingthings/timer.o
 .glue_7t       0x001349bc        0x0 ../controller/makingthings/fasttimer.o
 .glue_7t       0x001349bc        0x0 ../controller/makingthings/debugosc.o
 .glue_7t       0x001349bc        0x0 ../controller/makingthings/can.o
 .glue_7t       0x001349bc        0x0 ../controller/lwip/src/core/tcp_out.o
 .glue_7t       0x001349bc        0x0 ../controller/lwip/src/core/inet.o
 .glue_7t       0x001349bc        0x0 ../controller/lwip/src/core/mem.o
 .glue_7t       0x001349bc        0x0 ../controller/lwip/src/core/memp.o
 .glue_7t       0x001349bc        0x0 ../controller/lwip/src/core/netif.o
 .glue_7t       0x001349bc        0x0 ../controller/lwip/src/core/pbuf.o
 .glue_7t       0x001349bc        0x0 ../controller/lwip/src/core/raw.o
 .glue_7t       0x001349bc        0x0 ../controller/lwip/src/core/stats.o
 .glue_7t       0x001349bc        0x0 ../controller/lwip/src/core/sys.o
 .glue_7t       0x001349bc        0x0 ../controller/lwip/src/core/tcp.o
 .glue_7t       0x001349bc        0x0 ../controller/lwip/src/core/tcp_in.o
 .glue_7t       0x001349bc        0x0 ../controller/lwip/src/core/ipv4/ip.o
 .glue_7t       0x001349bc        0x0 ../controller/lwip/src/core/ipv4/ip_addr.o
 .glue_7t       0x001349bc        0x0 ../controller/lwip/src/core/ipv4/icmp.o
 .glue_7t       0x001349bc        0x0 ../controller/lwip/src/api/tcpip.o
 .glue_7t       0x001349bc        0x0 ../controller/lwip/src/api/api_msg.o
 .glue_7t       0x001349bc        0x0 ../controller/lwip/src/api/err.o
 .glue_7t       0x001349bc        0x0 ../controller/lwip/src/api/api_lib.o
 .glue_7t       0x001349bc        0x0 ../controller/lwip/src/netif/etharp.o
 .glue_7t       0x001349bc        0x0 ../controller/lwip/contrib/port/FreeRTOS/AT91SAM7X/sys_arch.o
 .glue_7t       0x001349bc        0x0 ../controller/lwip/src/netif/ethernetif.o
 .glue_7t       0x001349bc        0x0 ../controller/makingthings/SAM7_EMAC.o
 .glue_7t       0x001349bc        0x0 ../controller/lwip/src/core/udp.o
 .glue_7t       0x001349bc        0x0 ../controller/lwip/src/core/ipv4/ip_frag.o
 .glue_7t       0x001349bc        0x0 ../controller/makingthings/osc.o
 .glue_7t       0x001349bc        0x0 ../controller/makingthings/osc_patternmatch.o
 .glue_7t       0x001349bc        0x0 /cygdrive/c/DOCUME~1/Phucker/LOCALS~1/Temp/cclaBo7i.o
 .glue_7t       0x001349bc        0x0 /gnuarm/bin/../lib/gcc/arm-elf/4.1.1/interwork/libgcc.a(_udivsi3.o)
 .glue_7t       0x001349bc        0x0 /gnuarm/bin/../lib/gcc/arm-elf/4.1.1/interwork/libgcc.a(_divsi3.o)
 .glue_7t       0x001349bc        0x0 /gnuarm/bin/../lib/gcc/arm-elf/4.1.1/interwork/libgcc.a(_umodsi3.o)
 .glue_7t       0x001349bc        0x0 /gnuarm/bin/../lib/gcc/arm-elf/4.1.1/interwork/libgcc.a(_modsi3.o)
 .glue_7t       0x001349bc        0x0 /gnuarm/bin/../lib/gcc/arm-elf/4.1.1/interwork/libgcc.a(_dvmd_tls.o)
 .glue_7t       0x001349bc        0x0 /gnuarm/bin/../lib/gcc/arm-elf/4.1.1/interwork/libgcc.a(_addsubdf3.o)
 .glue_7t       0x001349bc        0x0 /gnuarm/bin/../lib/gcc/arm-elf/4.1.1/interwork/libgcc.a(_muldivdf3.o)
 .glue_7t       0x001349bc        0x0 /gnuarm/bin/../lib/gcc/arm-elf/4.1.1/interwork/libgcc.a(_truncdfsf2.o)
 .glue_7t       0x001349bc        0x0 /gnuarm/bin/../lib/gcc/arm-elf/4.1.1/interwork/libgcc.a(_addsubsf3.o)
 .glue_7t       0x001349bc        0x0 /gnuarm/bin/../lib/gcc/arm-elf/4.1.1/interwork/libgcc.a(_muldivsf3.o)
 .glue_7t       0x001349bc        0x0 /gnuarm/bin/../lib/gcc/arm-elf/4.1.1/interwork/libgcc.a(_cmpsf2.o)
 .glue_7t       0x001349bc        0x0 /gnuarm/bin/../lib/gcc/arm-elf/4.1.1/interwork/libgcc.a(_fixsfsi.o)
 .glue_7t       0x001349bc        0x0 /gnuarm/bin/../lib/gcc/arm-elf/4.1.1/../../../../arm-elf/lib/interwork/libc.a(ctype_.o)
 .glue_7t       0x001349bc        0x0 /gnuarm/bin/../lib/gcc/arm-elf/4.1.1/../../../../arm-elf/lib/interwork/libc.a(memcpy.o)
 .glue_7t       0x001349bc        0x0 /gnuarm/bin/../lib/gcc/arm-elf/4.1.1/../../../../arm-elf/lib/interwork/libc.a(memset.o)
 .glue_7t       0x001349bc        0x0 /gnuarm/bin/../lib/gcc/arm-elf/4.1.1/../../../../arm-elf/lib/interwork/libc.a(snprintf.o)
 .glue_7t       0x001349bc        0x0 /gnuarm/bin/../lib/gcc/arm-elf/4.1.1/../../../../arm-elf/lib/interwork/libc.a(sprintf.o)
 .glue_7t       0x001349bc        0x0 /gnuarm/bin/../lib/gcc/arm-elf/4.1.1/../../../../arm-elf/lib/interwork/libc.a(sscanf.o)
 .glue_7t       0x001349bc        0x0 /gnuarm/bin/../lib/gcc/arm-elf/4.1.1/../../../../arm-elf/lib/interwork/libc.a(strcat.o)
 .glue_7t       0x001349bc        0x0 /gnuarm/bin/../lib/gcc/arm-elf/4.1.1/../../../../arm-elf/lib/interwork/libc.a(strchr.o)
 .glue_7t       0x001349bc        0x0 /gnuarm/bin/../lib/gcc/arm-elf/4.1.1/../../../../arm-elf/lib/interwork/libc.a(strcmp.o)
 .glue_7t       0x001349bc        0x0 /gnuarm/bin/../lib/gcc/arm-elf/4.1.1/../../../../arm-elf/lib/interwork/libc.a(strcpy.o)
 .glue_7t       0x001349bc        0x0 /gnuarm/bin/../lib/gcc/arm-elf/4.1.1/../../../../arm-elf/lib/interwork/libc.a(strlen.o)
 .glue_7t       0x001349bc        0x0 /gnuarm/bin/../lib/gcc/arm-elf/4.1.1/../../../../arm-elf/lib/interwork/libc.a(strncmp.o)
 .glue_7t       0x001349bc        0x0 /gnuarm/bin/../lib/gcc/arm-elf/4.1.1/../../../../arm-elf/lib/interwork/libc.a(strncpy.o)
 .glue_7t       0x001349bc        0x0 /gnuarm/bin/../lib/gcc/arm-elf/4.1.1/../../../../arm-elf/lib/interwork/libc.a(vfprintf.o)
 .glue_7t       0x001349bc        0x0 /gnuarm/bin/../lib/gcc/arm-elf/4.1.1/../../../../arm-elf/lib/interwork/libc.a(vfscanf.o)
 .glue_7t       0x001349bc        0x0 /gnuarm/bin/../lib/gcc/arm-elf/4.1.1/../../../../arm-elf/lib/interwork/libc.a(vsnprintf.o)
 .glue_7t       0x001349bc        0x0 /gnuarm/bin/../lib/gcc/arm-elf/4.1.1/../../../../arm-elf/lib/interwork/libc.a(wcrtomb.o)
 .glue_7t       0x001349bc        0x0 /gnuarm/bin/../lib/gcc/arm-elf/4.1.1/../../../../arm-elf/lib/interwork/libc.a(wcsrtombs.o)
 .glue_7t       0x001349bc        0x0 /gnuarm/bin/../lib/gcc/arm-elf/4.1.1/../../../../arm-elf/lib/interwork/libc.a(wctomb_r.o)
 .glue_7t       0x001349bc        0x0 /gnuarm/bin/../lib/gcc/arm-elf/4.1.1/../../../../arm-elf/lib/interwork/libc.a(wsetup.o)
 .glue_7t       0x001349bc        0x0 /gnuarm/bin/../lib/gcc/arm-elf/4.1.1/../../../../arm-elf/lib/interwork/libc.a(dtoa.o)
 .glue_7t       0x001349bc        0x0 /gnuarm/bin/../lib/gcc/arm-elf/4.1.1/../../../../arm-elf/lib/interwork/libc.a(fflush.o)
 .glue_7t       0x001349bc        0x0 /gnuarm/bin/../lib/gcc/arm-elf/4.1.1/../../../../arm-elf/lib/interwork/libc.a(findfp.o)
 .glue_7t       0x001349bc        0x0 /gnuarm/bin/../lib/gcc/arm-elf/4.1.1/../../../../arm-elf/lib/interwork/libc.a(fread.o)
 .glue_7t       0x001349bc        0x0 /gnuarm/bin/../lib/gcc/arm-elf/4.1.1/../../../../arm-elf/lib/interwork/libc.a(freer.o)
 .glue_7t       0x001349bc        0x0 /gnuarm/bin/../lib/gcc/arm-elf/4.1.1/../../../../arm-elf/lib/interwork/libc.a(fvwrite.o)
 .glue_7t       0x001349bc        0x0 /gnuarm/bin/../lib/gcc/arm-elf/4.1.1/../../../../arm-elf/lib/interwork/libc.a(fwalk.o)
 .glue_7t       0x001349bc        0x0 /gnuarm/bin/../lib/gcc/arm-elf/4.1.1/../../../../arm-elf/lib/interwork/libc.a(impure.o)
 .glue_7t       0x001349bc        0x0 /gnuarm/bin/../lib/gcc/arm-elf/4.1.1/../../../../arm-elf/lib/interwork/libc.a(iswspace.o)
 .glue_7t       0x001349bc        0x0 /gnuarm/bin/../lib/gcc/arm-elf/4.1.1/../../../../arm-elf/lib/interwork/libc.a(locale.o)
 .glue_7t       0x001349bc        0x0 /gnuarm/bin/../lib/gcc/arm-elf/4.1.1/../../../../arm-elf/lib/interwork/libc.a(makebuf.o)
 .glue_7t       0x001349bc        0x0 /gnuarm/bin/../lib/gcc/arm-elf/4.1.1/../../../../arm-elf/lib/interwork/libc.a(mallocr.o)
 .glue_7t       0x001349bc        0x0 /gnuarm/bin/../lib/gcc/arm-elf/4.1.1/../../../../arm-elf/lib/interwork/libc.a(mbrtowc.o)
 .glue_7t       0x001349bc        0x0 /gnuarm/bin/../lib/gcc/arm-elf/4.1.1/../../../../arm-elf/lib/interwork/libc.a(mbtowc_r.o)
 .glue_7t       0x001349bc        0x0 /gnuarm/bin/../lib/gcc/arm-elf/4.1.1/../../../../arm-elf/lib/interwork/libc.a(memchr.o)
 .glue_7t       0x001349bc        0x0 /gnuarm/bin/../lib/gcc/arm-elf/4.1.1/../../../../arm-elf/lib/interwork/libc.a(memmove.o)
 .glue_7t       0x001349bc        0x0 /gnuarm/bin/../lib/gcc/arm-elf/4.1.1/../../../../arm-elf/lib/interwork/libc.a(mlock.o)
 .glue_7t       0x001349bc        0x0 /gnuarm/bin/../lib/gcc/arm-elf/4.1.1/../../../../arm-elf/lib/interwork/libc.a(mprec.o)
 .glue_7t       0x001349bc        0x0 /gnuarm/bin/../lib/gcc/arm-elf/4.1.1/../../../../arm-elf/lib/interwork/libc.a(reallocr.o)
 .glue_7t       0x001349bc        0x0 /gnuarm/bin/../lib/gcc/arm-elf/4.1.1/../../../../arm-elf/lib/interwork/libc.a(refill.o)
 .glue_7t       0x001349bc        0x0 /gnuarm/bin/../lib/gcc/arm-elf/4.1.1/../../../../arm-elf/lib/interwork/libc.a(s_isinf.o)
 .glue_7t       0x001349bc        0x0 /gnuarm/bin/../lib/gcc/arm-elf/4.1.1/../../../../arm-elf/lib/interwork/libc.a(s_isnan.o)
 .glue_7t       0x001349bc        0x0 /gnuarm/bin/../lib/gcc/arm-elf/4.1.1/../../../../arm-elf/lib/interwork/libc.a(sccl.o)
 .glue_7t       0x001349bc        0x0 /gnuarm/bin/../lib/gcc/arm-elf/4.1.1/../../../../arm-elf/lib/interwork/libc.a(sf_nan.o)