Archive member included because of file (symbol)

/gnuarm/bin/../lib/gcc/arm-elf/4.1.1/interwork/libgcc.a(_udivsi3.o)
                              ../controller/lwip/src/core/inet.o (__udivsi3)
/gnuarm/bin/../lib/gcc/arm-elf/4.1.1/interwork/libgcc.a(_divsi3.o)
                              2nd_make.o (__divsi3)
/gnuarm/bin/../lib/gcc/arm-elf/4.1.1/interwork/libgcc.a(_umodsi3.o)
                              ../controller/lwip/src/core/inet.o (__umodsi3)
/gnuarm/bin/../lib/gcc/arm-elf/4.1.1/interwork/libgcc.a(_modsi3.o)
                              ../controller/makingthings/serial.o (__modsi3)
/gnuarm/bin/../lib/gcc/arm-elf/4.1.1/interwork/libgcc.a(_dvmd_tls.o)
                              /gnuarm/bin/../lib/gcc/arm-elf/4.1.1/interwork/libgcc.a(_udivsi3.o) (__div0)
/gnuarm/bin/../lib/gcc/arm-elf/4.1.1/interwork/libgcc.a(_addsubdf3.o)
                              ../controller/makingthings/poly.o (__floatsidf)
/gnuarm/bin/../lib/gcc/arm-elf/4.1.1/interwork/libgcc.a(_muldivdf3.o)
                              ../controller/makingthings/poly.o (__divdf3)
/gnuarm/bin/../lib/gcc/arm-elf/4.1.1/interwork/libgcc.a(_truncdfsf2.o)
                              ../controller/makingthings/poly.o (__truncdfsf2)
/gnuarm/bin/../lib/gcc/arm-elf/4.1.1/interwork/libgcc.a(_addsubsf3.o)
                              ../controller/makingthings/poly.o (__subsf3)
/gnuarm/bin/../lib/gcc/arm-elf/4.1.1/interwork/libgcc.a(_muldivsf3.o)
                              ../controller/makingthings/poly.o (__mulsf3)
/gnuarm/bin/../lib/gcc/arm-elf/4.1.1/interwork/libgcc.a(_cmpsf2.o)
                              ../controller/makingthings/poly.o (__gtsf2)
/gnuarm/bin/../lib/gcc/arm-elf/4.1.1/interwork/libgcc.a(_fixsfsi.o)
                              ../controller/makingthings/poly.o (__fixsfsi)
/gnuarm/bin/../lib/gcc/arm-elf/4.1.1/../../../../arm-elf/lib/interwork/libc.a(ctype_.o)
                              ../controller/makingthings/osc.o (__ctype_ptr)
/gnuarm/bin/../lib/gcc/arm-elf/4.1.1/../../../../arm-elf/lib/interwork/libc.a(memcpy.o)
                              ../controller/freertos/tasks.o (memcpy)
/gnuarm/bin/../lib/gcc/arm-elf/4.1.1/../../../../arm-elf/lib/interwork/libc.a(memset.o)
                              ../controller/freertos/tasks.o (memset)
/gnuarm/bin/../lib/gcc/arm-elf/4.1.1/../../../../arm-elf/lib/interwork/libc.a(snprintf.o)
                              ../controller/makingthings/BasicWEB.o (snprintf)
/gnuarm/bin/../lib/gcc/arm-elf/4.1.1/../../../../arm-elf/lib/interwork/libc.a(sprintf.o)
                              ../controller/freertos/tasks.o (sprintf)
/gnuarm/bin/../lib/gcc/arm-elf/4.1.1/../../../../arm-elf/lib/interwork/libc.a(sscanf.o)
                              ../controller/makingthings/network.o (sscanf)
/gnuarm/bin/../lib/gcc/arm-elf/4.1.1/../../../../arm-elf/lib/interwork/libc.a(strcat.o)
                              ../controller/freertos/tasks.o (strcat)
/gnuarm/bin/../lib/gcc/arm-elf/4.1.1/../../../../arm-elf/lib/interwork/libc.a(strchr.o)
                              ../controller/makingthings/osc.o (strchr)
/gnuarm/bin/../lib/gcc/arm-elf/4.1.1/../../../../arm-elf/lib/interwork/libc.a(strcmp.o)
                              ../controller/makingthings/osc.o (strcmp)
/gnuarm/bin/../lib/gcc/arm-elf/4.1.1/../../../../arm-elf/lib/interwork/libc.a(strcpy.o)
                              ../controller/makingthings/osc.o (strcpy)
/gnuarm/bin/../lib/gcc/arm-elf/4.1.1/../../../../arm-elf/lib/interwork/libc.a(strlen.o)
                              ../controller/freertos/tasks.o (strlen)
/gnuarm/bin/../lib/gcc/arm-elf/4.1.1/../../../../arm-elf/lib/interwork/libc.a(strncmp.o)
                              ../controller/makingthings/BasicWEB.o (strncmp)
/gnuarm/bin/../lib/gcc/arm-elf/4.1.1/../../../../arm-elf/lib/interwork/libc.a(strncpy.o)
                              ../controller/freertos/tasks.o (strncpy)
/gnuarm/bin/../lib/gcc/arm-elf/4.1.1/../../../../arm-elf/lib/interwork/libc.a(vfprintf.o)
                              /gnuarm/bin/../lib/gcc/arm-elf/4.1.1/../../../../arm-elf/lib/interwork/libc.a(snprintf.o) (_vfprintf_r)
/gnuarm/bin/../lib/gcc/arm-elf/4.1.1/../../../../arm-elf/lib/interwork/libc.a(vfscanf.o)
                              /gnuarm/bin/../lib/gcc/arm-elf/4.1.1/../../../../arm-elf/lib/interwork/libc.a(sscanf.o) (__svfscanf_r)
/gnuarm/bin/../lib/gcc/arm-elf/4.1.1/../../../../arm-elf/lib/interwork/libc.a(vsnprintf.o)
                              ../controller/makingthings/debugosc.o (vsnprintf)
/gnuarm/bin/../lib/gcc/arm-elf/4.1.1/../../../../arm-elf/lib/interwork/libc.a(wcrtomb.o)
                              /gnuarm/bin/../lib/gcc/arm-elf/4.1.1/../../../../arm-elf/lib/interwork/libc.a(vfprintf.o) (_wcrtomb_r)
/gnuarm/bin/../lib/gcc/arm-elf/4.1.1/../../../../arm-elf/lib/interwork/libc.a(wcsrtombs.o)
                              /gnuarm/bin/../lib/gcc/arm-elf/4.1.1/../../../../arm-elf/lib/interwork/libc.a(vfprintf.o) (_wcsrtombs_r)
[...]
Memory Configuration

Name             Origin             Length             Attributes
flash            0x00100000         0x00040000
ram              0x00200000         0x0000fa24
*default*        0x00000000         0xffffffff

Linker script and memory map

LOAD ../controller/freertos/portable/GCC/ARM7_AT91SAM7S/portISR.o
LOAD ../controller/makingthings/SAM7_EMAC_ISR.o
LOAD ../controller/makingthings/USBIsr.o
LOAD ../controller/startup/Cstartup_SAM7.o
LOAD ../controller/makingthings/analogin_isr.o
LOAD ../controller/makingthings/fasttimer_isr.o
LOAD ../controller/makingthings/serial_isr.o
LOAD ../controller/makingthings/timer_isr.o
LOAD ../controller/makingthings/can_isr.o
LOAD ../controller/freertos/tasks.o
LOAD ../controller/freertos/queue.o
LOAD ../controller/freertos/list.o
LOAD ../controller/freertos/portable/GCC/ARM7_AT91SAM7S/port.o
LOAD ../controller/startup/extras.o
LOAD ../controller/freertos/portable/MemMang/heap_2.o
LOAD ../controller/makingthings/main.o
LOAD ../controller/makingthings/BasicWEB.o
LOAD 2nd_make.o
LOAD ../controller/makingthings/eeprom.o
LOAD ../controller/makingthings/analogin.o
LOAD ../controller/makingthings/serial.o
LOAD ../controller/makingthings/pwm.o
LOAD ../controller/makingthings/spi.o
LOAD ../controller/makingthings/USB-CDC.o
LOAD ../controller/makingthings/rtos.o
LOAD ../controller/makingthings/usb.o
LOAD ../controller/makingthings/network.o
LOAD ../controller/makingthings/system.o
LOAD ../controller/makingthings/poly.o
LOAD ../appboard/makingthings/servo.o
LOAD ../appboard/makingthings/stepper.o
LOAD ../appboard/makingthings/dipswitch.o
LOAD ../appboard/makingthings/motor.o
LOAD ../appboard/makingthings/appboard.o
LOAD ../appboard/makingthings/appled.o
LOAD ../appboard/makingthings/pwmout.o
LOAD ../appboard/makingthings/digitalin.o
LOAD ../appboard/makingthings/digitalout.o
LOAD ../controller/makingthings/io.o
LOAD ../controller/makingthings/led.o
LOAD ../controller/makingthings/timer.o
LOAD ../controller/makingthings/fasttimer.o
LOAD ../controller/makingthings/debugosc.o
LOAD ../controller/makingthings/can.o
LOAD ../controller/lwip/src/core/tcp_out.o
LOAD ../controller/lwip/src/core/inet.o
LOAD ../controller/lwip/src/core/mem.o
LOAD ../controller/lwip/src/core/memp.o
LOAD ../controller/lwip/src/core/netif.o
LOAD ../controller/lwip/src/core/pbuf.o
LOAD ../controller/lwip/src/core/raw.o
LOAD ../controller/lwip/src/core/stats.o
LOAD ../controller/lwip/src/core/sys.o
LOAD ../controller/lwip/src/core/tcp.o
LOAD ../controller/lwip/src/core/tcp_in.o
LOAD ../controller/lwip/src/core/ipv4/ip.o
LOAD ../controller/lwip/src/core/ipv4/ip_addr.o
LOAD ../controller/lwip/src/core/ipv4/icmp.o
LOAD ../controller/lwip/src/api/tcpip.o
LOAD ../controller/lwip/src/api/api_msg.o
LOAD ../controller/lwip/src/api/err.o
LOAD ../controller/lwip/src/api/api_lib.o
LOAD ../controller/lwip/src/netif/etharp.o
LOAD ../controller/lwip/contrib/port/FreeRTOS/AT91SAM7X/sys_arch.o
LOAD ../controller/lwip/src/netif/ethernetif.o
LOAD ../controller/makingthings/SAM7_EMAC.o
LOAD ../controller/lwip/src/core/udp.o
LOAD ../controller/lwip/src/core/ipv4/ip_frag.o
LOAD ../controller/makingthings/osc.o
LOAD ../controller/makingthings/osc_patternmatch.o
LOAD /cygdrive/c/DOCUME~1/Phucker/LOCALS~1/Temp/ccSuhWUy.o
START GROUP
LOAD /gnuarm/bin/../lib/gcc/arm-elf/4.1.1/interwork/libgcc.a
LOAD /gnuarm/bin/../lib/gcc/arm-elf/4.1.1/../../../../arm-elf/lib/interwork/libc.a
END GROUP
                0x0020fffc                __stack_end__ = 0x20fffc
                0x00000000                . = 0x0

startup         0x00100000       0x44
 *(.startup)
 .startup       0x00100000       0x44 /cygdrive/c/DOCUME~1/Phucker/LOCALS~1/Temp/ccSuhWUy.o

prog            0x00100044    0x33e60
 *(.text)
 .text          0x00100044      0x2b0 ../controller/freertos/portable/GCC/ARM7_AT91SAM7S/portISR.o
                0x00100150                vPreemptiveTick
                0x00100288                vPortExitCritical
                0x00100214                vPortDisableInterruptsFromThumb
                0x001000a4                swi_handler
                0x00100044                vPortISRStartFirstTask
                0x0010022c                vPortEnableInterruptsFromThumb
                0x00100244                vPortEnterCritical
 .text          0x001002f4      0x1a0 ../controller/makingthings/SAM7_EMAC_ISR.o
                0x0010045c                vPassEMACSemaphore
                0x001002f4                vEMACISR
 .text          0x00100494      0x378 ../controller/makingthings/USBIsr.o
                0x00100494                vUSB_ISR
 .text          0x0010080c       0xdc ../controller/startup/Cstartup_SAM7.o
                0x0010080c                AT91F_LowLevelInit
 .text          0x001008e8      0x12c ../controller/makingthings/analogin_isr.o
                0x001008e8                AnalogInIsr
 .text          0x00100a14      0x3ac ../controller/makingthings/fasttimer_isr.o
                0x00100a14                DisableFIQFromThumb
                0x00100a44                EnableFIQFromThumb
                0x00100a74                FastTimer_Isr
 .text          0x00100dc0      0x1d0 ../controller/makingthings/serial_isr.o
                0x00100dc0                Serial_Isr
 .text          0x00100f90      0x36c ../controller/makingthings/timer_isr.o
                0x00100f90                Timer_Isr
 .text          0x001012fc       0xd8 ../controller/makingthings/can_isr.o
                0x001012fc                CanIsr
 .text          0x001013d4     0x15ac ../controller/freertos/tasks.o
                0x00101860                uxTaskPriorityGet
                0x0010165c                TaskGetTimeouts
                0x001018b4                vTaskPrioritySet
                0x00101cac                vTaskEndScheduler
                0x001022b0                vTaskPlaceOnEventList
                0x00101b54                xTaskResumeFromISR
                0x00101ff8                ulTaskEndTrace
                0x00101e28                xTaskGetTickCount
                0x00102348                xTaskRemoveFromEventList
                0x00101fa0                vTaskStartTrace
                0x001015a8                vTaskDelete
                0x00102470                xTaskCheckForTimeOut
                0x00101ccc                vTaskSuspendAll
                0x00101aa0                vTaskResume
                0x00102138                vTaskSwitchContext
                0x00101a08                vTaskSuspend
                0x00101e54                uxTaskGetNumberOfTasks
                0x00102038                vTaskIncrementTick
                0x00101e80                vTaskList
                0x0010169c                vTaskDelayUntil
                0x00102954                xTaskGetCurrentTaskHandle
                0x001028dc                usTaskCheckFreeStackSpace
                0x00101cf0                xTaskResumeAll
                0x00101c4c                vTaskStartScheduler
                0x0010250c                vTaskMissedYield
                0x001013d4                xTaskCreate
                0x001017b8                vTaskDelay
                0x00102440                vTaskSetTimeOutState
 .text          0x00102980      0x878 ../controller/freertos/queue.o
                0x00102c98                xQueueSendFromISR
                0x00102980                xQueueCreate
                0x00102d94                xQueueReceive
                0x00102abc                xQueueSend
                0x0010309c                vQueueDelete
                0x00102f68                xQueueReceiveFromISR
                0x00103070                uxQueueMessagesWaiting
 .text          0x001031f8      0x20c ../controller/freertos/list.o
                0x00103264                vListInsertEnd
                0x00103398                vListRemove
                0x00103248                vListInitialiseItem
                0x001031f8                vListInitialise
                0x001032e0                vListInsert
 .text          0x00103404      0x2bc ../controller/freertos/portable/GCC/ARM7_AT91SAM7S/port.o
                0x00103630                xPortStartScheduler
                0x00103648                vPortEndScheduler
                0x00103404                pxPortInitialiseStack
 .text          0x001036c0      0x12c ../controller/startup/extras.o
                0x00103724                _lseek_r
                0x001037c8                _fstat_r
                0x00103708                isatty
                0x001036c0                _sbrk_r
                0x0010379c                _read_r
                0x001036dc                _open_r
                0x0010377c                _close_r
                0x00103750                _write_r
 .text          0x001037ec      0x2f0 ../controller/freertos/portable/MemMang/heap_2.o
                0x001039d0                vPortFree
                0x001037ec                pvPortMalloc
                0x00103a78                PortFreeMemory
 .text          0x00103adc      0x164 ../controller/makingthings/main.o
                0x00103adc                MakeStarterTask
                0x00103afc                main
                0x00103c14                vApplicationIdleHook
 .text          0x00103c40      0x2bc ../controller/makingthings/BasicWEB.o
                0x00103e84                vBasicWEBServer
 .text          0x00103efc      0x48c 2nd_make.o
                0x001042bc                NetworkCheck
                0x001040a8                BlinkTask
                0x00103efc                Make
                0x00104288                fire
 .text          0x00104388      0x4b8 ../controller/makingthings/eeprom.o
                0x001043e4                Eeprom_Write
                0x001043bc                Eeprom_GetActive
                0x0010455c                Eeprom_Read
                0x001046d0                Eeprom_GetLastAddress
                0x00104388                Eeprom_SetActive
 .text          0x00104840      0x8d0 ../controller/makingthings/analogin.o
                0x00104bb0                AnalogIn_GetValueWait
                0x001048a8                AnalogIn_GetActive
                0x001048f4                AnalogIn_GetValue
                0x00104a04                AnalogIn_GetValueMulti
                0x00104fcc                AnalogInOsc_ReceiveMessage
                0x001050b0                AnalogInOsc_PropertyGet
                0x00104840                AnalogIn_SetActive
                0x00104fb4                AnalogInOsc_GetName
                0x00105070                AnalogInOsc_PropertySet
 .text          0x00105110      0xa70 ../controller/makingthings/serial.o
                0x00105244                Serial_Read
                0x00105a04                SerialOsc_IntPropertyGet
                0x001055f0                Serial_GetStopBits
                0x00105430                Serial_SetParity
                0x0010516c                Serial_GetActive
                0x00105aac                SerialOsc_BlobPropertyGet
                0x00105584                Serial_GetBaud
                0x00105614                Serial_GetHardwareHandshake
                0x001053b0                Serial_SetBaud
                0x00105110                Serial_SetActive
                0x001053e4                Serial_SetBits
                0x001054c8                Serial_SetHardwareHandshake
                0x00105974                SerialOsc_IntPropertySet
                0x001052f4                Serial_GetReadable
                0x0010547c                Serial_SetStopBits
                0x00105318                Serial_SetChar
                0x00105870                SerialOsc_GetName
                0x00105888                SerialOsc_ReceiveMessage
                0x001054fc                Serial_GetChar
                0x00105b40                SerialOsc_BlobPropertySet
                0x00105194                Serial_Write
                0x001055a8                Serial_GetBits
                0x001055cc                Serial_GetParity
 .text          0x00105b80      0x3cc ../controller/makingthings/pwm.o
                0x00105ed8                Pwm_GetChannelIo
                0x00105bf8                Pwm_Get
                0x00105c40                Pwm_Start
                0x00105b80                Pwm_Set
                0x00105d40                Pwm_Stop
 .text          0x00105f4c      0x700 ../controller/makingthings/spi.o
                0x00106224                Spi_Lock
                0x001063a8                Spi_Stop
                0x00105f4c                Spi_Configure
                0x00106250                Spi_Unlock
                0x00106270                Spi_Start
                0x0010607c                Spi_ReadWriteBlock
 .text          0x0010664c      0xdc8 ../controller/makingthings/USB-CDC.o
                0x00106844                vUSBSendByte
                0x0010664c                vUSBCDCTask
                0x00106870                cUSBGetByte
 .text          0x00107414      0x118 ../controller/makingthings/rtos.o
                0x001074e4                Malloc
                0x00107414                Sleep
                0x00107434                TaskYield
                0x0010750c                Free
                0x001074d4                TaskExitCritical
                0x001074c4                TaskEnterCritical
                0x001074a4                TaskDelete
                0x00107444                TaskCreate
 .text          0x0010752c      0x3c0 ../controller/makingthings/usb.o
                0x001075cc                Usb_Get
                0x0010752c                Usb_SetActive
                0x00107824                UsbOsc_ReceiveMessage
                0x001075a4                Usb_GetActive
                0x0010780c                UsbOsc_GetName
                0x00107614                Usb_Put
                0x0010788c                UsbOsc_PropertySet
                0x001078bc                UsbOsc_PropertyGet
                0x001076dc                Usb_SlipReceive
                0x0010764c                Usb_SlipSend
 .text          0x001078ec     0x1484 ../controller/makingthings/network.o
                0x001078ec                Network_SetActive
                0x001079a8                Network_SetMask
                0x001080b4                SocketClose
                0x001081e0                DatagramSocketSend
                0x00108454                Network_Init
                0x00108160                ServerSocketClose
                0x00107924                Network_GetActive
                0x00107b2c                Network_GetValid
                0x0010863c                NetworkOsc_ReceiveMessage
                0x001080e0                ServerSocket
                0x001086d8                NetworkOsc_Poll
                0x001086ec                NetworkOsc_PropertySet
                0x0010812c                ServerSocketAccept
                0x001089fc                NetworkOsc_PropertyGet
                0x00108624                NetworkOsc_GetName
                0x00108290                DatagramSocketReceive
                0x00107a14                Network_SetGateway
                0x00107eb4                SocketRead
                0x0010793c                Network_SetAddress
                0x0010818c                DatagramSocket
                0x00107d70                Network_GetGateway
                0x001083e0                Network_AddressConvert
                0x00107bc8                Network_GetAddress
                0x001083b8                DatagramSocketClose
                0x00108048                SocketWrite
                0x00107e44                Socket
                0x00107a80                Network_SetValid
                0x00107c9c                Network_GetMask
 .text          0x00108d70      0x3b0 ../controller/makingthings/system.o
                0x00108f30                System_Start
                0x00108d70                System_SetActive
                0x00109098                SystemOsc_PropertyGet
                0x00108fa4                SystemOsc_ReceiveMessage
                0x00108ef0                kill
                0x00108e5c                System_GetVersionNumber
                0x00108da4                System_GetActive
                0x00108e48                System_GetBuildNumber
                0x00108e70                System_SetSamba
                0x00108f50                System_Stop
                0x00109020                SystemOsc_PropertySet
                0x0010900c                SystemOsc_Poll
                0x00108f8c                SystemOsc_GetName
                0x00108f0c                System_SetReset
                0x00108dcc                System_GetFreeMemory
                0x00108de4                System_GetSerialNumber
                0x00108e1c                System_SetSerialNumber
 .text          0x00109120     0x18ac ../controller/makingthings/poly.o
                0x00109aa4                Timer_DeInit
                0x00109120                Poly_SetActive
                0x001093a4                Poly_DeInit
                0x00109184                Poly_GetActive
                0x0010a2a8                Follower_SaveConstants
                0x00109bd8                Timer_SaveConstants
                0x00109608                Timer_Run
                0x0010948c                Timer_Init
                0x001093fc                Poly_Run
                0x00109db0                Follower_Run
                0x0010a7fc                Oscillator_DeInit
                0x0010a194                Follower_DeInit
                0x0010932c                Poly_Init
                0x0010919c                PolyTask
                0x00109c2c                Follower_Init
                0x0010a910                Oscillator_SaveConstants
                0x0010a424                Oscillator_Run
                0x0010a964                Poly_LineInit
                0x0010a2fc                Oscillator_Init
 .text          0x0010a9cc      0xab4 ../appboard/makingthings/servo.o
                0x0010ab58                Servo_SetSpeed
                0x0010ac98                Servo_GetSpeed
                0x0010b388                ServoOsc_PropertySet
                0x0010b404                ServoOsc_PropertyGet
                0x0010b2e4                ServoOsc_ReceiveMessage
                0x0010ac14                Servo_GetPosition
                0x0010b0c4                Servo_IRQCallback
                0x0010b2cc                ServoOsc_GetName
                0x0010a9cc                Servo_SetActive
                0x0010aa88                Servo_SetPosition
                0x0010aa34                Servo_GetActive
 .text          0x0010b480     0x27c8 ../appboard/makingthings/stepper.o
                0x0010d8c4                Stepper_SetOn
                0x0010b938                Stepper_SetDuty
                0x0010d994                Stepper_SetAll
                0x0010b604                Stepper_SetPositionRequested
                0x0010baa4                Stepper_SetBipolar
                0x0010b8b4                Stepper_GetPositionRequested
                0x0010bc08                Stepper_SetHalfStep
                0x0010ba20                Stepper_GetDuty
                0x0010db70                StepperOsc_PropertyGet
                0x0010b7ac                Stepper_GetSpeed
                0x0010b53c                Stepper_SetPosition
                0x0010b480                Stepper_SetActive
                0x0010d9e4                StepperOsc_GetName
                0x0010bce0                Stepper_GetHalfStep
                0x0010d92c                Stepper_SetOff
                0x0010b4e8                Stepper_GetActive
                0x0010daa0                StepperOsc_PropertySet
                0x0010d9fc                StepperOsc_ReceiveMessage
                0x0010bb7c                Stepper_GetBipolar
                0x0010b830                Stepper_GetPosition
                0x0010c314                Stepper_IRQCallback
                0x0010b6cc                Stepper_SetSpeed
 .text          0x0010dc48      0x300 ../appboard/makingthings/dipswitch.o
                0x0010ddbc                DipSwitch_Stop
                0x0010dc7c                DipSwitch_GetActive
                0x0010dca4                DipSwitch_GetValue
                0x0010de04                DipSwitchOsc_GetName
                0x0010deb8                DipSwitchOsc_Poll
                0x0010de1c                DipSwitchOsc_ReceiveMessage
                0x0010decc                DipSwitchOsc_PropertySet
                0x0010dd3c                DipSwitch_Start
                0x0010defc                DipSwitchOsc_PropertyGet
                0x0010dc48                DipSwitch_SetActive
 .text          0x0010df48      0x6f0 ../appboard/makingthings/motor.o
                0x0010e5bc                MotorOsc_PropertyGet
                0x0010e000                Motor_SetSpeed
                0x0010e480                MotorOsc_GetName
                0x0010e498                MotorOsc_ReceiveMessage
                0x0010dfb0                Motor_GetActive
                0x0010e208                Motor_GetDirection
                0x0010e170                Motor_GetSpeed
                0x0010df48                Motor_SetActive
                0x0010e53c                MotorOsc_PropertySet
                0x0010e0b8                Motor_SetDirection
 .text          0x0010e638       0x10 ../appboard/makingthings/appboard.o
                0x0010e638                AppBoard_Start
 .text          0x0010e648      0x50c ../appboard/makingthings/appled.o
                0x0010e7ac                AppLed_GetState
                0x0010e9d8                AppLedOsc_GetName
                0x0010eaf4                AppLedOsc_PropertyGet
                0x0010e6f8                AppLed_SetState
                0x0010e648                AppLed_SetActive
                0x0010e6b0                AppLed_GetActive
                0x0010ea94                AppLedOsc_PropertySet
                0x0010e9f0                AppLedOsc_ReceiveMessage
 .text          0x0010eb54      0xb7c ../appboard/makingthings/pwmout.o
                0x0010eb54                PwmOut_SetActive
                0x0010edcc                PwmOut_GetInvertA
                0x0010ebbc                PwmOut_GetActive
                0x0010ec94                PwmOut_GetDuty
                0x0010f630                PwmOutOsc_PropertyGet
                0x0010ee6c                PwmOut_SetInvertB
                0x0010f4cc                PwmOutOsc_GetName
                0x0010efc8                PwmOut_SetInvert
                0x0010ef28                PwmOut_GetInvertB
                0x0010f0b0                PwmOut_SetAll
                0x0010ec04                PwmOut_SetDuty
                0x0010ed10                PwmOut_SetInvertA
                0x0010f4e4                PwmOutOsc_ReceiveMessage
                0x0010f588                PwmOutOsc_PropertySet
 .text          0x0010f6d0      0x4e4 ../appboard/makingthings/digitalin.o
                0x0010fb4c                DigitalInOsc_PropertyGet
                0x0010fa68                DigitalInOsc_ReceiveMessage
                0x0010fa50                DigitalInOsc_GetName
                0x0010f6d0                DigitalIn_SetActive
                0x0010f780                DigitalIn_GetValue
                0x0010f738                DigitalIn_GetActive
                0x0010fb0c                DigitalInOsc_PropertySet
 .text          0x0010fbb4      0x6f0 ../appboard/makingthings/digitalout.o
                0x00110140                DigitalOutOsc_ReceiveMessage
                0x0010fc64                DigitalOut_SetValue
                0x00110128                DigitalOutOsc_GetName
                0x0010fc1c                DigitalOut_GetActive
                0x0010fd18                DigitalOut_GetValue
                0x00110020                DigitalOut_GetIo
                0x00110244                DigitalOutOsc_PropertyGet
                0x001100b4                DigitalOut_GetEnableIo
                0x0010fbb4                DigitalOut_SetActive
                0x001101e4                DigitalOutOsc_PropertySet
 .text          0x001102a4     0x1530 ../controller/makingthings/io.o
                0x001112c8                Io_GetPortA
                0x00111070                Io_PullupDisable
                0x001112f0                Io_SetPortB
                0x00111288                Io_SetPortA
                0x00111358                Io_SetPortAMask
                0x00110ae8                Io_SetFalse
                0x00111478                IoOsc_GetName
                0x00111424                Io_GetValueBits
                0x001108c0                Io_SetDirection
                0x00111158                Io_SetValueBits
                0x00110908                Io_GetDirection
                0x00110d04                Io_SetPeripheralB
                0x00110f7c                Io_GetPullup
                0x001109a0                Io_SetOutput
                0x00110810                Io_SetActive
                0x0011048c                Io_StartBits
                0x00110b58                Io_SetValue
                0x00111630                IoOsc_IndexIntPropertyGet
                0x0011111c                Io_SetFalseBits
                0x0011085c                Io_GetActive
                0x001116e0                IoOsc_IntPropertySet
                0x00111394                Io_SetPortBMask
                0x00110dbc                Io_GetPio
                0x0011070c                Io_StopBits
                0x001113b8                Io_GetPortBMask
                0x00111210                Io_SetOutputBits
                0x001102a4                Io_Start
                0x00110d74                Io_SetPio
                0x00110a0c                Io_SetInput
                0x00110c00                Io_GetValue
                0x00110e54                Io_PioEnable
                0x0011124c                Io_SetInputBits
                0x00110a78                Io_SetTrue
                0x00110ec4                Io_PioDisable
                0x00110c94                Io_SetPeripheralA
                0x001103bc                Io_Stop
                0x00111330                Io_GetPortB
                0x00110f34                Io_SetPullup
                0x00111584                IoOsc_IndexIntPropertySet
                0x00111758                IoOsc_IntPropertyGet
                0x001110e0                Io_SetTrueBits
                0x00111490                IoOsc_ReceiveMessage
                0x00111000                Io_PullupEnable
                0x0011137c                Io_GetPortAMask
 .text          0x001117d4      0x2ec ../controller/makingthings/led.o
                0x00111830                Led_SetState
                0x00111894                Led_GetState
                0x001117d4                Led_SetActive
                0x00111808                Led_GetActive
                0x0011199c                LedOsc_ReceiveMessage
                0x00111a28                LedOsc_PropertySet
                0x00111984                LedOsc_GetName
                0x00111a74                LedOsc_PropertyGet
 .text          0x00111ac0      0x4cc ../controller/makingthings/timer.o
                0x00111c00                Timer_Set
                0x00111b48                Timer_GetActive
                0x00111d20                Timer_Cancel
                0x00111ac0                Timer_SetActive
                0x00111b70                Timer_InitializeEntry
 .text          0x00111f8c      0x534 ../controller/makingthings/fasttimer.o
                0x00111f8c                FastTimer_SetActive
                0x00112014                FastTimer_GetActive
                0x00112230                FastTimer_Cancel
                0x00112110                FastTimer_Set
                0x0011203c                FastTimer_InitializeEntry
                0x001120cc                FastTimer_SetTime
 .text          0x001124c0      0x408 ../controller/makingthings/debugosc.o
                0x0011276c                DebugOsc_ReceiveMessage
                0x00112754                DebugOsc_GetName
                0x001124c0                Debug_SetActive
                0x001127d4                DebugOsc_PropertySet
                0x001125ac                Debug_SetUsb
                0x0011256c                Debug_GetLevel
                0x001124f4                Debug_GetActive
                0x0011260c                Debug_GetUdp
                0x0011284c                DebugOsc_PropertyGet
                0x001125e8                Debug_SetUdp
                0x00112624                Debug
                0x0011251c                Debug_SetLevel
                0x001125d0                Debug_GetUsb
 .text          0x001128c8      0x41c ../controller/makingthings/can.o
                0x001128fc                Can_GetActive
                0x00112c84                CanOsc_PropertySet
                0x00112be8                CanOsc_ReceiveMessage
                0x00112cb4                CanOsc_PropertyGet
                0x00112bd0                CanOsc_GetName
                0x001129f4                Can_GetMessage
                0x00112924                Can_SendMessage
                0x001128c8                Can_SetActive
 .text          0x00112ce4     0x1c6c ../controller/lwip/src/core/tcp_out.o
                0x00114188                tcp_rst
                0x00112ce4                tcp_send_ctrl
                0x00114660                tcp_keepalive
                0x00114508                tcp_rexmit_rto
                0x00112d34                tcp_write
                0x001145bc                tcp_rexmit
                0x00113728                tcp_output
                0x00112df4                tcp_enqueue
 .text          0x00114950      0xafc ../controller/lwip/src/core/inet.o
                0x00114ccc                inet_chksum
                0x00114a70                inet_chksum_pseudo
                0x00114d40                inet_chksum_pbuf
                0x00114e3c                inet_addr
                0x00115424                ntohl
                0x001153d8                htonl
                0x00114e84                inet_aton
                0x001153b0                ntohs
                0x00115224                inet_ntoa
                0x00115368                htons
 .text          0x0011544c      0x71c ../controller/lwip/src/core/mem.o
                0x00115600                mem_free
                0x00115564                mem_init
                0x00115924                mem_malloc
                0x001156e0                mem_reallocm
                0x00115764                mem_realloc
 .text          0x00115b68      0x36c ../controller/lwip/src/core/memp.o
                0x00115e40                memp_free
                0x00115d18                memp_malloc
                0x00115b68                memp_init
 .text          0x00115ed4      0x52c ../controller/lwip/src/core/netif.o
                0x001162d4                netif_set_netmask
                0x00115ed4                netif_add
                0x00116138                netif_set_ipaddr
                0x00116340                netif_set_up
                0x00116320                netif_set_default
                0x001163ac                netif_set_down
                0x00115fa0                netif_set_addr
                0x00116370                netif_is_up
                0x00116288                netif_set_gw
                0x00115ffc                netif_remove
                0x001163d8                netif_init
                0x0011608c                netif_find
 .text          0x00116400      0xc98 ../controller/lwip/src/core/pbuf.o
                0x001168d8                pbuf_realloc
                0x00116b54                pbuf_free
                0x00116d20                pbuf_cat
                0x00116cdc                pbuf_ref
                0x00116400                pbuf_init
                0x00116e54                pbuf_dequeue
                0x00116e9c                pbuf_take
                0x00116558                pbuf_alloc
                0x00116c9c                pbuf_clen
                0x00116dec                pbuf_queue
                0x00116a1c                pbuf_header
                0x00116db8                pbuf_chain
                0x00117000                pbuf_dechain
 .text          0x00117098      0x4bc ../controller/lwip/src/core/raw.o
                0x001171a8                raw_bind
                0x00117410                raw_send
                0x00117280                raw_sendto
                0x001170b0                raw_input
                0x001171f8                raw_connect
                0x001174c8                raw_new
                0x0011744c                raw_remove
                0x00117098                raw_init
                0x00117248                raw_recv
 .text          0x00117554       0x24 ../controller/lwip/src/core/stats.o
                0x00117554                stats_init
 .text          0x00117578      0x5d4 ../controller/lwip/src/core/sys.o
                0x00117b10                sys_msleep
                0x001177d8                sys_timeout
                0x00117578                sys_mbox_fetch
                0x00117a90                sys_sem_wait_timeout
                0x001176b4                sys_sem_wait
                0x00117968                sys_untimeout
 .text          0x00117b4c     0x178c ../controller/lwip/src/core/tcp.o
                0x001192a8                tcp_next_iss
                0x001190c8                tcp_err
                0x00119080                tcp_recv
                0x00118ed0                tcp_alloc
                0x0011905c                tcp_arg
                0x00117bd0                tcp_close
                0x001181f8                tcp_recved
                0x0011914c                tcp_pcb_purge
                0x00119040                tcp_new
                0x00118be0                tcp_segs_free
                0x00117ec8                tcp_bind
                0x00117d20                tcp_abort
                0x001180c8                tcp_listen
                0x00118c38                tcp_seg_free
                0x00117b4c                tcp_init
                0x001183f0                tcp_connect
                0x001190a4                tcp_sent
                0x00117b98                tcp_tmr
                0x00118c88                tcp_setprio
                0x001185d8                tcp_slowtmr
                0x001190ec                tcp_accept
                0x001191c0                tcp_pcb_remove
                0x00118b5c                tcp_fasttmr
                0x00118cac                tcp_seg_copy
                0x00119110                tcp_poll
 .text          0x001192d8     0x2c1c ../controller/lwip/src/core/tcp_in.o
                0x001192d8                tcp_input
 .text          0x0011bef4      0xac0 ../controller/lwip/src/core/ipv4/ip.o
                0x0011c390                ip_output_if
                0x0011c8dc                ip_output
                0x0011bef4                ip_init
                0x0011bf04                ip_route
                0x0011bf94                ip_input
 .text          0x0011c9b4      0x16c ../controller/lwip/src/core/ipv4/ip_addr.o
                0x0011c9b4                ip_addr_isbroadcast
 .text          0x0011cb20      0x68c ../controller/lwip/src/core/ipv4/icmp.o
                0x0011cb20                icmp_input
                0x0011cfc8                icmp_dest_unreach
 .text          0x0011d1ac      0x348 ../controller/lwip/src/api/tcpip.o
                0x0011d4a0                tcpip_init
                0x0011d3c4                tcpip_callback
                0x0011d444                tcpip_apimsg
                0x0011d338                tcpip_input
                0x0011d1f8                tcp_timer_needed
 .text          0x0011d4f4     0x1414 ../controller/lwip/src/api/api_msg.o
                0x0011e8b4                api_msg_input
                0x0011e8e4                api_msg_post
 .text          0x0011e908        0x0 ../controller/lwip/src/api/err.o
 .text          0x0011e908     0x1488 ../controller/lwip/src/api/api_lib.o
                0x0011fa20                netconn_write
                0x0011e94c                netbuf_delete
                0x0011e9a0                netbuf_alloc
                0x0011fc90                netconn_close
                0x0011e908                netbuf_new
                0x0011f508                netconn_disconnect
                0x0011ef44                netconn_new
                0x0011f114                netconn_type
                0x0011f674                netconn_accept
                0x0011eda4                netbuf_fromport
                0x0011eb50                netbuf_data
                0x0011f40c                netconn_connect
                0x0011ea20                netbuf_free
                0x0011fd6c                netconn_err
                0x0011efa4                netconn_delete
                0x0011ebb4                netbuf_next
                0x0011ec08                netbuf_first
                0x0011eae8                netbuf_chain
                0x0011f940                netconn_send
                0x0011edc4                netconn_new_with_proto_and_callback
                0x0011f238                netconn_addr
                0x0011f5a4                netconn_listen
                0x0011ed88                netbuf_fromaddr
                0x0011eb2c                netbuf_len
                0x0011ef70                netconn_new_with_callback
                0x0011f2f8                netconn_bind
                0x0011ec28                netbuf_copy_partial
                0x0011ed4c                netbuf_copy
                0x0011ea60                netbuf_ref
                0x0011f6d4                netconn_recv
                0x0011f130                netconn_peer
 .text          0x0011fd90     0x169c ../controller/lwip/src/netif/etharp.o
                0x001210c0                etharp_request
                0x0011fe00                etharp_tmr
                0x001206ac                etharp_arp_input
                0x00120da4                etharp_query
                0x00120ab4                etharp_output
                0x0011fd90                etharp_init
                0x00120630                etharp_ip_input
 .text          0x0012142c      0x46c ../controller/lwip/contrib/port/FreeRTOS/AT91SAM7X/sys_arch.o
                0x00121780                sys_arch_timeouts
                0x00121770                sys_init
                0x0012172c                sys_sem_signal
                0x001214b0                sys_arch_mbox_fetch
                0x001215c8                sys_sem_new
                0x00121450                sys_mbox_free
                0x0012186c                sys_arch_protect
                0x00121750                sys_sem_free
                0x0012142c                sys_mbox_new
                0x001217ac                sys_thread_new
                0x00121644                sys_arch_sem_wait
                0x00121880                sys_arch_unprotect
                0x00121480                sys_mbox_post
 .text          0x00121898      0x568 ../controller/lwip/src/netif/ethernetif.o
                0x00121d50                ethernetif_init
 .text          0x00121e00      0xb84 ../controller/makingthings/SAM7_EMAC.o
                0x001223a8                vClearEMACTxBuffer
                0x00122964                vEMACWaitForInput
                0x00121e00                lEMACSend
                0x00121fcc                ulEMACInputLength
                0x001220a4                vEMACRead
                0x00122284                xEMACInit
 .text          0x00122984      0xe58 ../controller/lwip/src/core/udp.o
                0x001236f8                udp_remove
                0x00122e34                udp_sendto
                0x0012366c                udp_disconnect
                0x001236c0                udp_recv
                0x0012353c                udp_connect
                0x001233d8                udp_bind
                0x00122f4c                udp_send
                0x001229a8                udp_input
                0x00122984                udp_init
                0x00123774                udp_new
 .text          0x001237dc      0xc00 ../controller/lwip/src/core/ipv4/ip_frag.o
                0x00123924                ip_reass
                0x00124004                ip_frag
                0x001238fc                ip_reass_tmr
 .text          0x001243dc     0x25d8 ../controller/makingthings/osc.o
                0x00125c5c                Osc_CreateMessage
                0x00124410                Osc_GetActive
                0x00125378                Osc_IndexIntReceiverHelper
                0x001248cc                Osc_RegisterSubsystem
                0x00124e0c                Osc_Quicky
                0x00126348                Osc_NumberMatch
                0x00126738                Osc_WritePaddedBlob
                0x00125bf4                Osc_ReadInt
                0x001257a4                Osc_ExtractData
                0x00124c74                Osc_SendPacket
                0x00124ae8                Osc_ReceiveMessage
                0x001264ec                Osc_PropertyLookup
                0x00124890                Osc_ResetChannel
                0x001244fc                Osc_UsbPacketSend
                0x00124e58                Osc_SubsystemError
                0x00126320                Osc_Unlock
                0x00125c28                Osc_ReadFloat
                0x00125258                Osc_GeneralReceiverHelper
                0x001250dc                Osc_IntReceiverHelper
                0x00126574                Osc_FindDataTag
                0x001265f4                Osc_WritePaddedString
                0x00125f40                Osc_CreateMessageInternal
                0x001243dc                Osc_SetActive
                0x00124d28                Osc_SendPacketInternal
                0x00124eb4                Osc_BlobReceiverHelper
                0x001245cc                Osc_UdpTask
                0x0012628c                Osc_Lock
                0x001268c0                Osc_WriteTimetag
                0x00126960                Osc_EndianSwap
                0x0012453c                Osc_UdpPacketSend
                0x001256d4                Osc_SendError
                0x001261e4                Osc_CreateBundle
                0x00124de4                Osc_Poll
                0x00124818                Osc_SetReplyPort
                0x001247a0                Osc_SetReplyAddress
                0x001245b4                Osc_GetRunning
                0x001249a4                Osc_ReceivePacket
                0x001246e4                Osc_UsbTask
                0x00124980                Osc_SendMessage
 .text          0x001269b4      0x578 ../controller/makingthings/osc_patternmatch.o
                0x001269b4                Osc_PatternMatch
 .text          0x00126f2c       0xd0 /cygdrive/c/DOCUME~1/Phucker/LOCALS~1/Temp/ccSuhWUy.o
                0x00126f2c                start
                0x00126fdc                endless_loop
 .text          0x00126ffc      0x114 /gnuarm/bin/../lib/gcc/arm-elf/4.1.1/interwork/libgcc.a(_udivsi3.o)
                0x00126ffc                __udivsi3
                0x00126ffc                __aeabi_uidiv
                0x001270f8                __aeabi_uidivmod
 .text          0x00127110      0x144 /gnuarm/bin/../lib/gcc/arm-elf/4.1.1/interwork/libgcc.a(_divsi3.o)
                0x00127110                __aeabi_idiv
                0x00127110                __divsi3
                0x0012723c                __aeabi_idivmod
 .text          0x00127254       0xd0 /gnuarm/bin/../lib/gcc/arm-elf/4.1.1/interwork/libgcc.a(_umodsi3.o)
                0x00127254                __umodsi3
 .text          0x00127324       0xe8 /gnuarm/bin/../lib/gcc/arm-elf/4.1.1/interwork/libgcc.a(_modsi3.o)
                0x00127324                __modsi3
 .text          0x0012740c        0x4 /gnuarm/bin/../lib/gcc/arm-elf/4.1.1/interwork/libgcc.a(_dvmd_tls.o)
                0x0012740c                __aeabi_ldiv0
                0x0012740c                __div0
                0x0012740c                __aeabi_idiv0
 .text          0x00127410      0x430 /gnuarm/bin/../lib/gcc/arm-elf/4.1.1/interwork/libgcc.a(_addsubdf3.o)
                0x001277d4                __floatdidf
                0x00127754                __floatsidf
                0x0012772c                __aeabi_ui2d
                0x00127410                __aeabi_drsub
                0x00127780                __extendsfdf2
                0x0012741c                __adddf3
                0x0012772c                __floatunsidf
                0x0012741c                __aeabi_dadd
                0x001277c0                __aeabi_ul2d
                0x00127418                __aeabi_dsub
                0x001277c0                __floatundidf
                0x00127754                __aeabi_i2d
                0x001277d4                __aeabi_l2d
                0x00127780                __aeabi_f2d
                0x00127418                __subdf3
 .text          0x00127840      0x49c /gnuarm/bin/../lib/gcc/arm-elf/4.1.1/interwork/libgcc.a(_muldivdf3.o)
                0x00127ad0                __aeabi_ddiv
                0x00127840                __aeabi_dmul
                0x00127ad0                __divdf3
                0x00127840                __muldf3
 .text          0x00127cdc       0xa0 /gnuarm/bin/../lib/gcc/arm-elf/4.1.1/interwork/libgcc.a(_truncdfsf2.o)
                0x00127cdc                __aeabi_d2f
                0x00127cdc                __truncdfsf2
 .text          0x00127d7c      0x2ac /gnuarm/bin/../lib/gcc/arm-elf/4.1.1/interwork/libgcc.a(_addsubsf3.o)
                0x00127d88                __aeabi_fadd
                0x00127d84                __subsf3
                0x00127f4c                __aeabi_i2f
                0x00127d84                __aeabi_fsub
                0x00127f7c                __floatdisf
                0x00127f4c                __floatsisf
                0x00127f6c                __floatundisf
                0x00127f44                __aeabi_ui2f
                0x00127f7c                __aeabi_l2f
                0x00127f6c                __aeabi_ul2f
                0x00127d7c                __aeabi_frsub
                0x00127f44                __floatunsisf
                0x00127d88                __addsf3
 .text          0x00128028      0x2f8 /gnuarm/bin/../lib/gcc/arm-elf/4.1.1/interwork/libgcc.a(_muldivsf3.o)
                0x001281c0                __divsf3
                0x001281c0                __aeabi_fdiv
                0x00128028                __mulsf3
                0x00128028                __aeabi_fmul
 .text          0x00128320      0x110 /gnuarm/bin/../lib/gcc/arm-elf/4.1.1/interwork/libgcc.a(_cmpsf2.o)
                0x00128418                __aeabi_fcmpgt
                0x00128328                __lesf2
                0x00128330                __nesf2
                0x00128400                __aeabi_fcmpge
                0x00128320                __gtsf2
                0x001283e8                __aeabi_fcmple
                0x00128330                __eqsf2
                0x00128330                __cmpsf2
                0x00128328                __ltsf2
                0x001283a0                __aeabi_cfcmple
                0x00128320                __gesf2
                0x001283b8                __aeabi_fcmpeq
                0x00128390                __aeabi_cfrcmple
                0x001283d0                __aeabi_fcmplt
                0x001283a0                __aeabi_cfcmpeq
 .text          0x00128430       0x5c /gnuarm/bin/../lib/gcc/arm-elf/4.1.1/interwork/libgcc.a(_fixsfsi.o)
                0x00128430                __fixsfsi
                0x00128430                __aeabi_f2iz
 .text          0x0012848c        0x0 /gnuarm/bin/../lib/gcc/arm-elf/4.1.1/../../../../arm-elf/lib/interwork/libc.a(ctype_.o)
 .text          0x0012848c       0x9c /gnuarm/bin/../lib/gcc/arm-elf/4.1.1/../../../../arm-elf/lib/interwork/libc.a(memcpy.o)
                0x0012848c                memcpy
 .text          0x00128528       0x98 /gnuarm/bin/../lib/gcc/arm-elf/4.1.1/../../../../arm-elf/lib/interwork/libc.a(memset.o)
                0x00128528                memset
 .text          0x001285c0      0x150 /gnuarm/bin/../lib/gcc/arm-elf/4.1.1/../../../../arm-elf/lib/interwork/libc.a(snprintf.o)
                0x001285c0                snprintf
                0x00128670                _snprintf_r
 .text          0x00128710       0xdc /gnuarm/bin/../lib/gcc/arm-elf/4.1.1/../../../../arm-elf/lib/interwork/libc.a(sprintf.o)
                0x00128784                _sprintf_r
                0x00128710                sprintf
 .text          0x001287ec      0x108 /gnuarm/bin/../lib/gcc/arm-elf/4.1.1/../../../../arm-elf/lib/interwork/libc.a(sscanf.o)
                0x00128874                sscanf
                0x001287f4                _sscanf_r
 .text          0x001288f4       0x98 /gnuarm/bin/../lib/gcc/arm-elf/4.1.1/../../../../arm-elf/lib/interwork/libc.a(strcat.o)
                0x001288f4                strcat
 .text          0x0012898c      0x118 /gnuarm/bin/../lib/gcc/arm-elf/4.1.1/../../../../arm-elf/lib/interwork/libc.a(strchr.o)
                0x0012898c                strchr
 .text          0x00128aa4       0xd0 /gnuarm/bin/../lib/gcc/arm-elf/4.1.1/../../../../arm-elf/lib/interwork/libc.a(strcmp.o)
                0x00128aa4                strcmp
 .text          0x00128b74       0xa0 /gnuarm/bin/../lib/gcc/arm-elf/4.1.1/../../../../arm-elf/lib/interwork/libc.a(strcpy.o)
                0x00128b74                strcpy
 .text          0x00128c14       0x90 /gnuarm/bin/../lib/gcc/arm-elf/4.1.1/../../../../arm-elf/lib/interwork/libc.a(strlen.o)
                0x00128c14                strlen
 .text          0x00128ca4      0x13c /gnuarm/bin/../lib/gcc/arm-elf/4.1.1/../../../../arm-elf/lib/interwork/libc.a(strncmp.o)
                0x00128ca4                strncmp
 .text          0x00128de0      0x114 /gnuarm/bin/../lib/gcc/arm-elf/4.1.1/../../../../arm-elf/lib/interwork/libc.a(strncpy.o)
                0x00128de0                strncpy
 .text          0x00128ef4     0x1f8c /gnuarm/bin/../lib/gcc/arm-elf/4.1.1/../../../../arm-elf/lib/interwork/libc.a(vfprintf.o)
                0x00128f34                _vfprintf_r
                0x0012ae54                vfprintf
 .text          0x0012ae80     0x141c /gnuarm/bin/../lib/gcc/arm-elf/4.1.1/../../../../arm-elf/lib/interwork/libc.a(vfscanf.o)
                0x0012c1d8                __svfscanf
                0x0012c204                _vfscanf_r
                0x0012c248                vfscanf
                0x0012ae80                __svfscanf_r
 .text          0x0012c29c      0x110 /gnuarm/bin/../lib/gcc/arm-elf/4.1.1/../../../../arm-elf/lib/interwork/libc.a(vsnprintf.o)
                0x0012c328                vsnprintf
                0x0012c29c                _vsnprintf_r
 .text          0x0012c3ac       0x84 /gnuarm/bin/../lib/gcc/arm-elf/4.1.1/../../../../arm-elf/lib/interwork/libc.a(wcrtomb.o)
                0x0012c3ac                _wcrtomb_r
                0x0012c404                wcrtomb
 .text          0x0012c430      0x180 /gnuarm/bin/../lib/gcc/arm-elf/4.1.1/../../../../arm-elf/lib/interwork/libc.a(wcsrtombs.o)
                0x0012c430                _wcsrtombs_r
                0x0012c56c                wcsrtombs
 .text          0x0012c5b0      0x41c /gnuarm/bin/../lib/gcc/arm-elf/4.1.1/../../../../arm-elf/lib/interwork/libc.a(wctomb_r.o)
                0x0012c5b0                _wctomb_r
 .text          0x0012c9cc      0x100 /gnuarm/bin/../lib/gcc/arm-elf/4.1.1/../../../../arm-elf/lib/interwork/libc.a(wsetup.o)
                0x0012c9cc                __swsetup
 .text          0x0012cacc     0x1660 /gnuarm/bin/../lib/gcc/arm-elf/4.1.1/../../../../arm-elf/lib/interwork/libc.a(dtoa.o)
                0x0012ccd4                _dtoa_r
 .text          0x0012e12c       0xe8 /gnuarm/bin/../lib/gcc/arm-elf/4.1.1/../../../../arm-elf/lib/interwork/libc.a(fflush.o)
                0x0012e12c                fflush
 .text          0x0012e214      0x2a0 /gnuarm/bin/../lib/gcc/arm-elf/4.1.1/../../../../arm-elf/lib/interwork/libc.a(findfp.o)
                0x0012e280                __sinit
                0x0012e380                __sfmoreglue
                0x0012e370                _cleanup
                0x0012e358                _cleanup_r
                0x0012e334                __fp_lock_all
                0x0012e270                __sfp_lock_acquire
                0x0012e3d4                __sfp
                0x0012e27c                __sinit_lock_release
                0x0012e310                __fp_unlock_all
                0x0012e274                __sfp_lock_release
                0x0012e278                __sinit_lock_acquire
 .text          0x0012e4b4      0x1d0 /gnuarm/bin/../lib/gcc/arm-elf/4.1.1/../../../../arm-elf/lib/interwork/libc.a(fread.o)
                0x0012e4b4                fread
 .text          0x0012e684      0x3a4 /gnuarm/bin/../lib/gcc/arm-elf/4.1.1/../../../../arm-elf/lib/interwork/libc.a(freer.o)
                0x0012e784                _free_r
                0x0012e684                _malloc_trim_r
 .text          0x0012ea28      0x408 /gnuarm/bin/../lib/gcc/arm-elf/4.1.1/../../../../arm-elf/lib/interwork/libc.a(fvwrite.o)
                0x0012ea28                __sfvwrite
 .text          0x0012ee30      0x114 /gnuarm/bin/../lib/gcc/arm-elf/4.1.1/../../../../arm-elf/lib/interwork/libc.a(fwalk.o)
                0x0012eebc                _fwalk
                0x0012ee30                _fwalk_reent
 .text          0x0012ef44        0x0 /gnuarm/bin/../lib/gcc/arm-elf/4.1.1/../../../../arm-elf/lib/interwork/libc.a(impure.o)
 .text          0x0012ef44       0x24 /gnuarm/bin/../lib/gcc/arm-elf/4.1.1/../../../../arm-elf/lib/interwork/libc.a(iswspace.o)
                0x0012ef44                iswspace
 .text          0x0012ef68       0xb0 /gnuarm/bin/../lib/gcc/arm-elf/4.1.1/../../../../arm-elf/lib/interwork/libc.a(locale.o)
                0x0012ef94                _setlocale_r
                0x0012ef68                __locale_charset
                0x0012ef78                _localeconv_r
                0x0012effc                setlocale
                0x0012ef84                localeconv
 .text          0x0012f018      0x158 /gnuarm/bin/../lib/gcc/arm-elf/4.1.1/../../../../arm-elf/lib/interwork/libc.a(makebuf.o)
                0x0012f018                __smakebuf
 .text          0x0012f170      0x774 /gnuarm/bin/../lib/gcc/arm-elf/4.1.1/../../../../arm-elf/lib/interwork/libc.a(mallocr.o)
                0x0012f170                _malloc_r
 .text          0x0012f8e4       0xac /gnuarm/bin/../lib/gcc/arm-elf/4.1.1/../../../../arm-elf/lib/interwork/libc.a(mbrtowc.o)
                0x0012f94c                mbrtowc
                0x0012f8e4                _mbrtowc_r
 .text          0x0012f990       0x50 /gnuarm/bin/../lib/gcc/arm-elf/4.1.1/../../../../arm-elf/lib/interwork/libc.a(mbtowc_r.o)
                0x0012f990                _mbtowc_r
 .text          0x0012f9e0      0x100 /gnuarm/bin/../lib/gcc/arm-elf/4.1.1/../../../../arm-elf/lib/interwork/libc.a(memchr.o)
                0x0012f9e0                memchr
 .text          0x0012fae0       0xe4 /gnuarm/bin/../lib/gcc/arm-elf/4.1.1/../../../../arm-elf/lib/interwork/libc.a(memmove.o)
                0x0012fae0                memmove
 .text          0x0012fbc4        0x8 /gnuarm/bin/../lib/gcc/arm-elf/4.1.1/../../../../arm-elf/lib/interwork/libc.a(mlock.o)
                0x0012fbc8                __malloc_unlock
                0x0012fbc4                __malloc_lock
 .text          0x0012fbcc      0xc00 /gnuarm/bin/../lib/gcc/arm-elf/4.1.1/../../../../arm-elf/lib/interwork/libc.a(mprec.o)
                0x0012fec4                _mprec_log10
                0x0012fbe8                _hi0bits
                0x0012ff2c                _Balloc
                0x0012ffc8                _d2b
                0x00130334                _multiply
                0x0012fe48                _ratio
                0x001306e0                _s2b
                0x001304f8                _i2b
                0x0012fc40                _lo0bits
                0x0012fcd4                __mcmp
                0x001305e8                _pow5mult
                0x0012fd34                _ulp
                0x0012fd94                _b2d
                0x0013051c                _multadd
                0x00130100                __mdiff
                0x00130234                _lshift
                0x0012fbcc                _Bfree
 .text          0x001307cc      0x63c /gnuarm/bin/../lib/gcc/arm-elf/4.1.1/../../../../arm-elf/lib/interwork/libc.a(reallocr.o)
                0x001307cc                _realloc_r
 .text          0x00130e08      0x1bc /gnuarm/bin/../lib/gcc/arm-elf/4.1.1/../../../../arm-elf/lib/interwork/libc.a(refill.o)
                0x00130e38                __srefill
 .text          0x00130fc4       0x3c /gnuarm/bin/../lib/gcc/arm-elf/4.1.1/../../../../arm-elf/lib/interwork/libc.a(s_isinf.o)
                0x00130fc4                isinf
 .text          0x00131000       0x30 /gnuarm/bin/../lib/gcc/arm-elf/4.1.1/../../../../arm-elf/lib/interwork/libc.a(s_isnan.o)
                0x00131000                isnan
 .text          0x00131030       0xc8 /gnuarm/bin/../lib/gcc/arm-elf/4.1.1/../../../../arm-elf/lib/interwork/libc.a(sccl.o)
                0x00131030                __sccl
 .text          0x001310f8        0xc /gnuarm/bin/../lib/gcc/arm-elf/4.1.1/../../../../arm-elf/lib/interwork/libc.a(sf_nan.o)
                0x001310f8                nanf
 .text          0x00131104      0x118 /gnuarm/bin/../lib/gcc/arm-elf/4.1.1/../../../../arm-elf/lib/interwork/libc.a(stdio.o)
                0x00131124                __sseek
                0x001311d4                __sread
                0x00131104                __sclose
                0x00131170                __swrite
 .text          0x0013121c     0x1144 /gnuarm/bin/../lib/gcc/arm-elf/4.1.1/../../../../arm-elf/lib/interwork/libc.a(strtod.o)
                0x0013121c                _strtod_r
                0x00132344                strtod
                0x001322f0                strtof
 .text          0x00132360      0x1f0 /gnuarm/bin/../lib/gcc/arm-elf/4.1.1/../../../../arm-elf/lib/interwork/libc.a(strtol.o)
                0x00132524                strtol
                0x00132360                _strtol_r
 .text          0x00132550      0x1e8 /gnuarm/bin/../lib/gcc/arm-elf/4.1.1/../../../../arm-elf/lib/interwork/libc.a(strtoul.o)
                0x0013270c                strtoul
                0x00132550                _strtoul_r
 .text          0x00132738      0x24c /gnuarm/bin/../lib/gcc/arm-elf/4.1.1/../../../../arm-elf/lib/interwork/libc.a(ungetc.o)
                0x00132968                ungetc
                0x00132738                __submore
                0x001327ec                _ungetc_r
 .text          0x00132984       0xa0 /gnuarm/bin/../lib/gcc/arm-elf/4.1.1/../../../../arm-elf/lib/interwork/libc.a(callocr.o)
                0x00132984                _calloc_r
 .text          0x00132a24      0x12c /gnuarm/bin/../lib/gcc/arm-elf/4.1.1/../../../../arm-elf/lib/interwork/libc.a(fclose.o)
                0x00132a24                _fclose_r
                0x00132b3c                fclose
 .text          0x00132b50       0x20 /gnuarm/bin/../lib/gcc/arm-elf/4.1.1/../../../../arm-elf/lib/interwork/libc.a(s_nan.o)
                0x00132b50                nan
 .text          0x00132b70      0x140 /gnuarm/bin/../lib/gcc/arm-elf/4.1.1/interwork/libgcc.a(_cmpdf2.o)
                0x00132c68                __aeabi_dcmple
                0x00132b80                __cmpdf2
                0x00132b80                __eqdf2
                0x00132b70                __gtdf2
                0x00132c20                __aeabi_cdcmple
                0x00132c04                __aeabi_cdrcmple
                0x00132b78                __ltdf2
                0x00132c50                __aeabi_dcmplt
                0x00132b78                __ledf2
                0x00132c98                __aeabi_dcmpgt
                0x00132c80                __aeabi_dcmpge
                0x00132b80                __nedf2
                0x00132c38                __aeabi_dcmpeq
                0x00132c20                __aeabi_cdcmpeq
                0x00132b70                __gedf2
 .text          0x00132cb0       0x5c /gnuarm/bin/../lib/gcc/arm-elf/4.1.1/interwork/libgcc.a(_fixdfsi.o)
                0x00132cb0                __fixdfsi
                0x00132cb0                __aeabi_d2iz
 *(.rodata)
 .rodata        0x00132d0c       0x20 ../controller/freertos/tasks.o
 .rodata        0x00132d2c        0x2 ../controller/freertos/portable/MemMang/heap_2.o
 *fill*         0x00132d2e        0x2 00
 .rodata        0x00132d30        0x8 ../controller/makingthings/main.o
 .rodata        0x00132d38      0x204 ../controller/makingthings/BasicWEB.o
 .rodata        0x00132f3c       0xd4 2nd_make.o
 .rodata        0x00133010       0x1c ../controller/makingthings/analogin.o
 .rodata        0x0013302c       0xa0 ../controller/makingthings/serial.o
 .rodata        0x001330cc      0x1b0 ../controller/makingthings/USB-CDC.o
                0x00133156                pxDeviceDescriptor
                0x001330d0                pxManufacturerStringDescriptor
                0x00133138                pxInterfaceStringDescriptor
                0x001330ea                pxProductStringDescriptor
                0x001330cc                pxLanguageStringDescriptor
                0x00133112                pxConfigurationStringDescriptor
                0x00133168                pxConfigDescriptor
 .rodata        0x0013327c       0x10 ../controller/makingthings/usb.o
 .rodata        0x0013328c      0x14c ../controller/makingthings/network.o
 .rodata        0x001333d8       0x74 ../controller/makingthings/system.o
 .rodata        0x0013344c        0x8 ../controller/makingthings/poly.o
 .rodata        0x00133454       0x24 ../appboard/makingthings/servo.o
 .rodata        0x00133478       0xfc ../appboard/makingthings/stepper.o
 .rodata        0x00133574       0x1c ../appboard/makingthings/dipswitch.o
 .rodata        0x00133590       0x24 ../appboard/makingthings/motor.o
 .rodata        0x001335b4       0x18 ../appboard/makingthings/appled.o
 .rodata        0x001335cc       0x28 ../appboard/makingthings/pwmout.o
 .rodata        0x001335f4       0x3c ../appboard/makingthings/digitalin.o
 .rodata        0x00133630       0x3c ../appboard/makingthings/digitalout.o
 .rodata        0x0013366c       0x78 ../controller/makingthings/io.o
 .rodata        0x001336e4       0x14 ../controller/makingthings/led.o
 .rodata        0x001336f8       0x34 ../controller/makingthings/debugosc.o
 .rodata        0x0013372c       0x14 ../controller/makingthings/can.o
 .rodata        0x00133740       0x14 ../controller/lwip/src/core/inet.o
 .rodata        0x00133754       0x2c ../controller/lwip/src/core/memp.o
 .rodata        0x00133780       0x30 ../controller/lwip/src/core/tcp.o
                0x00133780                tcp_backoff
 .rodata        0x001337b0       0x28 ../controller/lwip/src/core/tcp_in.o
 .rodata        0x001337d8        0x8 ../controller/lwip/src/core/ipv4/ip_addr.o
                0x001337d8                ip_addr_any
                0x001337dc                ip_addr_broadcast
 .rodata        0x001337e0       0x3c ../controller/lwip/src/api/api_msg.o
 .rodata        0x0013381c        0x6 ../controller/lwip/src/netif/etharp.o
 *fill*         0x00133822        0x2 00
 .rodata        0x00133824        0xc ../controller/lwip/contrib/port/FreeRTOS/AT91SAM7X/sys_arch.o
 .rodata        0x00133830       0x10 ../controller/lwip/src/netif/ethernetif.o
 .rodata        0x00133840        0x8 ../controller/lwip/src/core/ipv4/ip_frag.o
 .rodata        0x00133848      0x150 ../controller/makingthings/osc.o
 .rodata        0x00133998      0x101 /gnuarm/bin/../lib/gcc/arm-elf/4.1.1/../../../../arm-elf/lib/interwork/libc.a(ctype_.o)
                0x00133998                _ctype_
 .rodata        0x00133a99       0x20 /gnuarm/bin/../lib/gcc/arm-elf/4.1.1/../../../../arm-elf/lib/interwork/libc.a(vfprintf.o)
 *fill*         0x00133ab9        0x1 00
 .rodata        0x00133aba       0x22 /gnuarm/bin/../lib/gcc/arm-elf/4.1.1/../../../../arm-elf/lib/interwork/libc.a(vfscanf.o)
 .rodata        0x00133adc        0x4 /gnuarm/bin/../lib/gcc/arm-elf/4.1.1/../../../../arm-elf/lib/interwork/libc.a(impure.o)
                0x00133adc                _global_impure_ptr
 .rodata        0x00133ae0       0x34 /gnuarm/bin/../lib/gcc/arm-elf/4.1.1/../../../../arm-elf/lib/interwork/libc.a(locale.o)
 .rodata        0x00133b14      0x124 /gnuarm/bin/../lib/gcc/arm-elf/4.1.1/../../../../arm-elf/lib/interwork/libc.a(mprec.o)
                0x00133c04                __mprec_tinytens
                0x00133b14                __mprec_tens
                0x00133bdc                __mprec_bigtens
 *(.rodata*)
 .rodata.str1.4
                0x00133c38       0x63 /gnuarm/bin/../lib/gcc/arm-elf/4.1.1/../../../../arm-elf/lib/interwork/libc.a(vfprintf.o)
                                 0x64 (size before relaxing)
 *fill*         0x00133c9b        0x1 00
 .rodata.str1.4
                0x00133c9c        0x5 /gnuarm/bin/../lib/gcc/arm-elf/4.1.1/../../../../arm-elf/lib/interwork/libc.a(vfscanf.o)
                                  0x8 (size before relaxing)
 *fill*         0x00133ca1        0x3 00
 .rodata.str1.4
                0x00133ca4       0x1e /gnuarm/bin/../lib/gcc/arm-elf/4.1.1/../../../../arm-elf/lib/interwork/libc.a(wctomb_r.o)
                                 0x20 (size before relaxing)
 *fill*         0x00133cc2        0x2 00
 .rodata.str1.4
                0x00133cc4       0x10 /gnuarm/bin/../lib/gcc/arm-elf/4.1.1/../../../../arm-elf/lib/interwork/libc.a(dtoa.o)
                                 0x14 (size before relaxing)
 .rodata.str1.4
                0x00133cd4        0x2 /gnuarm/bin/../lib/gcc/arm-elf/4.1.1/../../../../arm-elf/lib/interwork/libc.a(impure.o)
                                  0x4 (size before relaxing)
 *fill*         0x00133cd6        0x2 00
 .rodata.str1.4
                0x00133cd8        0xc /gnuarm/bin/../lib/gcc/arm-elf/4.1.1/../../../../arm-elf/lib/interwork/libc.a(locale.o)
                                 0x18 (size before relaxing)
 .rodata.str1.4
                0x00000000        0x4 /gnuarm/bin/../lib/gcc/arm-elf/4.1.1/../../../../arm-elf/lib/interwork/libc.a(mbrtowc.o)
 *(.glue_7)
 .glue_7        0x00133ce4        0x0 ../controller/freertos/portable/GCC/ARM7_AT91SAM7S/portISR.o
 .glue_7        0x00133ce4        0x0 ../controller/makingthings/SAM7_EMAC_ISR.o
 .glue_7        0x00133ce4        0x0 ../controller/makingthings/USBIsr.o
 .glue_7        0x00133ce4        0x0 ../controller/startup/Cstartup_SAM7.o
 .glue_7        0x00133ce4        0x0 ../controller/makingthings/analogin_isr.o
 .glue_7        0x00133ce4        0x0 ../controller/makingthings/fasttimer_isr.o
 .glue_7        0x00133ce4        0x0 ../controller/makingthings/serial_isr.o
 .glue_7        0x00133ce4        0x0 ../controller/makingthings/timer_isr.o
 .glue_7        0x00133ce4        0x0 ../controller/makingthings/can_isr.o
 .glue_7        0x00133ce4        0x0 ../controller/freertos/tasks.o
 .glue_7        0x00133ce4        0x0 ../controller/freertos/queue.o
 .glue_7        0x00133ce4        0x0 ../controller/freertos/list.o
 .glue_7        0x00133ce4        0x0 ../controller/freertos/portable/GCC/ARM7_AT91SAM7S/port.o
 .glue_7        0x00133ce4        0x0 ../controller/startup/extras.o
 .glue_7        0x00133ce4        0x0 ../controller/freertos/portable/MemMang/heap_2.o
 .glue_7        0x00133ce4        0x0 ../controller/makingthings/main.o
 .glue_7        0x00133ce4        0x0 ../controller/makingthings/BasicWEB.o
 .glue_7        0x00133ce4        0x0 2nd_make.o
 .glue_7        0x00133ce4        0x0 ../controller/makingthings/eeprom.o
 .glue_7        0x00133ce4        0x0 ../controller/makingthings/analogin.o
 .glue_7        0x00133ce4        0x0 ../controller/makingthings/serial.o
 .glue_7        0x00133ce4        0x0 ../controller/makingthings/pwm.o
 .glue_7        0x00133ce4        0x0 ../controller/makingthings/spi.o
 .glue_7        0x00133ce4        0x0 ../controller/makingthings/USB-CDC.o
 .glue_7        0x00133ce4        0x0 ../controller/makingthings/rtos.o
 .glue_7        0x00133ce4        0x0 ../controller/makingthings/usb.o
 .glue_7        0x00133ce4        0x0 ../controller/makingthings/network.o
 .glue_7        0x00133ce4        0x0 ../controller/makingthings/system.o
 .glue_7        0x00133ce4        0x0 ../controller/makingthings/poly.o
 .glue_7        0x00133ce4        0x0 ../appboard/makingthings/servo.o
 .glue_7        0x00133ce4        0x0 ../appboard/makingthings/stepper.o
 .glue_7        0x00133ce4        0x0 ../appboard/makingthings/dipswitch.o
 .glue_7        0x00133ce4        0x0 ../appboard/makingthings/motor.o
 .glue_7        0x00133ce4        0x0 ../appboard/makingthings/appboard.o
 .glue_7        0x00133ce4        0x0 ../appboard/makingthings/appled.o
 .glue_7        0x00133ce4        0x0 ../appboard/makingthings/pwmout.o
 .glue_7        0x00133ce4        0x0 ../appboard/makingthings/digitalin.o
 .glue_7        0x00133ce4        0x0 ../appboard/makingthings/digitalout.o
 .glue_7        0x00133ce4        0x0 ../controller/makingthings/io.o
 .glue_7        0x00133ce4        0x0 ../controller/makingthings/led.o
 .glue_7        0x00133ce4        0x0 ../controller/makingthings/timer.o
 .glue_7        0x00133ce4        0x0 ../controller/makingthings/fasttimer.o
 .glue_7        0x00133ce4        0x0 ../controller/makingthings/debugosc.o
 .glue_7        0x00133ce4        0x0 ../controller/makingthings/can.o
 .glue_7        0x00133ce4        0x0 ../controller/lwip/src/core/tcp_out.o
 .glue_7        0x00133ce4        0x0 ../controller/lwip/src/core/inet.o
 .glue_7        0x00133ce4        0x0 ../controller/lwip/src/core/mem.o
 .glue_7        0x00133ce4        0x0 ../controller/lwip/src/core/memp.o
 .glue_7        0x00133ce4        0x0 ../controller/lwip/src/core/netif.o
 .glue_7        0x00133ce4        0x0 ../controller/lwip/src/core/pbuf.o
 .glue_7        0x00133ce4        0x0 ../controller/lwip/src/core/raw.o
 .glue_7        0x00133ce4        0x0 ../controller/lwip/src/core/stats.o
 .glue_7        0x00133ce4        0x0 ../controller/lwip/src/core/sys.o
 .glue_7        0x00133ce4        0x0 ../controller/lwip/src/core/tcp.o
 .glue_7        0x00133ce4        0x0 ../controller/lwip/src/core/tcp_in.o
 .glue_7        0x00133ce4        0x0 ../controller/lwip/src/core/ipv4/ip.o
 .glue_7        0x00133ce4        0x0 ../controller/lwip/src/core/ipv4/ip_addr.o
 .glue_7        0x00133ce4        0x0 ../controller/lwip/src/core/ipv4/icmp.o
 .glue_7        0x00133ce4        0x0 ../controller/lwip/src/api/tcpip.o
 .glue_7        0x00133ce4        0x0 ../controller/lwip/src/api/api_msg.o
 .glue_7        0x00133ce4        0x0 ../controller/lwip/src/api/err.o
 .glue_7        0x00133ce4        0x0 ../controller/lwip/src/api/api_lib.o
 .glue_7        0x00133ce4        0x0 ../controller/lwip/src/netif/etharp.o
 .glue_7        0x00133ce4        0x0 ../controller/lwip/contrib/port/FreeRTOS/AT91SAM7X/sys_arch.o
 .glue_7        0x00133ce4        0x0 ../controller/lwip/src/netif/ethernetif.o
 .glue_7        0x00133ce4        0x0 ../controller/makingthings/SAM7_EMAC.o
 .glue_7        0x00133ce4        0x0 ../controller/lwip/src/core/udp.o
 .glue_7        0x00133ce4        0x0 ../controller/lwip/src/core/ipv4/ip_frag.o
 .glue_7        0x00133ce4        0x0 ../controller/makingthings/osc.o
 .glue_7        0x00133ce4        0x0 ../controller/makingthings/osc_patternmatch.o
 .glue_7        0x00133ce4        0x0 /cygdrive/c/DOCUME~1/Phucker/LOCALS~1/Temp/ccSuhWUy.o
 .glue_7        0x00133ce4        0x0 /gnuarm/bin/../lib/gcc/arm-elf/4.1.1/interwork/libgcc.a(_udivsi3.o)
 .glue_7        0x00133ce4        0x0 /gnuarm/bin/../lib/gcc/arm-elf/4.1.1/interwork/libgcc.a(_divsi3.o)
 .glue_7        0x00133ce4        0x0 /gnuarm/bin/../lib/gcc/arm-elf/4.1.1/interwork/libgcc.a(_umodsi3.o)
 .glue_7        0x00133ce4        0x0 /gnuarm/bin/../lib/gcc/arm-elf/4.1.1/interwork/libgcc.a(_modsi3.o)
 .glue_7        0x00133ce4        0x0 /gnuarm/bin/../lib/gcc/arm-elf/4.1.1/interwork/libgcc.a(_dvmd_tls.o)
 .glue_7        0x00133ce4        0x0 /gnuarm/bin/../lib/gcc/arm-elf/4.1.1/interwork/libgcc.a(_addsubdf3.o)
 .glue_7        0x00133ce4        0x0 /gnuarm/bin/../lib/gcc/arm-elf/4.1.1/interwork/libgcc.a(_muldivdf3.o)
 .glue_7        0x00133ce4        0x0 /gnuarm/bin/../lib/gcc/arm-elf/4.1.1/interwork/libgcc.a(_truncdfsf2.o)
 .glue_7        0x00133ce4        0x0 /gnuarm/bin/../lib/gcc/arm-elf/4.1.1/interwork/libgcc.a(_addsubsf3.o)
 .glue_7        0x00133ce4        0x0 /gnuarm/bin/../lib/gcc/arm-elf/4.1.1/interwork/libgcc.a(_muldivsf3.o)
 .glue_7        0x00133ce4        0x0 /gnuarm/bin/../lib/gcc/arm-elf/4.1.1/interwork/libgcc.a(_cmpsf2.o)
 .glue_7        0x00133ce4        0x0 /gnuarm/bin/../lib/gcc/arm-elf/4.1.1/interwork/libgcc.a(_fixsfsi.o)
 .glue_7        0x00133ce4        0x0 /gnuarm/bin/../lib/gcc/arm-elf/4.1.1/../../../../arm-elf/lib/interwork/libc.a(ctype_.o)
 .glue_7        0x00133ce4        0x0 /gnuarm/bin/../lib/gcc/arm-elf/4.1.1/../../../../arm-elf/lib/interwork/libc.a(memcpy.o)
 .glue_7        0x00133ce4        0x0 /gnuarm/bin/../lib/gcc/arm-elf/4.1.1/../../../../arm-elf/lib/interwork/libc.a(memset.o)
 .glue_7        0x00133ce4        0x0 /gnuarm/bin/../lib/gcc/arm-elf/4.1.1/../../../../arm-elf/lib/interwork/libc.a(snprintf.o)
 .glue_7        0x00133ce4        0x0 /gnuarm/bin/../lib/gcc/arm-elf/4.1.1/../../../../arm-elf/lib/interwork/libc.a(sprintf.o)
 .glue_7        0x00133ce4        0x0 /gnuarm/bin/../lib/gcc/arm-elf/4.1.1/../../../../arm-elf/lib/interwork/libc.a(sscanf.o)
 .glue_7        0x00133ce4        0x0 /gnuarm/bin/../lib/gcc/arm-elf/4.1.1/../../../../arm-elf/lib/interwork/libc.a(strcat.o)
 .glue_7        0x00133ce4        0x0 /gnuarm/bin/../lib/gcc/arm-elf/4.1.1/../../../../arm-elf/lib/interwork/libc.a(strchr.o)
 .glue_7        0x00133ce4        0x0 /gnuarm/bin/../lib/gcc/arm-elf/4.1.1/../../../../arm-elf/lib/interwork/libc.a(strcmp.o)
 .glue_7        0x00133ce4        0x0 /gnuarm/bin/../lib/gcc/arm-elf/4.1.1/../../../../arm-elf/lib/interwork/libc.a(strcpy.o)
 .glue_7        0x00133ce4        0x0 /gnuarm/bin/../lib/gcc/arm-elf/4.1.1/../../../../arm-elf/lib/interwork/libc.a(strlen.o)
 .glue_7        0x00133ce4        0x0 /gnuarm/bin/../lib/gcc/arm-elf/4.1.1/../../../../arm-elf/lib/interwork/libc.a(strncmp.o)
 .glue_7        0x00133ce4        0x0 /gnuarm/bin/../lib/gcc/arm-elf/4.1.1/../../../../arm-elf/lib/interwork/libc.a(strncpy.o)
 .glue_7        0x00133ce4        0x0 /gnuarm/bin/../lib/gcc/arm-elf/4.1.1/../../../../arm-elf/lib/interwork/libc.a(vfprintf.o)
 .glue_7        0x00133ce4        0x0 /gnuarm/bin/../lib/gcc/arm-elf/4.1.1/../../../../arm-elf/lib/interwork/libc.a(vfscanf.o)
 .glue_7        0x00133ce4        0x0 /gnuarm/bin/../lib/gcc/arm-elf/4.1.1/../../../../arm-elf/lib/interwork/libc.a(vsnprintf.o)
 .glue_7        0x00133ce4        0x0 /gnuarm/bin/../lib/gcc/arm-elf/4.1.1/../../../../arm-elf/lib/interwork/libc.a(wcrtomb.o)
 .glue_7        0x00133ce4        0x0 /gnuarm/bin/../lib/gcc/arm-elf/4.1.1/../../../../arm-elf/lib/interwork/libc.a(wcsrtombs.o)
 .glue_7        0x00133ce4        0x0 /gnuarm/bin/../lib/gcc/arm-elf/4.1.1/../../../../arm-elf/lib/interwork/libc.a(wctomb_r.o)
 .glue_7        0x00133ce4        0x0 /gnuarm/bin/../lib/gcc/arm-elf/4.1.1/../../../../arm-elf/lib/interwork/libc.a(wsetup.o)
 .glue_7        0x00133ce4        0x0 /gnuarm/bin/../lib/gcc/arm-elf/4.1.1/../../../../arm-elf/lib/interwork/libc.a(dtoa.o)
 .glue_7        0x00133ce4        0x0 /gnuarm/bin/../lib/gcc/arm-elf/4.1.1/../../../../arm-elf/lib/interwork/libc.a(fflush.o)
 .glue_7        0x00133ce4        0x0 /gnuarm/bin/../lib/gcc/arm-elf/4.1.1/../../../../arm-elf/lib/interwork/libc.a(findfp.o)
 .glue_7        0x00133ce4        0x0 /gnuarm/bin/../lib/gcc/arm-elf/4.1.1/../../../../arm-elf/lib/interwork/libc.a(fread.o)
 .glue_7        0x00133ce4        0x0 /gnuarm/bin/../lib/gcc/arm-elf/4.1.1/../../../../arm-elf/lib/interwork/libc.a(freer.o)
 .glue_7        0x00133ce4        0x0 /gnuarm/bin/../lib/gcc/arm-elf/4.1.1/../../../../arm-elf/lib/interwork/libc.a(fvwrite.o)
 .glue_7        0x00133ce4        0x0 /gnuarm/bin/../lib/gcc/arm-elf/4.1.1/../../../../arm-elf/lib/interwork/libc.a(fwalk.o)
 .glue_7        0x00133ce4        0x0 /gnuarm/bin/../lib/gcc/arm-elf/4.1.1/../../../../arm-elf/lib/interwork/libc.a(impure.o)
 .glue_7        0x00133ce4        0x0 /gnuarm/bin/../lib/gcc/arm-elf/4.1.1/../../../../arm-elf/lib/interwork/libc.a(iswspace.o)
 .glue_7        0x00133ce4        0x0 /gnuarm/bin/../lib/gcc/arm-elf/4.1.1/../../../../arm-elf/lib/interwork/libc.a(locale.o)
 .glue_7        0x00133ce4        0x0 /gnuarm/bin/../lib/gcc/arm-elf/4.1.1/../../../../arm-elf/lib/interwork/libc.a(makebuf.o)
 .glue_7        0x00133ce4        0x0 /gnuarm/bin/../lib/gcc/arm-elf/4.1.1/../../../../arm-elf/lib/interwork/libc.a(mallocr.o)
 .glue_7        0x00133ce4        0x0 /gnuarm/bin/../lib/gcc/arm-elf/4.1.1/../../../../arm-elf/lib/interwork/libc.a(mbrtowc.o)
 .glue_7        0x00133ce4        0x0 /gnuarm/bin/../lib/gcc/arm-elf/4.1.1/../../../../arm-elf/lib/interwork/libc.a(mbtowc_r.o)
 .glue_7        0x00133ce4        0x0 /gnuarm/bin/../lib/gcc/arm-elf/4.1.1/../../../../arm-elf/lib/interwork/libc.a(memchr.o)
 .glue_7        0x00133ce4        0x0 /gnuarm/bin/../lib/gcc/arm-elf/4.1.1/../../../../arm-elf/lib/interwork/libc.a(memmove.o)
 .glue_7        0x00133ce4        0x0 /gnuarm/bin/../lib/gcc/arm-elf/4.1.1/../../../../arm-elf/lib/interwork/libc.a(mlock.o)
 .glue_7        0x00133ce4        0x0 /gnuarm/bin/../lib/gcc/arm-elf/4.1.1/../../../../arm-elf/lib/interwork/libc.a(mprec.o)
 .glue_7        0x00133ce4        0x0 /gnuarm/bin/../lib/gcc/arm-elf/4.1.1/../../../../arm-elf/lib/interwork/libc.a(reallocr.o)
 .glue_7        0x00133ce4        0x0 /gnuarm/bin/../lib/gcc/arm-elf/4.1.1/../../../../arm-elf/lib/interwork/libc.a(refill.o)
 .glue_7        0x00133ce4        0x0 /gnuarm/bin/../lib/gcc/arm-elf/4.1.1/../../../../arm-elf/lib/interwork/libc.a(s_isinf.o)
 .glue_7        0x00133ce4        0x0 /gnuarm/bin/../lib/gcc/arm-elf/4.1.1/../../../../arm-elf/lib/interwork/libc.a(s_isnan.o)
 .glue_7        0x00133ce4        0x0 /gnuarm/bin/../lib/gcc/arm-elf/4.1.1/../../../../arm-elf/lib/interwork/libc.a(sccl.o)
 .glue_7        0x00133ce4        0x0 /gnuarm/bin/../lib/gcc/arm-elf/4.1.1/../../../../arm-elf/lib/interwork/libc.a(sf_nan.o)
 .glue_7        0x00133ce4        0x0 /gnuarm/bin/../lib/gcc/arm-elf/4.1.1/../../../../arm-elf/lib/interwork/libc.a(stdio.o)
 .glue_7        0x00133ce4        0x0 /gnuarm/bin/../lib/gcc/arm-elf/4.1.1/../../../../arm-elf/lib/interwork/libc.a(strtod.o)
 .glue_7        0x00133ce4        0x0 /gnuarm/bin/../lib/gcc/arm-elf/4.1.1/../../../../arm-elf/lib/interwork/libc.a(strtol.o)
 .glue_7        0x00133ce4        0x0 /gnuarm/bin/../lib/gcc/arm-elf/4.1.1/../../../../arm-elf/lib/interwork/libc.a(strtoul.o)
 .glue_7        0x00133ce4        0x0 /gnuarm/bin/../lib/gcc/arm-elf/4.1.1/../../../../arm-elf/lib/interwork/libc.a(ungetc.o)
 .glue_7        0x00133ce4        0x0 /gnuarm/bin/../lib/gcc/arm-elf/4.1.1/../../../../arm-elf/lib/interwork/libc.a(callocr.o)
 .glue_7        0x00133ce4        0x0 /gnuarm/bin/../lib/gcc/arm-elf/4.1.1/../../../../arm-elf/lib/interwork/libc.a(fclose.o)
 .glue_7        0x00133ce4        0x0 /gnuarm/bin/../lib/gcc/arm-elf/4.1.1/../../../../arm-elf/lib/interwork/libc.a(s_nan.o)
 .glue_7        0x00133ce4        0x0 /gnuarm/bin/../lib/gcc/arm-elf/4.1.1/interwork/libgcc.a(_cmpdf2.o)
 .glue_7        0x00133ce4       0xa8 /gnuarm/bin/../lib/gcc/arm-elf/4.1.1/interwork/libgcc.a(_fixdfsi.o)
                0x00133d80                ___read_r_from_arm
                0x00133d20                __Io_SetFalse_from_arm
                0x00133cfc                __xQueueSendFromISR_from_arm
                0x00133d74                ___write_r_from_arm
                0x00133d08                __vClearEMACTxBuffer_from_arm
                0x00133d5c                ___close_r_from_arm
                0x00133d50                __isatty_from_arm
                0x00133d44                ___fstat_r_from_arm
                0x00133d38                ___sbrk_r_from_arm
                0x00133d14                __Io_SetTrue_from_arm
                0x00133cf0                __vTaskIncrementTick_from_arm
                0x00133d2c                __xQueueReceiveFromISR_from_arm
                0x00133d68                ___lseek_r_from_arm
                0x00133ce4                __vTaskSwitchContext_from_arm
 *(.glue_7t)
 .glue_7t       0x00133d8c        0x0 ../controller/freertos/portable/GCC/ARM7_AT91SAM7S/portISR.o
 .glue_7t       0x00133d8c        0x0 ../controller/makingthings/SAM7_EMAC_ISR.o
 .glue_7t       0x00133d8c        0x0 ../controller/makingthings/USBIsr.o
 .glue_7t       0x00133d8c        0x0 ../controller/startup/Cstartup_SAM7.o
 .glue_7t       0x00133d8c        0x0 ../controller/makingthings/analogin_isr.o
 .glue_7t       0x00133d8c        0x0 ../controller/makingthings/fasttimer_isr.o
 .glue_7t       0x00133d8c        0x0 ../controller/makingthings/serial_isr.o
 .glue_7t       0x00133d8c        0x0 ../controller/makingthings/timer_isr.o
 .glue_7t       0x00133d8c        0x0 ../controller/makingthings/can_isr.o
 .glue_7t       0x00133d8c        0x0 ../controller/freertos/tasks.o
 .glue_7t       0x00133d8c        0x0 ../controller/freertos/queue.o
 .glue_7t       0x00133d8c        0x0 ../controller/freertos/list.o
 .glue_7t       0x00133d8c        0x0 ../controller/freertos/portable/GCC/ARM7_AT91SAM7S/port.o
 .glue_7t       0x00133d8c        0x0 ../controller/startup/extras.o
 .glue_7t       0x00133d8c        0x0 ../controller/freertos/portable/MemMang/heap_2.o
 .glue_7t       0x00133d8c        0x0 ../controller/makingthings/main.o
 .glue_7t       0x00133d8c        0x0 ../controller/makingthings/BasicWEB.o
 .glue_7t       0x00133d8c        0x0 2nd_make.o
 .glue_7t       0x00133d8c        0x0 ../controller/makingthings/eeprom.o
 .glue_7t       0x00133d8c        0x0 ../controller/makingthings/analogin.o
 .glue_7t       0x00133d8c        0x0 ../controller/makingthings/serial.o
 .glue_7t       0x00133d8c        0x0 ../controller/makingthings/pwm.o
 .glue_7t       0x00133d8c        0x0 ../controller/makingthings/spi.o
 .glue_7t       0x00133d8c        0x0 ../controller/makingthings/USB-CDC.o
 .glue_7t       0x00133d8c        0x0 ../controller/makingthings/rtos.o
 .glue_7t       0x00133d8c        0x0 ../controller/makingthings/usb.o
 .glue_7t       0x00133d8c        0x0 ../controller/makingthings/network.o
 .glue_7t       0x00133d8c        0x0 ../controller/makingthings/system.o
 .glue_7t       0x00133d8c        0x0 ../controller/makingthings/poly.o
 .glue_7t       0x00133d8c        0x0 ../appboard/makingthings/servo.o
 .glue_7t       0x00133d8c        0x0 ../appboard/makingthings/stepper.o
 .glue_7t       0x00133d8c        0x0 ../appboard/makingthings/dipswitch.o
 .glue_7t       0x00133d8c        0x0 ../appboard/makingthings/motor.o
 .glue_7t       0x00133d8c        0x0 ../appboard/makingthings/appboard.o
 .glue_7t       0x00133d8c        0x0 ../appboard/makingthings/appled.o
 .glue_7t       0x00133d8c        0x0 ../appboard/makingthings/pwmout.o
 .glue_7t       0x00133d8c        0x0 ../appboard/makingthings/digitalin.o
 .glue_7t       0x00133d8c        0x0 ../appboard/makingthings/digitalout.o
 .glue_7t       0x00133d8c        0x0 ../controller/makingthings/io.o
 .glue_7t       0x00133d8c        0x0 ../controller/makingthings/led.o
 .glue_7t       0x00133d8c        0x0 ../controller/makingthings/timer.o
 .glue_7t       0x00133d8c        0x0 ../controller/makingthings/fasttimer.o
 .glue_7t       0x00133d8c        0x0 ../controller/makingthings/debugosc.o
 .glue_7t       0x00133d8c        0x0 ../controller/makingthings/can.o
 .glue_7t       0x00133d8c        0x0 ../controller/lwip/src/core/tcp_out.o
 .glue_7t       0x00133d8c        0x0 ../controller/lwip/src/core/inet.o
 .glue_7t       0x00133d8c        0x0 ../controller/lwip/src/core/mem.o
 .glue_7t       0x00133d8c        0x0 ../controller/lwip/src/core/memp.o
 .glue_7t       0x00133d8c        0x0 ../controller/lwip/src/core/netif.o
 .glue_7t       0x00133d8c        0x0 ../controller/lwip/src/core/pbuf.o
 .glue_7t       0x00133d8c        0x0 ../controller/lwip/src/core/raw.o
 .glue_7t       0x00133d8c        0x0 ../controller/lwip/src/core/stats.o
 .glue_7t       0x00133d8c        0x0 ../controller/lwip/src/core/sys.o
 .glue_7t       0x00133d8c        0x0 ../controller/lwip/src/core/tcp.o
 .glue_7t       0x00133d8c        0x0 ../controller/lwip/src/core/tcp_in.o
 .glue_7t       0x00133d8c        0x0 ../controller/lwip/src/core/ipv4/ip.o
 .glue_7t       0x00133d8c        0x0 ../controller/lwip/src/core/ipv4/ip_addr.o
 .glue_7t       0x00133d8c        0x0 ../controller/lwip/src/core/ipv4/icmp.o
 .glue_7t       0x00133d8c        0x0 ../controller/lwip/src/api/tcpip.o
 .glue_7t       0x00133d8c        0x0 ../controller/lwip/src/api/api_msg.o
 .glue_7t       0x00133d8c        0x0 ../controller/lwip/src/api/err.o
 .glue_7t       0x00133d8c        0x0 ../controller/lwip/src/api/api_lib.o
 .glue_7t       0x00133d8c        0x0 ../controller/lwip/src/netif/etharp.o
 .glue_7t       0x00133d8c        0x0 ../controller/lwip/contrib/port/FreeRTOS/AT91SAM7X/sys_arch.o
 .glue_7t       0x00133d8c        0x0 ../controller/lwip/src/netif/ethernetif.o
 .glue_7t       0x00133d8c        0x0 ../controller/makingthings/SAM7_EMAC.o
 .glue_7t       0x00133d8c        0x0 ../controller/lwip/src/core/udp.o
 .glue_7t       0x00133d8c        0x0 ../controller/lwip/src/core/ipv4/ip_frag.o
 .glue_7t       0x00133d8c        0x0 ../controller/makingthings/osc.o
 .glue_7t       0x00133d8c        0x0 ../controller/makingthings/osc_patternmatch.o
 .glue_7t       0x00133d8c        0x0 /cygdrive/c/DOCUME~1/Phucker/LOCALS~1/Temp/ccSuhWUy.o
 .glue_7t       0x00133d8c        0x0 /gnuarm/bin/../lib/gcc/arm-elf/4.1.1/interwork/libgcc.a(_udivsi3.o)
 .glue_7t       0x00133d8c        0x0 /gnuarm/bin/../lib/gcc/arm-elf/4.1.1/interwork/libgcc.a(_divsi3.o)
 .glue_7t       0x00133d8c        0x0 /gnuarm/bin/../lib/gcc/arm-elf/4.1.1/interwork/libgcc.a(_umodsi3.o)
 .glue_7t       0x00133d8c        0x0 /gnuarm/bin/../lib/gcc/arm-elf/4.1.1/interwork/libgcc.a(_modsi3.o)
 .glue_7t       0x00133d8c        0x0 /gnuarm/bin/../lib/gcc/arm-elf/4.1.1/interwork/libgcc.a(_dvmd_tls.o)
 .glue_7t       0x00133d8c        0x0 /gnuarm/bin/../lib/gcc/arm-elf/4.1.1/interwork/libgcc.a(_addsubdf3.o)
 .glue_7t       0x00133d8c        0x0 /gnuarm/bin/../lib/gcc/arm-elf/4.1.1/interwork/libgcc.a(_muldivdf3.o)
 .glue_7t       0x00133d8c        0x0 /gnuarm/bin/../lib/gcc/arm-elf/4.1.1/interwork/libgcc.a(_truncdfsf2.o)
 .glue_7t       0x00133d8c        0x0 /gnuarm/bin/../lib/gcc/arm-elf/4.1.1/interwork/libgcc.a(_addsubsf3.o)
 .glue_7t       0x00133d8c        0x0 /gnuarm/bin/../lib/gcc/arm-elf/4.1.1/interwork/libgcc.a(_muldivsf3.o)
 .glue_7t       0x00133d8c        0x0 /gnuarm/bin/../lib/gcc/arm-elf/4.1.1/interwork/libgcc.a(_cmpsf2.o)
 .glue_7t       0x00133d8c        0x0 /gnuarm/bin/../lib/gcc/arm-elf/4.1.1/interwork/libgcc.a(_fixsfsi.o)
 .glue_7t       0x00133d8c        0x0 /gnuarm/bin/../lib/gcc/arm-elf/4.1.1/../../../../arm-elf/lib/interwork/libc.a(ctype_.o)
 .glue_7t       0x00133d8c        0x0 /gnuarm/bin/../lib/gcc/arm-elf/4.1.1/../../../../arm-elf/lib/interwork/libc.a(memcpy.o)
 .glue_7t       0x00133d8c        0x0 /gnuarm/bin/../lib/gcc/arm-elf/4.1.1/../../../../arm-elf/lib/interwork/libc.a(memset.o)
 .glue_7t       0x00133d8c        0x0 /gnuarm/bin/../lib/gcc/arm-elf/4.1.1/../../../../arm-elf/lib/interwork/libc.a(snprintf.o)
 .glue_7t       0x00133d8c        0x0 /gnuarm/bin/../lib/gcc/arm-elf/4.1.1/../../../../arm-elf/lib/interwork/libc.a(sprintf.o)
 .glue_7t       0x00133d8c        0x0 /gnuarm/bin/../lib/gcc/arm-elf/4.1.1/../../../../arm-elf/lib/interwork/libc.a(sscanf.o)
 .glue_7t       0x00133d8c        0x0 /gnuarm/bin/../lib/gcc/arm-elf/4.1.1/../../../../arm-elf/lib/interwork/libc.a(strcat.o)
 .glue_7t       0x00133d8c        0x0 /gnuarm/bin/../lib/gcc/arm-elf/4.1.1/../../../../arm-elf/lib/interwork/libc.a(strchr.o)
 .glue_7t       0x00133d8c        0x0 /gnuarm/bin/../lib/gcc/arm-elf/4.1.1/../../../../arm-elf/lib/interwork/libc.a(strcmp.o)
 .glue_7t       0x00133d8c        0x0 /gnuarm/bin/../lib/gcc/arm-elf/4.1.1/../../../../arm-elf/lib/interwork/libc.a(strcpy.o)
 .glue_7t       0x00133d8c        0x0 /gnuarm/bin/../lib/gcc/arm-elf/4.1.1/../../../../arm-elf/lib/interwork/libc.a(strlen.o)
 .glue_7t       0x00133d8c        0x0 /gnuarm/bin/../lib/gcc/arm-elf/4.1.1/../../../../arm-elf/lib/interwork/libc.a(strncmp.o)
 .glue_7t       0x00133d8c        0x0 /gnuarm/bin/../lib/gcc/arm-elf/4.1.1/../../../../arm-elf/lib/interwork/libc.a(strncpy.o)
 .glue_7t       0x00133d8c        0x0 /gnuarm/bin/../lib/gcc/arm-elf/4.1.1/../../../../arm-elf/lib/interwork/libc.a(vfprintf.o)
 .glue_7t       0x00133d8c        0x0 /gnuarm/bin/../lib/gcc/arm-elf/4.1.1/../../../../arm-elf/lib/interwork/libc.a(vfscanf.o)
 .glue_7t       0x00133d8c        0x0 /gnuarm/bin/../lib/gcc/arm-elf/4.1.1/../../../../arm-elf/lib/interwork/libc.a(vsnprintf.o)
 .glue_7t       0x00133d8c        0x0 /gnuarm/bin/../lib/gcc/arm-elf/4.1.1/../../../../arm-elf/lib/interwork/libc.a(wcrtomb.o)
 .glue_7t       0x00133d8c        0x0 /gnuarm/bin/../lib/gcc/arm-elf/4.1.1/../../../../arm-elf/lib/interwork/libc.a(wcsrtombs.o)
 .glue_7t       0x00133d8c        0x0 /gnuarm/bin/../lib/gcc/arm-elf/4.1.1/../../../../arm-elf/lib/interwork/libc.a(wctomb_r.o)
 .glue_7t       0x00133d8c        0x0 /gnuarm/bin/../lib/gcc/arm-elf/4.1.1/../../../../arm-elf/lib/interwork/libc.a(wsetup.o)
 .glue_7t       0x00133d8c        0x0 /gnuarm/bin/../lib/gcc/arm-elf/4.1.1/../../../../arm-elf/lib/interwork/libc.a(dtoa.o)
 .glue_7t       0x00133d8c        0x0 /gnuarm/bin/../lib/gcc/arm-elf/4.1.1/../../../../arm-elf/lib/interwork/libc.a(fflush.o)
 .glue_7t       0x00133d8c        0x0 /gnuarm/bin/../lib/gcc/arm-elf/4.1.1/../../../../arm-elf/lib/interwork/libc.a(findfp.o)
 .glue_7t       0x00133d8c        0x0 /gnuarm/bin/../lib/gcc/arm-elf/4.1.1/../../../../arm-elf/lib/interwork/libc.a(fread.o)
 .glue_7t       0x00133d8c        0x0 /gnuarm/bin/../lib/gcc/arm-elf/4.1.1/../../../../arm-elf/lib/interwork/libc.a(freer.o)
 .glue_7t       0x00133d8c        0x0 /gnuarm/bin/../lib/gcc/arm-elf/4.1.1/../../../../arm-elf/lib/interwork/libc.a(fvwrite.o)
 .glue_7t       0x00133d8c        0x0 /gnuarm/bin/../lib/gcc/arm-elf/4.1.1/../../../../arm-elf/lib/interwork/libc.a(fwalk.o)
 .glue_7t       0x00133d8c        0x0 /gnuarm/bin/../lib/gcc/arm-elf/4.1.1/../../../../arm-elf/lib/interwork/libc.a(impure.o)
 .glue_7t       0x00133d8c        0x0 /gnuarm/bin/../lib/gcc/arm-elf/4.1.1/../../../../arm-elf/lib/interwork/libc.a(iswspace.o)
 .glue_7t       0x00133d8c        0x0 /gnuarm/bin/../lib/gcc/arm-elf/4.1.1/../../../../arm-elf/lib/interwork/libc.a(locale.o)
 .glue_7t       0x00133d8c        0x0 /gnuarm/bin/../lib/gcc/arm-elf/4.1.1/../../../../arm-elf/lib/interwork/libc.a(makebuf.o)
 .glue_7t       0x00133d8c        0x0 /gnuarm/bin/../lib/gcc/arm-elf/4.1.1/../../../../arm-elf/lib/interwork/libc.a(mallocr.o)
 .glue_7t       0x00133d8c        0x0 /gnuarm/bin/../lib/gcc/arm-elf/4.1.1/../../../../arm-elf/lib/interwork/libc.a(mbrtowc.o)
 .glue_7t       0x00133d8c        0x0 /gnuarm/bin/../lib/gcc/arm-elf/4.1.1/../../../../arm-elf/lib/interwork/libc.a(mbtowc_r.o)
 .glue_7t       0x00133d8c        0x0 /gnuarm/bin/../lib/gcc/arm-elf/4.1.1/../../../../arm-elf/lib/interwork/libc.a(memchr.o)
 .glue_7t       0x00133d8c        0x0 /gnuarm/bin/../lib/gcc/arm-elf/4.1.1/../../../../arm-elf/lib/interwork/libc.a(memmove.o)
 .glue_7t       0x00133d8c        0x0 /gnuarm/bin/../lib/gcc/arm-elf/4.1.1/../../../../arm-elf/lib/interwork/libc.a(mlock.o)
 .glue_7t       0x00133d8c        0x0 /gnuarm/bin/../lib/gcc/arm-elf/4.1.1/../../../../arm-elf/lib/interwork/libc.a(mprec.o)
 .glue_7t       0x00133d8c        0x0 /gnuarm/bin/../lib/gcc/arm-elf/4.1.1/../../../../arm-elf/lib/interwork/libc.a(reallocr.o)
 .glue_7t       0x00133d8c        0x0 /gnuarm/bin/../lib/gcc/arm-elf/4.1.1/../../../../arm-elf/lib/interwork/libc.a(refill.o)
 .glue_7t       0x00133d8c        0x0 /gnuarm/bin/../lib/gcc/arm-elf/4.1.1/../../../../arm-elf/lib/interwork/libc.a(s_isinf.o)
 .glue_7t       0x00133d8c        0x0 /gnuarm/bin/../lib/gcc/arm-elf/4.1.1/../../../../arm-elf/lib/interwork/libc.a(s_isnan.o)
 .glue_7t       0x00133d8c        0x0 /gnuarm/bin/../lib/gcc/arm-elf/4.1.1/../../../../arm-elf/lib/interwork/libc.a(sccl.o)
 .glue_7t       0x00133d8c        0x0 /gnuarm/bin/../lib/gcc/arm-elf/4.1.1/../../../../arm-elf/lib/interwork/libc.a(sf_nan.o)
 .glue_7t       0x00133d8c        0x0 /gnuarm/bin/../lib/gcc/arm-elf/4.1.1/../../../../arm-elf/lib/interwork/libc.a(stdio.o)
 .glue_7t       0x00133d8c        0x0 /gnuarm/bin/../lib/gcc/arm-elf/4.1.1/../../../../arm-elf/lib/interwork/libc.a(strtod.o)