Archive member included because of file (symbol)

/gnuarm/bin/../lib/gcc/arm-elf/4.1.1/interwork/libgcc.a(_udivsi3.o)
                              ../controller/lwip/src/core/inet.o (__udivsi3)
/gnuarm/bin/../lib/gcc/arm-elf/4.1.1/interwork/libgcc.a(_divsi3.o)
                              ../controller/makingthings/usb.o (__divsi3)
/gnuarm/bin/../lib/gcc/arm-elf/4.1.1/interwork/libgcc.a(_umodsi3.o)
                              ../controller/lwip/src/core/inet.o (__umodsi3)
/gnuarm/bin/../lib/gcc/arm-elf/4.1.1/interwork/libgcc.a(_dvmd_tls.o)
                              /gnuarm/bin/../lib/gcc/arm-elf/4.1.1/interwork/libgcc.a(_udivsi3.o) (__div0)
/gnuarm/bin/../lib/gcc/arm-elf/4.1.1/interwork/libgcc.a(_addsubdf3.o)
                              ../controller/makingthings/poly.o (__floatsidf)
/gnuarm/bin/../lib/gcc/arm-elf/4.1.1/interwork/libgcc.a(_muldivdf3.o)
                              ../controller/makingthings/poly.o (__divdf3)
/gnuarm/bin/../lib/gcc/arm-elf/4.1.1/interwork/libgcc.a(_truncdfsf2.o)
                              ../controller/makingthings/poly.o (__truncdfsf2)
/gnuarm/bin/../lib/gcc/arm-elf/4.1.1/interwork/libgcc.a(_addsubsf3.o)
                              ../controller/makingthings/poly.o (__subsf3)
/gnuarm/bin/../lib/gcc/arm-elf/4.1.1/interwork/libgcc.a(_muldivsf3.o)
                              ../controller/makingthings/poly.o (__mulsf3)
/gnuarm/bin/../lib/gcc/arm-elf/4.1.1/interwork/libgcc.a(_cmpsf2.o)
                              ../controller/makingthings/poly.o (__gtsf2)
/gnuarm/bin/../lib/gcc/arm-elf/4.1.1/interwork/libgcc.a(_fixsfsi.o)
                              ../controller/makingthings/poly.o (__fixsfsi)
/gnuarm/bin/../lib/gcc/arm-elf/4.1.1/../../../../arm-elf/lib/interwork/libc.a(ctype_.o)
                              ../controller/makingthings/osc.o (__ctype_ptr)
/gnuarm/bin/../lib/gcc/arm-elf/4.1.1/../../../../arm-elf/lib/interwork/libc.a(memcpy.o)
                              ../controller/freertos/tasks.o (memcpy)
/gnuarm/bin/../lib/gcc/arm-elf/4.1.1/../../../../arm-elf/lib/interwork/libc.a(memset.o)
                              ../controller/freertos/tasks.o (memset)
/gnuarm/bin/../lib/gcc/arm-elf/4.1.1/../../../../arm-elf/lib/interwork/libc.a(snprintf.o)
                              ../controller/makingthings/BasicWEB.o (snprintf)
/gnuarm/bin/../lib/gcc/arm-elf/4.1.1/../../../../arm-elf/lib/interwork/libc.a(sprintf.o)
                              ../controller/freertos/tasks.o (sprintf)
/gnuarm/bin/../lib/gcc/arm-elf/4.1.1/../../../../arm-elf/lib/interwork/libc.a(sscanf.o)
                              ../controller/makingthings/network.o (sscanf)
/gnuarm/bin/../lib/gcc/arm-elf/4.1.1/../../../../arm-elf/lib/interwork/libc.a(strcat.o)
                              ../controller/freertos/tasks.o (strcat)
/gnuarm/bin/../lib/gcc/arm-elf/4.1.1/../../../../arm-elf/lib/interwork/libc.a(strchr.o)
                              ../controller/makingthings/osc.o (strchr)
/gnuarm/bin/../lib/gcc/arm-elf/4.1.1/../../../../arm-elf/lib/interwork/libc.a(strcmp.o)
                              ../controller/makingthings/osc.o (strcmp)
/gnuarm/bin/../lib/gcc/arm-elf/4.1.1/../../../../arm-elf/lib/interwork/libc.a(strcpy.o)
                              ../controller/makingthings/osc.o (strcpy)
/gnuarm/bin/../lib/gcc/arm-elf/4.1.1/../../../../arm-elf/lib/interwork/libc.a(strlen.o)
                              ../controller/freertos/tasks.o (strlen)
/gnuarm/bin/../lib/gcc/arm-elf/4.1.1/../../../../arm-elf/lib/interwork/libc.a(strncmp.o)
                              ../controller/makingthings/BasicWEB.o (strncmp)
/gnuarm/bin/../lib/gcc/arm-elf/4.1.1/../../../../arm-elf/lib/interwork/libc.a(strncpy.o)
                              ../controller/freertos/tasks.o (strncpy)
/gnuarm/bin/../lib/gcc/arm-elf/4.1.1/../../../../arm-elf/lib/interwork/libc.a(vfprintf.o)
                              /gnuarm/bin/../lib/gcc/arm-elf/4.1.1/../../../../arm-elf/lib/interwork/libc.a(snprintf.o) (_vfprintf_r)
/gnuarm/bin/../lib/gcc/arm-elf/4.1.1/../../../../arm-elf/lib/interwork/libc.a(vfscanf.o)
                              /gnuarm/bin/../lib/gcc/arm-elf/4.1.1/../../../../arm-elf/lib/interwork/libc.a(sscanf.o) (__svfscanf_r)
/gnuarm/bin/../lib/gcc/arm-elf/4.1.1/../../../../arm-elf/lib/interwork/libc.a(vsnprintf.o)
                              ../controller/makingthings/debugosc.o (vsnprintf)
/gnuarm/bin/../lib/gcc/arm-elf/4.1.1/../../../../arm-elf/lib/interwork/libc.a(wcrtomb.o)
                              /gnuarm/bin/../lib/gcc/arm-elf/4.1.1/../../../../arm-elf/lib/interwork/libc.a(vfprintf.o) (_wcrtomb_r)
/gnuarm/bin/../lib/gcc/arm-elf/4.1.1/../../../../arm-elf/lib/interwork/libc.a(wcsrtombs.o)
                              /gnuarm/bin/../lib/gcc/arm-elf/4.1.1/../../../../arm-elf/lib/interwork/libc.a(vfprintf.o) (_wcsrtombs_r)
/gnuarm/bin/../lib/gcc/arm-elf/4.1.1/../../../../arm-elf/lib/interwork/libc.a(wctomb_r.o)
[...]
Memory Configuration

Name             Origin             Length             Attributes
flash            0x00100000         0x00040000
ram              0x00200000         0x0000fa24
*default*        0x00000000         0xffffffff

Linker script and memory map

LOAD ../controller/freertos/portable/GCC/ARM7_AT91SAM7S/portISR.o
LOAD ../controller/makingthings/SAM7_EMAC_ISR.o
LOAD ../controller/makingthings/USBIsr.o
LOAD ../controller/startup/Cstartup_SAM7.o
LOAD ../controller/makingthings/analogin_isr.o
LOAD ../controller/makingthings/controller_isr.o
LOAD ../controller/makingthings/timer_isr.o
LOAD ../controller/makingthings/can_isr.o
LOAD ../controller/freertos/tasks.o
LOAD ../controller/freertos/queue.o
LOAD ../controller/freertos/list.o
LOAD ../controller/freertos/portable/GCC/ARM7_AT91SAM7S/port.o
LOAD ../controller/startup/extras.o
LOAD ../controller/freertos/portable/MemMang/heap_2.o
LOAD ../controller/makingthings/main.o
LOAD ../controller/makingthings/BasicWEB.o
LOAD make.o
LOAD ../controller/makingthings/eeprom.o
LOAD ../controller/makingthings/analogin.o
LOAD ../controller/makingthings/pwm.o
LOAD ../controller/makingthings/spi.o
LOAD ../controller/makingthings/USB-CDC.o
LOAD ../controller/makingthings/rtos.o
LOAD ../controller/makingthings/usb.o
LOAD ../controller/makingthings/network.o
LOAD ../controller/makingthings/system.o
LOAD ../controller/makingthings/poly.o
LOAD ../appboard/makingthings/servo.o
LOAD ../appboard/makingthings/dipswitch.o
LOAD ../appboard/makingthings/motor.o
LOAD ../appboard/makingthings/appboard.o
LOAD ../appboard/makingthings/appled.o
LOAD ../appboard/makingthings/pwmout.o
LOAD ../appboard/makingthings/digitalin.o
LOAD ../appboard/makingthings/digitalout.o
LOAD ../controller/makingthings/io.o
LOAD ../controller/makingthings/led.o
LOAD ../controller/makingthings/timer.o
LOAD ../controller/makingthings/debugosc.o
LOAD ../controller/makingthings/can.o
LOAD ../controller/lwip/src/core/tcp_out.o
LOAD ../controller/lwip/src/core/inet.o
LOAD ../controller/lwip/src/core/mem.o
LOAD ../controller/lwip/src/core/memp.o
LOAD ../controller/lwip/src/core/netif.o
LOAD ../controller/lwip/src/core/pbuf.o
LOAD ../controller/lwip/src/core/raw.o
LOAD ../controller/lwip/src/core/stats.o
LOAD ../controller/lwip/src/core/sys.o
LOAD ../controller/lwip/src/core/tcp.o
LOAD ../controller/lwip/src/core/tcp_in.o
LOAD ../controller/lwip/src/core/ipv4/ip.o
LOAD ../controller/lwip/src/core/ipv4/ip_addr.o
LOAD ../controller/lwip/src/core/ipv4/icmp.o
LOAD ../controller/lwip/src/api/tcpip.o
LOAD ../controller/lwip/src/api/api_msg.o
LOAD ../controller/lwip/src/api/err.o
LOAD ../controller/lwip/src/api/api_lib.o
LOAD ../controller/lwip/src/netif/etharp.o
LOAD ../controller/lwip/contrib/port/FreeRTOS/AT91SAM7X/sys_arch.o
LOAD ../controller/lwip/src/netif/ethernetif.o
LOAD ../controller/makingthings/SAM7_EMAC.o
LOAD ../controller/lwip/src/core/udp.o
LOAD ../controller/lwip/src/core/ipv4/ip_frag.o
LOAD ../controller/makingthings/osc.o
LOAD ../controller/makingthings/osc_patternmatch.o
LOAD /cygdrive/c/DOCUME~1/Phucker/LOCALS~1/Temp/ccO45Hhv.o
START GROUP
LOAD /gnuarm/bin/../lib/gcc/arm-elf/4.1.1/interwork/libgcc.a
LOAD /gnuarm/bin/../lib/gcc/arm-elf/4.1.1/../../../../arm-elf/lib/interwork/libc.a
END GROUP
                0x0020fffc                __stack_end__ = 0x20fffc
                0x00000000                . = 0x0

startup         0x00100000       0x44
 *(.startup)
 .startup       0x00100000       0x44 /cygdrive/c/DOCUME~1/Phucker/LOCALS~1/Temp/ccO45Hhv.o

prog            0x00100044    0x1bde0
 *(.text)
 .text          0x00100044      0x24c ../controller/freertos/portable/GCC/ARM7_AT91SAM7S/portISR.o
                0x00100130                vPreemptiveTick
                0x001000ec                vPortExitCritical
                0x00100090                vPortDisableInterruptsFromThumb
                0x001001e4                swi_handler
                0x00100044                vPortISRStartFirstTask
                0x001000a8                vPortEnableInterruptsFromThumb
                0x001000c0                vPortEnterCritical
 .text          0x00100290      0x148 ../controller/makingthings/SAM7_EMAC_ISR.o
                0x00100290                vPassEMACSemaphore
                0x001002a0                vEMACISR
 .text          0x001003d8      0x234 ../controller/makingthings/USBIsr.o
                0x001003d8                vUSB_ISR
 .text          0x0010060c       0x90 ../controller/startup/Cstartup_SAM7.o
                0x0010060c                AT91F_LowLevelInit
 .text          0x0010069c      0x108 ../controller/makingthings/analogin_isr.o
                0x0010069c                AnalogInIsr
 .text          0x001007a4      0x1e0 ../controller/makingthings/controller_isr.o
                0x001007dc                FastIsr
                0x001007a4                DisableFIQFromThumb
                0x001007c0                EnableFIQFromThumb
 .text          0x00100984      0x1b8 ../controller/makingthings/timer_isr.o
                0x00100984                Timer_Isr
 .text          0x00100b3c       0xb4 ../controller/makingthings/can_isr.o
                0x00100b3c                CanIsr
 .text          0x00100bf0      0xcfc ../controller/freertos/tasks.o
                0x00100e88                uxTaskPriorityGet
                0x00100bf0                TaskGetTimeouts
                0x00101144                vTaskPrioritySet
                0x00101338                vTaskEndScheduler
                0x00101250                vTaskPlaceOnEventList
                0x00100ffc                xTaskResumeFromISR
                0x00100dcc                ulTaskEndTrace
                0x00100e50                xTaskGetTickCount
                0x00100eb0                xTaskRemoveFromEventList
                0x00100df8                vTaskStartTrace
                0x001011e0                vTaskDelete
                0x00100d3c                xTaskCheckForTimeOut
                0x00100e6c                vTaskSuspendAll
                0x00101080                vTaskResume
                0x00100c00                vTaskSwitchContext
                0x001010ec                vTaskSuspend
                0x00100e34                uxTaskGetNumberOfTasks
                0x00100f2c                vTaskIncrementTick
                0x00101748                vTaskList
                0x00101860                vTaskDelayUntil
                0x00100db0                xTaskGetCurrentTaskHandle
                0x00100d90                usTaskCheckFreeStackSpace
                0x0010153c                xTaskResumeAll
                0x001014f8                vTaskStartScheduler
                0x00100d84                vTaskMissedYield
                0x00101350                xTaskCreate
                0x001017fc                vTaskDelay
                0x00100d24                vTaskSetTimeOutState
 .text          0x001018ec      0x388 ../controller/freertos/queue.o
                0x00101984                xQueueSendFromISR
                0x00101c08                xQueueCreate
                0x00101a4c                xQueueReceive
                0x00101b28                xQueueSend
                0x001018ec                vQueueDelete
                0x0010191c                xQueueReceiveFromISR
                0x00101904                uxQueueMessagesWaiting
 .text          0x00101c74       0x9c ../controller/freertos/list.o
                0x00101c94                vListInsertEnd
                0x00101cf0                vListRemove
                0x00101c8c                vListInitialiseItem
                0x00101c74                vListInitialise
                0x00101cb0                vListInsert
 .text          0x00101d10       0xec ../controller/freertos/portable/GCC/ARM7_AT91SAM7S/port.o
                0x00101db8                xPortStartScheduler
                0x00101db4                vPortEndScheduler
                0x00101d10                pxPortInitialiseStack
 .text          0x00101dfc       0x3c ../controller/startup/extras.o
                0x00101e10                _lseek_r
                0x00101e30                _fstat_r
                0x00101e08                isatty
                0x00101dfc                _sbrk_r
                0x00101e28                _read_r
                0x00101e00                _open_r
                0x00101e20                _close_r
                0x00101e18                _write_r
 .text          0x00101e38      0x124 ../controller/freertos/portable/MemMang/heap_2.o
                0x00101e78                vPortFree
                0x00101ea8                pvPortMalloc
                0x00101e38                PortFreeMemory
 .text          0x00101f5c       0xa0 ../controller/makingthings/main.o
                0x00101fec                MakeStarterTask
                0x00101f70                main
                0x00101f5c                vApplicationIdleHook
 .text          0x00101ffc      0x200 ../controller/makingthings/BasicWEB.o
                0x00101ffc                vBasicWEBServer
 .text          0x001021fc      0x1e0 make.o
                0x001021fc                NetworkCheck
                0x00102260                BlinkTask
                0x00102290                Make
 .text          0x001023dc      0x1fc ../controller/makingthings/eeprom.o
                0x0010252c                Eeprom_Write
                0x001023dc                Eeprom_GetActive
                0x001024a4                Eeprom_Read
                0x001023f0                Eeprom_GetLastAddress
                0x001025c4                Eeprom_SetActive
 .text          0x001025d8      0x2d4 ../controller/makingthings/analogin.o
                0x00102744                AnalogIn_GetValueWait
                0x001025d8                AnalogIn_GetActive
                0x001027a4                AnalogIn_GetValue
                0x00102630                AnalogInOsc_ReceiveMessage
                0x00102824                AnalogInOsc_PropertyGet
                0x00102840                AnalogIn_SetActive
                0x00102624                AnalogInOsc_GetName
                0x00102898                AnalogInOsc_PropertySet
 .text          0x001028ac      0x18c ../controller/makingthings/pwm.o
                0x001028ec                Pwm_GetChannelIo
                0x001028d4                Pwm_Get
                0x00102994                Pwm_Start
                0x001028ac                Pwm_Set
                0x00102918                Pwm_Stop
 .text          0x00102a38      0x2f0 ../controller/makingthings/spi.o
                0x00102d10                Spi_Lock
                0x00102b80                Spi_Stop
                0x00102a38                Spi_Configure
                0x00102cf8                Spi_Unlock
                0x00102bf4                Spi_Start
                0x00102aa8                Spi_ReadWriteBlock
 .text          0x00102d28      0x760 ../controller/makingthings/USB-CDC.o
                0x00102d54                vUSBSendByte
                0x00102ed8                vUSBCDCTask
                0x00102d28                cUSBGetByte
 .text          0x00103488       0x6c ../controller/makingthings/rtos.o
                0x00103498                Malloc
                0x001034e8                Sleep
                0x00103488                TaskYield
                0x0010348c                Free
                0x001034a4                TaskExitCritical
                0x001034b0                TaskEnterCritical
                0x001034bc                TaskDelete
                0x001034c8                TaskCreate
 .text          0x001034f4      0x208 ../controller/makingthings/usb.o
                0x00103648                Usb_Get
                0x00103554                Usb_SetActive
                0x00103524                UsbOsc_ReceiveMessage
                0x001034f4                Usb_GetActive
                0x00103508                UsbOsc_GetName
                0x001035cc                Usb_Put
                0x001035b8                UsbOsc_PropertySet
                0x00103514                UsbOsc_PropertyGet
                0x00103674                Usb_SlipReceive
                0x001035f4                Usb_SlipSend
 .text          0x001036fc      0xa1c ../controller/makingthings/network.o
                0x00103dd8                Network_SetActive
                0x00103f38                Network_SetMask
                0x001037a4                SocketClose
                0x00103840                DatagramSocketSend
                0x00103ccc                Network_Init
                0x0010378c                ServerSocketClose
                0x001036fc                Network_GetActive
                0x00103950                Network_GetValid
                0x00103718                NetworkOsc_ReceiveMessage
                0x00103e2c                ServerSocket
                0x00103714                NetworkOsc_Poll
                0x00103fa0                NetworkOsc_PropertySet
                0x00103894                ServerSocketAccept
                0x00103af4                NetworkOsc_PropertyGet
                0x00103708                NetworkOsc_GetName
                0x001037bc                DatagramSocketReceive
                0x00103f04                Network_SetGateway
                0x001038c4                SocketRead
                0x00103f6c                Network_SetAddress
                0x00103dfc                DatagramSocket
                0x001039b8                Network_GetGateway
                0x00103748                Network_AddressConvert
                0x00103a88                Network_GetAddress
                0x00103778                DatagramSocketClose
                0x001038a4                SocketWrite
                0x00103e58                Socket
                0x00103e94                Network_SetValid
                0x00103a20                Network_GetMask
 .text          0x00104118      0x1c0 ../controller/makingthings/system.o
                0x0010419c                System_Start
                0x001041c8                System_SetActive
                0x001042a0                SystemOsc_PropertyGet
                0x001041ec                SystemOsc_ReceiveMessage
                0x00104130                System_GetVersionNumber
                0x00104118                System_GetActive
                0x0010412c                System_GetBuildNumber
                0x00104134                System_SetSamba
                0x001041ac                System_Stop
                0x00104234                SystemOsc_PropertySet
                0x001041e8                SystemOsc_Poll
                0x001041dc                SystemOsc_GetName
                0x00104184                System_SetReset
                0x00104294                System_GetFreeMemory
                0x00104274                System_GetSerialNumber
                0x0010421c                System_SetSerialNumber
 .text          0x001042d8      0xb18 ../controller/makingthings/poly.o
                0x00104450                Timer_DeInit
                0x00104da8                Poly_SetActive
                0x001049f0                Poly_DeInit
                0x001042d8                Poly_GetActive
                0x00104358                Follower_SaveConstants
                0x00104390                Timer_SaveConstants
                0x00104674                Timer_Run
                0x001048b8                Timer_Init
                0x00104bc0                Poly_Run
                0x00104a18                Follower_Run
                0x001043c8                Oscillator_DeInit
                0x00104968                Follower_DeInit
                0x00104cb0                Poly_Init
                0x00104cdc                PolyTask
                0x00104bf4                Follower_Init
                0x00104320                Oscillator_SaveConstants
                0x001044e0                Oscillator_Run
                0x001042e4                Poly_LineInit
                0x0010482c                Oscillator_Init
 .text          0x00104df0      0x388 ../appboard/makingthings/servo.o
                0x00105038                Servo_SetSpeed
                0x00104f9c                Servo_GetSpeed
                0x0010514c                ServoOsc_PropertySet
                0x00105014                ServoOsc_PropertyGet
                0x00104e4c                ServoOsc_ReceiveMessage
                0x00104fd8                Servo_GetPosition
                0x00104e40                ServoOsc_GetName
                0x001050ec                Servo_SetActive
                0x0010508c                Servo_SetPosition
                0x00104df0                Servo_GetActive
 .text          0x00105178      0x174 ../appboard/makingthings/dipswitch.o
                0x001051cc                DipSwitch_Stop
                0x00105178                DipSwitch_GetActive
                0x00105278                DipSwitch_GetValue
                0x0010518c                DipSwitchOsc_GetName
                0x00105198                DipSwitchOsc_Poll
                0x0010519c                DipSwitchOsc_ReceiveMessage
                0x00105264                DipSwitchOsc_PropertySet
                0x001051fc                DipSwitch_Start
                0x001052d0                DipSwitchOsc_PropertyGet
                0x00105250                DipSwitch_SetActive
 .text          0x001052ec      0x254 ../appboard/makingthings/motor.o
                0x00105474                MotorOsc_PropertyGet
                0x001054d8                Motor_SetSpeed
                0x00105310                MotorOsc_GetName
                0x0010531c                MotorOsc_ReceiveMessage
                0x001052ec                Motor_GetActive
                0x001053c8                Motor_GetDirection
                0x00105438                Motor_GetSpeed
                0x001053fc                Motor_SetActive
                0x00105514                MotorOsc_PropertySet
                0x00105498                Motor_SetDirection
 .text          0x00105540        0x4 ../appboard/makingthings/appboard.o
                0x00105540                AppBoard_Start
 .text          0x00105544      0x1e8 ../appboard/makingthings/appled.o
                0x00105624                AppLed_GetState
                0x00105590                AppLedOsc_GetName
                0x00105664                AppLedOsc_PropertyGet
                0x00105680                AppLed_SetState
                0x001056c4                AppLed_SetActive
                0x00105544                AppLed_GetActive
                0x0010570c                AppLedOsc_PropertySet
                0x0010559c                AppLedOsc_ReceiveMessage
 .text          0x0010572c      0x4a0 ../appboard/makingthings/pwmout.o
                0x00105b14                PwmOut_SetActive
                0x00105a70                PwmOut_GetInvertA
                0x0010572c                PwmOut_GetActive
                0x00105ab0                PwmOut_GetDuty
                0x00105ae0                PwmOutOsc_PropertyGet
                0x00105964                PwmOut_SetInvertB
                0x00105794                PwmOutOsc_GetName
                0x00105904                PwmOut_SetInvert
                0x00105a30                PwmOut_GetInvertB
                0x0010589c                PwmOut_SetAll
                0x001059fc                PwmOut_SetDuty
                0x001059b0                PwmOut_SetInvertA
                0x001057a0                PwmOutOsc_ReceiveMessage
                0x00105b88                PwmOutOsc_PropertySet
 .text          0x00105bcc      0x1cc ../appboard/makingthings/digitalin.o
                0x00105d20                DigitalInOsc_PropertyGet
                0x00105c38                DigitalInOsc_ReceiveMessage
                0x00105c2c                DigitalInOsc_GetName
                0x00105d3c                DigitalIn_SetActive
                0x00105cd4                DigitalIn_GetValue
                0x00105bcc                DigitalIn_GetActive
                0x00105d84                DigitalInOsc_PropertySet
 .text          0x00105d98      0x288 ../appboard/makingthings/digitalout.o
                0x00105e28                DigitalOutOsc_ReceiveMessage
                0x00105f54                DigitalOut_SetValue
                0x00105e1c                DigitalOutOsc_GetName
                0x00105d98                DigitalOut_GetActive
                0x00105f04                DigitalOut_GetValue
                0x00105db8                DigitalOut_GetIo
                0x00105f38                DigitalOutOsc_PropertyGet
                0x00105df0                DigitalOut_GetEnableIo
                0x00105f98                DigitalOut_SetActive
                0x00106000                DigitalOutOsc_PropertySet
 .text          0x00106020      0x60c ../controller/makingthings/io.o
                0x00106280                Io_PullupDisable
                0x001060bc                Io_SetFalse
                0x001065f8                Io_GetValueBits
                0x001062e4                Io_SetValueBits
                0x001061b0                Io_SetPeripheralB
                0x00106020                Io_SetOutput
                0x00106468                Io_StartBits
                0x001060f0                Io_SetValue
                0x001062cc                Io_SetFalseBits
                0x001063ec                Io_StopBits
                0x00106310                Io_SetOutputBits
                0x0010635c                Io_Start
                0x00106054                Io_SetInput
                0x00106140                Io_GetValue
                0x001061e4                Io_PioEnable
                0x00106328                Io_SetInputBits
                0x00106088                Io_SetTrue
                0x00106218                Io_PioDisable
                0x0010617c                Io_SetPeripheralA
                0x0010659c                Io_Stop
                0x001062b4                Io_SetTrueBits
                0x0010624c                Io_PullupEnable
 .text          0x0010662c      0x160 ../controller/makingthings/led.o
                0x00106700                Led_SetState
                0x001066b8                Led_GetState
                0x0010672c                Led_SetActive
                0x0010662c                Led_GetActive
                0x0010664c                LedOsc_ReceiveMessage
                0x0010676c                LedOsc_PropertySet
                0x00106640                LedOsc_GetName
                0x001066e4                LedOsc_PropertyGet
 .text          0x0010678c      0x1ec ../controller/makingthings/timer.o
                0x001068b8                Timer_Set
                0x0010678c                Timer_GetActive
                0x0010686c                Timer_Cancel
                0x001067b8                Timer_SetActive
 .text          0x00106978      0x218 ../controller/makingthings/debugosc.o
                0x00106a58                DebugOsc_ReceiveMessage
                0x00106a18                DebugOsc_GetName
                0x00106a88                Debug_SetActive
                0x00106ab4                DebugOsc_PropertySet
                0x0010698c                Debug_SetUsb
                0x001069d4                Debug_GetLevel
                0x00106978                Debug_GetActive
                0x001069b0                Debug_GetUdp
                0x00106a24                DebugOsc_PropertyGet
                0x001069a4                Debug_SetUdp
                0x00106af4                Debug
                0x001069f4                Debug_SetLevel
                0x00106998                Debug_GetUsb
 .text          0x00106b90      0x1c8 ../controller/makingthings/can.o
                0x00106b90                Can_GetActive
                0x00106d04                CanOsc_PropertySet
                0x00106bec                CanOsc_ReceiveMessage
                0x00106bdc                CanOsc_PropertyGet
                0x00106bd0                CanOsc_GetName
                0x00106c90                Can_GetMessage
                0x00106d18                Can_SendMessage
                0x00106cf0                Can_SetActive
 .text          0x00106d58      0xa58 ../controller/lwip/src/core/tcp_out.o
                0x00106e40                tcp_rst
                0x0010778c                tcp_send_ctrl
                0x00106d58                tcp_keepalive
                0x00107360                tcp_rexmit_rto
                0x00107744                tcp_write
                0x00107314                tcp_rexmit
                0x00106f5c                tcp_output
                0x001073b4                tcp_enqueue
 .text          0x001077b0      0x47c ../controller/lwip/src/core/inet.o
                0x00107940                inet_chksum
                0x0010796c                inet_chksum_pseudo
                0x001078d4                inet_chksum_pbuf
                0x00107c00                inet_addr
                0x00107c20                ntohl
                0x00107a80                htonl
                0x00107aa0                inet_aton
                0x00107a70                ntohs
                0x001077b0                inet_ntoa
                0x00107860                htons
 .text          0x00107c2c      0x360 ../controller/lwip/src/core/mem.o
                0x00107e78                mem_free
                0x00107f30                mem_init
                0x00107c94                mem_malloc
                0x00107ef8                mem_reallocm
                0x00107db4                mem_realloc
 .text          0x00107f8c      0x14c ../controller/lwip/src/core/memp.o
                0x00108034                memp_free
                0x0010806c                memp_malloc
                0x00107f8c                memp_init
 .text          0x001080d8      0x22c ../controller/lwip/src/core/netif.o
                0x0010818c                netif_set_netmask
                0x001082b8                netif_add
                0x001081f0                netif_set_ipaddr
                0x001081b8                netif_set_up
                0x001081ac                netif_set_default
                0x001081d0                netif_set_down
                0x00108294                netif_set_addr
                0x001081c4                netif_is_up
                0x0010816c                netif_set_gw
                0x001080d8                netif_remove
                0x001081dc                netif_init
                0x00108124                netif_find
 .text          0x00108304      0x4b4 ../controller/lwip/src/core/pbuf.o
                0x00108598                pbuf_realloc
                0x001084c8                pbuf_free
                0x001083e8                pbuf_cat
                0x00108430                pbuf_ref
                0x00108304                pbuf_init
                0x00108414                pbuf_dequeue
                0x00108734                pbuf_take
                0x00108600                pbuf_alloc
                0x001083cc                pbuf_clen
                0x0010844c                pbuf_queue
                0x00108364                pbuf_header
                0x00108470                pbuf_chain
                0x0010856c                pbuf_dechain
 .text          0x001087b8      0x1e0 ../controller/lwip/src/core/raw.o
                0x001087c4                raw_bind
                0x00108924                raw_send
                0x00108888                raw_sendto
                0x00108934                raw_input
                0x001087e4                raw_connect
                0x0010880c                raw_new
                0x0010884c                raw_remove
                0x001087b8                raw_init
                0x00108804                raw_recv
 .text          0x00108998       0x18 ../controller/lwip/src/core/stats.o
                0x00108998                stats_init
 .text          0x001089b0      0x208 ../controller/lwip/src/core/sys.o
                0x00108b2c                sys_msleep
                0x00108a18                sys_timeout
                0x00108b4c                sys_mbox_fetch
                0x00108ae8                sys_sem_wait_timeout
                0x00108a84                sys_sem_wait
                0x001089c4                sys_untimeout
 .text          0x00108bb8      0xa04 ../controller/lwip/src/core/tcp.o
                0x00108d80                tcp_next_iss
                0x00108d68                tcp_err
                0x00108d58                tcp_recv
                0x0010912c                tcp_alloc
                0x00108d54                tcp_arg
                0x001094f0                tcp_close
                0x00108dd0                tcp_recved
                0x00108eb4                tcp_pcb_purge
                0x0010924c                tcp_new
                0x00108e8c                tcp_segs_free
                0x00108c88                tcp_bind
                0x00109074                tcp_abort
                0x00108f54                tcp_listen
                0x00108e60                tcp_seg_free
                0x00108bb8                tcp_init
                0x00108fc0                tcp_connect
                0x00108d60                tcp_sent
                0x001094cc                tcp_tmr
                0x00108d50                tcp_setprio
                0x00109258                tcp_slowtmr
                0x00108d70                tcp_accept
                0x00108ee8                tcp_pcb_remove
                0x00108d98                tcp_fasttmr
                0x00108e30                tcp_seg_copy
                0x00108d74                tcp_poll
 .text          0x001095bc     0x1310 ../controller/lwip/src/core/tcp_in.o
                0x00109e14                tcp_input
 .text          0x0010a8cc      0x434 ../controller/lwip/src/core/ipv4/ip.o
                0x0010a928                ip_output_if
                0x0010aabc                ip_output
                0x0010a8cc                ip_init
                0x0010a8d0                ip_route
                0x0010ab20                ip_input
 .text          0x0010ad00       0x98 ../controller/lwip/src/core/ipv4/ip_addr.o
                0x0010ad00                ip_addr_isbroadcast
 .text          0x0010ad98      0x2cc ../controller/lwip/src/core/ipv4/icmp.o
                0x0010ae5c                icmp_input
                0x0010ad98                icmp_dest_unreach
 .text          0x0010b064      0x1ec ../controller/lwip/src/api/tcpip.o
                0x0010b064                tcpip_init
                0x0010b1a0                tcpip_callback
                0x0010b16c                tcpip_apimsg
                0x0010b1d4                tcpip_input
                0x0010b094                tcp_timer_needed
 .text          0x0010b250      0x8bc ../controller/lwip/src/api/api_msg.o
                0x0010b254                api_msg_input
                0x0010b26c                api_msg_post
 .text          0x0010bb0c        0x0 ../controller/lwip/src/api/err.o
 .text          0x0010bb0c      0x860 ../controller/lwip/src/api/api_lib.o
                0x0010bddc                netconn_write
                0x0010c1fc                netbuf_delete
                0x0010c338                netbuf_alloc
                0x0010bcd4                netconn_close
                0x0010bc8c                netbuf_new
                0x0010bd98                netconn_disconnect
                0x0010c1d0                netconn_new
                0x0010bbe8                netconn_type
                0x0010bca4                netconn_accept
                0x0010bbe4                netbuf_fromport
                0x0010bb14                netbuf_data
                0x0010c058                netconn_connect
                0x0010c1e0                netbuf_free
                0x0010bc84                netconn_err
                0x0010c224                netconn_delete
                0x0010bb30                netbuf_next
                0x0010bb4c                netbuf_first
                0x0010c2e4                netbuf_chain
                0x0010bd3c                netconn_send
                0x0010c128                netconn_new_with_proto_and_callback
                0x0010bc48                netconn_addr
                0x0010bff8                netconn_listen
                0x0010bbe0                netbuf_fromaddr
                0x0010bb0c                netbuf_len
                0x0010c1c0                netconn_new_with_callback
                0x0010c0b8                netconn_bind
                0x0010bb54                netbuf_copy_partial
                0x0010bbd0                netbuf_copy
                0x0010c304                netbuf_ref
                0x0010bee0                netconn_recv
                0x0010bbec                netconn_peer
 .text          0x0010c36c      0x92c ../controller/lwip/src/netif/etharp.o
                0x0010c38c                etharp_request
                0x0010c638                etharp_tmr
                0x0010caf8                etharp_arp_input
                0x0010c6b4                etharp_query
                0x0010c830                etharp_output
                0x0010c36c                etharp_init
                0x0010cc5c                etharp_ip_input
 .text          0x0010cc98      0x1e0 ../controller/lwip/contrib/port/FreeRTOS/AT91SAM7X/sys_arch.o
                0x0010cd14                sys_arch_timeouts
                0x0010cc98                sys_init
                0x0010cd30                sys_sem_signal
                0x0010cdac                sys_arch_mbox_fetch
                0x0010ce10                sys_sem_new
                0x0010ce5c                sys_mbox_free
                0x0010cca8                sys_arch_protect
                0x0010cd24                sys_sem_free
                0x0010ce4c                sys_mbox_new
                0x0010ccb4                sys_thread_new
                0x0010cd58                sys_arch_sem_wait
                0x0010cc9c                sys_arch_unprotect
                0x0010cd40                sys_mbox_post
 .text          0x0010ce78      0x2dc ../controller/lwip/src/netif/ethernetif.o
                0x0010ce78                ethernetif_init
 .text          0x0010d154      0x68c ../controller/makingthings/SAM7_EMAC.o
                0x0010d1cc                vClearEMACTxBuffer
                0x0010d26c                vEMACWaitForInput
                0x0010d6d8                lEMACSend
                0x0010d154                ulEMACInputLength
                0x0010d594                vEMACRead
                0x0010d284                xEMACInit
 .text          0x0010d7e0      0x5e8 ../controller/lwip/src/core/udp.o
                0x0010d970                udp_remove
                0x0010db20                udp_sendto
                0x0010d910                udp_disconnect
                0x0010d93c                udp_recv
                0x0010d890                udp_connect
                0x0010d7f4                udp_bind
                0x0010d9ac                udp_send
                0x0010db60                udp_input
                0x0010d7e0                udp_init
                0x0010d944                udp_new
 .text          0x0010ddc8      0x55c ../controller/lwip/src/core/ipv4/ip_frag.o
                0x0010dffc                ip_reass
                0x0010de38                ip_frag
                0x0010ddc8                ip_reass_tmr
 .text          0x0010e324      0xe48 ../controller/makingthings/osc.o
                0x0010e7f8                Osc_CreateMessage
                0x0010e324                Osc_GetActive
                0x0010eae0                Osc_IndexIntReceiverHelper
                0x0010e3b0                Osc_RegisterSubsystem
                0x0010e94c                Osc_Quicky
                0x0010e678                Osc_NumberMatch
                0x0010e4d4                Osc_ReadInt
                0x0010e970                Osc_ExtractData
                0x0010e7a4                Osc_SendPacket
                0x0010ee3c                Osc_ReceiveMessage
                0x0010e648                Osc_PropertyLookup
                0x0010e394                Osc_ResetChannel
                0x0010f0d0                Osc_UsbPacketSend
                0x0010eab0                Osc_SubsystemError
                0x0010e740                Osc_Unlock
                0x0010e4c0                Osc_ReadFloat
                0x0010ecb4                Osc_GeneralReceiverHelper
                0x0010ed58                Osc_IntReceiverHelper
                0x0010e440                Osc_FindDataTag
                0x0010e4e0                Osc_WritePaddedString
                0x0010e578                Osc_CreateMessageInternal
                0x0010f0dc                Osc_SetActive
                0x0010e3f4                Osc_SendPacketInternal
                0x0010eff8                Osc_UdpTask
                0x0010e754                Osc_Lock
                0x0010e48c                Osc_WriteTimetag
                0x0010e46c                Osc_EndianSwap
                0x0010f09c                Osc_UdpPacketSend
                0x0010e550                Osc_CreateBundle
                0x0010e43c                Osc_Poll
                0x0010e36c                Osc_SetReplyPort
                0x0010e344                Osc_SetReplyAddress
                0x0010e338                Osc_GetRunning
                0x0010ef18                Osc_ReceivePacket
                0x0010ef98                Osc_UsbTask
                0x0010e3f0                Osc_SendMessage
 .text          0x0010f16c      0x1cc ../controller/makingthings/osc_patternmatch.o
                0x0010f16c                Osc_PatternMatch
 .text          0x0010f338       0xd0 /cygdrive/c/DOCUME~1/Phucker/LOCALS~1/Temp/ccO45Hhv.o
                0x0010f338                start
                0x0010f3e8                endless_loop
 .text          0x0010f408      0x114 /gnuarm/bin/../lib/gcc/arm-elf/4.1.1/interwork/libgcc.a(_udivsi3.o)
                0x0010f408                __udivsi3
                0x0010f408                __aeabi_uidiv
                0x0010f504                __aeabi_uidivmod
 .text          0x0010f51c      0x144 /gnuarm/bin/../lib/gcc/arm-elf/4.1.1/interwork/libgcc.a(_divsi3.o)
                0x0010f51c                __aeabi_idiv
                0x0010f51c                __divsi3
                0x0010f648                __aeabi_idivmod
 .text          0x0010f660       0xd0 /gnuarm/bin/../lib/gcc/arm-elf/4.1.1/interwork/libgcc.a(_umodsi3.o)
                0x0010f660                __umodsi3
 .text          0x0010f730        0x4 /gnuarm/bin/../lib/gcc/arm-elf/4.1.1/interwork/libgcc.a(_dvmd_tls.o)
                0x0010f730                __aeabi_ldiv0
                0x0010f730                __div0
                0x0010f730                __aeabi_idiv0
 .text          0x0010f734      0x430 /gnuarm/bin/../lib/gcc/arm-elf/4.1.1/interwork/libgcc.a(_addsubdf3.o)
                0x0010faf8                __floatdidf
                0x0010fa78                __floatsidf
                0x0010fa50                __aeabi_ui2d
                0x0010f734                __aeabi_drsub
                0x0010faa4                __extendsfdf2
                0x0010f740                __adddf3
                0x0010fa50                __floatunsidf
                0x0010f740                __aeabi_dadd
                0x0010fae4                __aeabi_ul2d
                0x0010f73c                __aeabi_dsub
                0x0010fae4                __floatundidf
                0x0010fa78                __aeabi_i2d
                0x0010faf8                __aeabi_l2d
                0x0010faa4                __aeabi_f2d
                0x0010f73c                __subdf3
 .text          0x0010fb64      0x49c /gnuarm/bin/../lib/gcc/arm-elf/4.1.1/interwork/libgcc.a(_muldivdf3.o)
                0x0010fdf4                __aeabi_ddiv
                0x0010fb64                __aeabi_dmul
                0x0010fdf4                __divdf3
                0x0010fb64                __muldf3
 .text          0x00110000       0xa0 /gnuarm/bin/../lib/gcc/arm-elf/4.1.1/interwork/libgcc.a(_truncdfsf2.o)
                0x00110000                __aeabi_d2f
                0x00110000                __truncdfsf2
 .text          0x001100a0      0x2ac /gnuarm/bin/../lib/gcc/arm-elf/4.1.1/interwork/libgcc.a(_addsubsf3.o)
                0x001100ac                __aeabi_fadd
                0x001100a8                __subsf3
                0x00110270                __aeabi_i2f
                0x001100a8                __aeabi_fsub
                0x001102a0                __floatdisf
                0x00110270                __floatsisf
                0x00110290                __floatundisf
                0x00110268                __aeabi_ui2f
                0x001102a0                __aeabi_l2f
                0x00110290                __aeabi_ul2f
                0x001100a0                __aeabi_frsub
                0x00110268                __floatunsisf
                0x001100ac                __addsf3
 .text          0x0011034c      0x2f8 /gnuarm/bin/../lib/gcc/arm-elf/4.1.1/interwork/libgcc.a(_muldivsf3.o)
                0x001104e4                __divsf3
                0x001104e4                __aeabi_fdiv
                0x0011034c                __mulsf3
                0x0011034c                __aeabi_fmul
 .text          0x00110644      0x110 /gnuarm/bin/../lib/gcc/arm-elf/4.1.1/interwork/libgcc.a(_cmpsf2.o)
                0x0011073c                __aeabi_fcmpgt
                0x0011064c                __lesf2
                0x00110654                __nesf2
                0x00110724                __aeabi_fcmpge
                0x00110644                __gtsf2
                0x0011070c                __aeabi_fcmple
                0x00110654                __eqsf2
                0x00110654                __cmpsf2
                0x0011064c                __ltsf2
                0x001106c4                __aeabi_cfcmple
                0x00110644                __gesf2
                0x001106dc                __aeabi_fcmpeq
                0x001106b4                __aeabi_cfrcmple
                0x001106f4                __aeabi_fcmplt
                0x001106c4                __aeabi_cfcmpeq
 .text          0x00110754       0x5c /gnuarm/bin/../lib/gcc/arm-elf/4.1.1/interwork/libgcc.a(_fixsfsi.o)
                0x00110754                __fixsfsi
                0x00110754                __aeabi_f2iz
 .text          0x001107b0        0x0 /gnuarm/bin/../lib/gcc/arm-elf/4.1.1/../../../../arm-elf/lib/interwork/libc.a(ctype_.o)
 .text          0x001107b0       0x9c /gnuarm/bin/../lib/gcc/arm-elf/4.1.1/../../../../arm-elf/lib/interwork/libc.a(memcpy.o)
                0x001107b0                memcpy
 .text          0x0011084c       0x98 /gnuarm/bin/../lib/gcc/arm-elf/4.1.1/../../../../arm-elf/lib/interwork/libc.a(memset.o)
                0x0011084c                memset
 .text          0x001108e4      0x150 /gnuarm/bin/../lib/gcc/arm-elf/4.1.1/../../../../arm-elf/lib/interwork/libc.a(snprintf.o)
                0x001108e4                snprintf
                0x00110994                _snprintf_r
 .text          0x00110a34       0xdc /gnuarm/bin/../lib/gcc/arm-elf/4.1.1/../../../../arm-elf/lib/interwork/libc.a(sprintf.o)
                0x00110aa8                _sprintf_r
                0x00110a34                sprintf
 .text          0x00110b10      0x108 /gnuarm/bin/../lib/gcc/arm-elf/4.1.1/../../../../arm-elf/lib/interwork/libc.a(sscanf.o)
                0x00110b98                sscanf
                0x00110b18                _sscanf_r
 .text          0x00110c18       0x98 /gnuarm/bin/../lib/gcc/arm-elf/4.1.1/../../../../arm-elf/lib/interwork/libc.a(strcat.o)
                0x00110c18                strcat
 .text          0x00110cb0      0x118 /gnuarm/bin/../lib/gcc/arm-elf/4.1.1/../../../../arm-elf/lib/interwork/libc.a(strchr.o)
                0x00110cb0                strchr
 .text          0x00110dc8       0xd0 /gnuarm/bin/../lib/gcc/arm-elf/4.1.1/../../../../arm-elf/lib/interwork/libc.a(strcmp.o)
                0x00110dc8                strcmp
 .text          0x00110e98       0xa0 /gnuarm/bin/../lib/gcc/arm-elf/4.1.1/../../../../arm-elf/lib/interwork/libc.a(strcpy.o)
                0x00110e98                strcpy
 .text          0x00110f38       0x90 /gnuarm/bin/../lib/gcc/arm-elf/4.1.1/../../../../arm-elf/lib/interwork/libc.a(strlen.o)
                0x00110f38                strlen
 .text          0x00110fc8      0x13c /gnuarm/bin/../lib/gcc/arm-elf/4.1.1/../../../../arm-elf/lib/interwork/libc.a(strncmp.o)
                0x00110fc8                strncmp
 .text          0x00111104      0x114 /gnuarm/bin/../lib/gcc/arm-elf/4.1.1/../../../../arm-elf/lib/interwork/libc.a(strncpy.o)
                0x00111104                strncpy
 .text          0x00111218     0x1f8c /gnuarm/bin/../lib/gcc/arm-elf/4.1.1/../../../../arm-elf/lib/interwork/libc.a(vfprintf.o)
                0x00111258                _vfprintf_r
                0x00113178                vfprintf
 .text          0x001131a4     0x141c /gnuarm/bin/../lib/gcc/arm-elf/4.1.1/../../../../arm-elf/lib/interwork/libc.a(vfscanf.o)
                0x001144fc                __svfscanf
                0x00114528                _vfscanf_r
                0x0011456c                vfscanf
                0x001131a4                __svfscanf_r
 .text          0x001145c0      0x110 /gnuarm/bin/../lib/gcc/arm-elf/4.1.1/../../../../arm-elf/lib/interwork/libc.a(vsnprintf.o)
                0x0011464c                vsnprintf
                0x001145c0                _vsnprintf_r
 .text          0x001146d0       0x84 /gnuarm/bin/../lib/gcc/arm-elf/4.1.1/../../../../arm-elf/lib/interwork/libc.a(wcrtomb.o)
                0x001146d0                _wcrtomb_r
                0x00114728                wcrtomb
 .text          0x00114754      0x180 /gnuarm/bin/../lib/gcc/arm-elf/4.1.1/../../../../arm-elf/lib/interwork/libc.a(wcsrtombs.o)
                0x00114754                _wcsrtombs_r
                0x00114890                wcsrtombs
 .text          0x001148d4      0x41c /gnuarm/bin/../lib/gcc/arm-elf/4.1.1/../../../../arm-elf/lib/interwork/libc.a(wctomb_r.o)
                0x001148d4                _wctomb_r
 .text          0x00114cf0      0x100 /gnuarm/bin/../lib/gcc/arm-elf/4.1.1/../../../../arm-elf/lib/interwork/libc.a(wsetup.o)
                0x00114cf0                __swsetup
 .text          0x00114df0     0x1660 /gnuarm/bin/../lib/gcc/arm-elf/4.1.1/../../../../arm-elf/lib/interwork/libc.a(dtoa.o)
                0x00114ff8                _dtoa_r
 .text          0x00116450       0xe8 /gnuarm/bin/../lib/gcc/arm-elf/4.1.1/../../../../arm-elf/lib/interwork/libc.a(fflush.o)
                0x00116450                fflush
 .text          0x00116538      0x2a0 /gnuarm/bin/../lib/gcc/arm-elf/4.1.1/../../../../arm-elf/lib/interwork/libc.a(findfp.o)
                0x001165a4                __sinit
                0x001166a4                __sfmoreglue
                0x00116694                _cleanup
                0x0011667c                _cleanup_r
                0x00116658                __fp_lock_all
                0x00116594                __sfp_lock_acquire
                0x001166f8                __sfp
                0x001165a0                __sinit_lock_release
                0x00116634                __fp_unlock_all
                0x00116598                __sfp_lock_release
                0x0011659c                __sinit_lock_acquire
 .text          0x001167d8      0x1d0 /gnuarm/bin/../lib/gcc/arm-elf/4.1.1/../../../../arm-elf/lib/interwork/libc.a(fread.o)
                0x001167d8                fread
 .text          0x001169a8      0x3a4 /gnuarm/bin/../lib/gcc/arm-elf/4.1.1/../../../../arm-elf/lib/interwork/libc.a(freer.o)
                0x00116aa8                _free_r
                0x001169a8                _malloc_trim_r
 .text          0x00116d4c      0x408 /gnuarm/bin/../lib/gcc/arm-elf/4.1.1/../../../../arm-elf/lib/interwork/libc.a(fvwrite.o)
                0x00116d4c                __sfvwrite
 .text          0x00117154      0x114 /gnuarm/bin/../lib/gcc/arm-elf/4.1.1/../../../../arm-elf/lib/interwork/libc.a(fwalk.o)
                0x001171e0                _fwalk
                0x00117154                _fwalk_reent
 .text          0x00117268        0x0 /gnuarm/bin/../lib/gcc/arm-elf/4.1.1/../../../../arm-elf/lib/interwork/libc.a(impure.o)
 .text          0x00117268       0x24 /gnuarm/bin/../lib/gcc/arm-elf/4.1.1/../../../../arm-elf/lib/interwork/libc.a(iswspace.o)
                0x00117268                iswspace
 .text          0x0011728c       0xb0 /gnuarm/bin/../lib/gcc/arm-elf/4.1.1/../../../../arm-elf/lib/interwork/libc.a(locale.o)
                0x001172b8                _setlocale_r
                0x0011728c                __locale_charset
                0x0011729c                _localeconv_r
                0x00117320                setlocale
                0x001172a8                localeconv
 .text          0x0011733c      0x158 /gnuarm/bin/../lib/gcc/arm-elf/4.1.1/../../../../arm-elf/lib/interwork/libc.a(makebuf.o)
                0x0011733c                __smakebuf
 .text          0x00117494      0x774 /gnuarm/bin/../lib/gcc/arm-elf/4.1.1/../../../../arm-elf/lib/interwork/libc.a(mallocr.o)
                0x00117494                _malloc_r
 .text          0x00117c08       0xac /gnuarm/bin/../lib/gcc/arm-elf/4.1.1/../../../../arm-elf/lib/interwork/libc.a(mbrtowc.o)
                0x00117c70                mbrtowc
                0x00117c08                _mbrtowc_r
 .text          0x00117cb4       0x50 /gnuarm/bin/../lib/gcc/arm-elf/4.1.1/../../../../arm-elf/lib/interwork/libc.a(mbtowc_r.o)
                0x00117cb4                _mbtowc_r
 .text          0x00117d04      0x100 /gnuarm/bin/../lib/gcc/arm-elf/4.1.1/../../../../arm-elf/lib/interwork/libc.a(memchr.o)
                0x00117d04                memchr
 .text          0x00117e04       0xe4 /gnuarm/bin/../lib/gcc/arm-elf/4.1.1/../../../../arm-elf/lib/interwork/libc.a(memmove.o)
                0x00117e04                memmove
 .text          0x00117ee8        0x8 /gnuarm/bin/../lib/gcc/arm-elf/4.1.1/../../../../arm-elf/lib/interwork/libc.a(mlock.o)
                0x00117eec                __malloc_unlock
                0x00117ee8                __malloc_lock
 .text          0x00117ef0      0xc00 /gnuarm/bin/../lib/gcc/arm-elf/4.1.1/../../../../arm-elf/lib/interwork/libc.a(mprec.o)
                0x001181e8                _mprec_log10
                0x00117f0c                _hi0bits
                0x00118250                _Balloc
                0x001182ec                _d2b
                0x00118658                _multiply
                0x0011816c                _ratio
                0x00118a04                _s2b
                0x0011881c                _i2b
                0x00117f64                _lo0bits
                0x00117ff8                __mcmp
                0x0011890c                _pow5mult
                0x00118058                _ulp
                0x001180b8                _b2d
                0x00118840                _multadd
                0x00118424                __mdiff
                0x00118558                _lshift
                0x00117ef0                _Bfree
 .text          0x00118af0      0x63c /gnuarm/bin/../lib/gcc/arm-elf/4.1.1/../../../../arm-elf/lib/interwork/libc.a(reallocr.o)
                0x00118af0                _realloc_r
 .text          0x0011912c      0x1bc /gnuarm/bin/../lib/gcc/arm-elf/4.1.1/../../../../arm-elf/lib/interwork/libc.a(refill.o)
                0x0011915c                __srefill
 .text          0x001192e8       0x3c /gnuarm/bin/../lib/gcc/arm-elf/4.1.1/../../../../arm-elf/lib/interwork/libc.a(s_isinf.o)
                0x001192e8                isinf
 .text          0x00119324       0x30 /gnuarm/bin/../lib/gcc/arm-elf/4.1.1/../../../../arm-elf/lib/interwork/libc.a(s_isnan.o)
                0x00119324                isnan
 .text          0x00119354       0xc8 /gnuarm/bin/../lib/gcc/arm-elf/4.1.1/../../../../arm-elf/lib/interwork/libc.a(sccl.o)
                0x00119354                __sccl
 .text          0x0011941c        0xc /gnuarm/bin/../lib/gcc/arm-elf/4.1.1/../../../../arm-elf/lib/interwork/libc.a(sf_nan.o)
                0x0011941c                nanf
 .text          0x00119428      0x118 /gnuarm/bin/../lib/gcc/arm-elf/4.1.1/../../../../arm-elf/lib/interwork/libc.a(stdio.o)
                0x00119448                __sseek
                0x001194f8                __sread
                0x00119428                __sclose
                0x00119494                __swrite
 .text          0x00119540     0x1144 /gnuarm/bin/../lib/gcc/arm-elf/4.1.1/../../../../arm-elf/lib/interwork/libc.a(strtod.o)
                0x00119540                _strtod_r
                0x0011a668                strtod
                0x0011a614                strtof
 .text          0x0011a684      0x1f0 /gnuarm/bin/../lib/gcc/arm-elf/4.1.1/../../../../arm-elf/lib/interwork/libc.a(strtol.o)
                0x0011a848                strtol
                0x0011a684                _strtol_r
 .text          0x0011a874      0x1e8 /gnuarm/bin/../lib/gcc/arm-elf/4.1.1/../../../../arm-elf/lib/interwork/libc.a(strtoul.o)
                0x0011aa30                strtoul
                0x0011a874                _strtoul_r
 .text          0x0011aa5c      0x24c /gnuarm/bin/../lib/gcc/arm-elf/4.1.1/../../../../arm-elf/lib/interwork/libc.a(ungetc.o)
                0x0011ac8c                ungetc
                0x0011aa5c                __submore
                0x0011ab10                _ungetc_r
 .text          0x0011aca8       0xa0 /gnuarm/bin/../lib/gcc/arm-elf/4.1.1/../../../../arm-elf/lib/interwork/libc.a(callocr.o)
                0x0011aca8                _calloc_r
 .text          0x0011ad48      0x12c /gnuarm/bin/../lib/gcc/arm-elf/4.1.1/../../../../arm-elf/lib/interwork/libc.a(fclose.o)
                0x0011ad48                _fclose_r
                0x0011ae60                fclose
 .text          0x0011ae74       0x20 /gnuarm/bin/../lib/gcc/arm-elf/4.1.1/../../../../arm-elf/lib/interwork/libc.a(s_nan.o)
                0x0011ae74                nan
 .text          0x0011ae94      0x140 /gnuarm/bin/../lib/gcc/arm-elf/4.1.1/interwork/libgcc.a(_cmpdf2.o)
                0x0011af8c                __aeabi_dcmple
                0x0011aea4                __cmpdf2
                0x0011aea4                __eqdf2
                0x0011ae94                __gtdf2
                0x0011af44                __aeabi_cdcmple
                0x0011af28                __aeabi_cdrcmple
                0x0011ae9c                __ltdf2
                0x0011af74                __aeabi_dcmplt
                0x0011ae9c                __ledf2
                0x0011afbc                __aeabi_dcmpgt
                0x0011afa4                __aeabi_dcmpge
                0x0011aea4                __nedf2
                0x0011af5c                __aeabi_dcmpeq
                0x0011af44                __aeabi_cdcmpeq
                0x0011ae94                __gedf2
 .text          0x0011afd4       0x5c /gnuarm/bin/../lib/gcc/arm-elf/4.1.1/interwork/libgcc.a(_fixdfsi.o)
                0x0011afd4                __fixdfsi
                0x0011afd4                __aeabi_d2iz
 *(.rodata)
 .rodata        0x0011b030        0x4 ../controller/makingthings/analogin.o
 .rodata        0x0011b034      0x1b0 ../controller/makingthings/USB-CDC.o
                0x0011b186                pxDeviceDescriptor
                0x0011b100                pxManufacturerStringDescriptor
                0x0011b168                pxInterfaceStringDescriptor
                0x0011b11a                pxProductStringDescriptor
                0x0011b0fc                pxLanguageStringDescriptor
                0x0011b142                pxConfigurationStringDescriptor
                0x0011b198                pxConfigDescriptor
 .rodata        0x0011b1e4        0x4 ../controller/makingthings/usb.o
 .rodata        0x0011b1e8       0x30 ../controller/makingthings/network.o
 .rodata        0x0011b218       0x20 ../controller/makingthings/system.o
 .rodata        0x0011b238        0x4 ../appboard/makingthings/servo.o
 .rodata        0x0011b23c        0x4 ../appboard/makingthings/dipswitch.o
 .rodata        0x0011b240        0x4 ../appboard/makingthings/motor.o
 .rodata        0x0011b244        0x4 ../appboard/makingthings/appled.o
 .rodata        0x0011b248        0x4 ../appboard/makingthings/pwmout.o
 .rodata        0x0011b24c       0x24 ../appboard/makingthings/digitalin.o
 .rodata        0x0011b270       0x24 ../appboard/makingthings/digitalout.o
 .rodata        0x0011b294        0x4 ../controller/makingthings/led.o
 .rodata        0x0011b298        0x4 ../controller/makingthings/debugosc.o
 .rodata        0x0011b29c        0x4 ../controller/makingthings/can.o
 .rodata        0x0011b2a0       0x2c ../controller/lwip/src/core/memp.o
 .rodata        0x0011b2cc       0x30 ../controller/lwip/src/core/tcp.o
                0x0011b2ec                tcp_backoff
 .rodata        0x0011b2fc       0x28 ../controller/lwip/src/core/tcp_in.o
 .rodata        0x0011b324        0x8 ../controller/lwip/src/core/ipv4/ip_addr.o
                0x0011b324                ip_addr_any
                0x0011b328                ip_addr_broadcast
 .rodata        0x0011b32c       0x68 ../controller/lwip/src/api/api_msg.o
 .rodata        0x0011b394        0x6 ../controller/lwip/src/netif/etharp.o
 .rodata        0x0011b39a        0x8 ../controller/lwip/src/core/ipv4/ip_frag.o
 .rodata        0x0011b3a2      0x101 /gnuarm/bin/../lib/gcc/arm-elf/4.1.1/../../../../arm-elf/lib/interwork/libc.a(ctype_.o)
                0x0011b3a2                _ctype_
 .rodata        0x0011b4a3       0x20 /gnuarm/bin/../lib/gcc/arm-elf/4.1.1/../../../../arm-elf/lib/interwork/libc.a(vfprintf.o)
 *fill*         0x0011b4c3        0x1 00
 .rodata        0x0011b4c4       0x22 /gnuarm/bin/../lib/gcc/arm-elf/4.1.1/../../../../arm-elf/lib/interwork/libc.a(vfscanf.o)
 *fill*         0x0011b4e6        0x2 00
 .rodata        0x0011b4e8        0x4 /gnuarm/bin/../lib/gcc/arm-elf/4.1.1/../../../../arm-elf/lib/interwork/libc.a(impure.o)
                0x0011b4e8                _global_impure_ptr
 .rodata        0x0011b4ec       0x34 /gnuarm/bin/../lib/gcc/arm-elf/4.1.1/../../../../arm-elf/lib/interwork/libc.a(locale.o)
 .rodata        0x0011b520      0x124 /gnuarm/bin/../lib/gcc/arm-elf/4.1.1/../../../../arm-elf/lib/interwork/libc.a(mprec.o)
                0x0011b610                __mprec_tinytens
                0x0011b520                __mprec_tens
                0x0011b5e8                __mprec_bigtens
 *(.rodata*)
 .rodata.str1.4
                0x0011b644       0x1f ../controller/freertos/tasks.o
                                 0x20 (size before relaxing)
 *fill*         0x0011b663        0x1 00
 .rodata.str1.4
                0x0011b664        0x5 ../controller/makingthings/main.o
                                  0x8 (size before relaxing)
 *fill*         0x0011b669        0x3 00
 .rodata.str1.4
                0x0011b66c      0x201 ../controller/makingthings/BasicWEB.o
                                0x204 (size before relaxing)
 *fill*         0x0011b86d        0x3 00
 .rodata.str1.4
                0x0011b870       0x10 make.o
 .rodata.str1.4
                0x0011b880       0x1a ../controller/makingthings/analogin.o
                                 0x1c (size before relaxing)
 *fill*         0x0011b89a        0x2 00
 .rodata.str1.4
                0x0011b89c        0x4 ../controller/makingthings/usb.o
                                 0x10 (size before relaxing)
 .rodata.str1.4
                0x0011b8a0      0x114 ../controller/makingthings/network.o
                                0x120 (size before relaxing)
 .rodata.str1.4
                0x0011b9b4       0x50 ../controller/makingthings/system.o
                                 0x58 (size before relaxing)
 .rodata.str1.4
                0x0011ba04        0x5 ../controller/makingthings/poly.o
                                  0x8 (size before relaxing)
 *fill*         0x0011ba09        0x3 00
 .rodata.str1.4
                0x0011ba0c       0x1a ../appboard/makingthings/servo.o
                                 0x24 (size before relaxing)
 *fill*         0x0011ba26        0x2 00
 .rodata.str1.4
                0x0011ba28        0xa ../appboard/makingthings/dipswitch.o
                                 0x1c (size before relaxing)
 *fill*         0x0011ba32        0x2 00
 .rodata.str1.4
                0x0011ba34       0x12 ../appboard/makingthings/motor.o
                                 0x24 (size before relaxing)
 *fill*         0x0011ba46        0x2 00
 .rodata.str1.4
                0x0011ba48        0xe ../appboard/makingthings/appled.o
                                 0x18 (size before relaxing)
 *fill*         0x0011ba56        0x2 00
 .rodata.str1.4
                0x0011ba58       0x1d ../appboard/makingthings/pwmout.o
                                 0x28 (size before relaxing)
 *fill*         0x0011ba75        0x3 00
 .rodata.str1.4
                0x0011ba78        0xa ../appboard/makingthings/digitalin.o
                                 0x1c (size before relaxing)
 *fill*         0x0011ba82        0x2 00
 .rodata.str1.4
                0x0011ba84        0xb ../appboard/makingthings/digitalout.o
                                 0x1c (size before relaxing)
 *fill*         0x0011ba8f        0x1 00
 .rodata.str1.4
                0x0011ba90        0x4 ../controller/makingthings/led.o
                                 0x14 (size before relaxing)
 .rodata.str1.4
                0x0011ba94       0x24 ../controller/makingthings/debugosc.o
                                 0x34 (size before relaxing)
 .rodata.str1.4
                0x0011bab8        0x4 ../controller/makingthings/can.o
                                 0x14 (size before relaxing)
 .rodata.str1.4
                0x0011babc        0xc ../controller/lwip/contrib/port/FreeRTOS/AT91SAM7X/sys_arch.o
 .rodata.str1.4
                0x0011bac8        0x8 ../controller/lwip/src/netif/ethernetif.o
 .rodata.str1.4
                0x0011bad0      0x114 ../controller/makingthings/osc.o
                                0x12c (size before relaxing)
 .rodata.str1.4
                0x0011bbe4       0x63 /gnuarm/bin/../lib/gcc/arm-elf/4.1.1/../../../../arm-elf/lib/interwork/libc.a(vfprintf.o)
                                 0x64 (size before relaxing)
 *fill*         0x0011bc47        0x1 00
 .rodata.str1.4
                0x0011bc48        0x5 /gnuarm/bin/../lib/gcc/arm-elf/4.1.1/../../../../arm-elf/lib/interwork/libc.a(vfscanf.o)
                                  0x8 (size before relaxing)
 *fill*         0x0011bc4d        0x3 00
 .rodata.str1.4
                0x0011bc50       0x1e /gnuarm/bin/../lib/gcc/arm-elf/4.1.1/../../../../arm-elf/lib/interwork/libc.a(wctomb_r.o)
                                 0x20 (size before relaxing)
 *fill*         0x0011bc6e        0x2 00
 .rodata.str1.4
                0x0011bc70       0x10 /gnuarm/bin/../lib/gcc/arm-elf/4.1.1/../../../../arm-elf/lib/interwork/libc.a(dtoa.o)
                                 0x14 (size before relaxing)
 .rodata.str1.4
                0x0011bc80        0x2 /gnuarm/bin/../lib/gcc/arm-elf/4.1.1/../../../../arm-elf/lib/interwork/libc.a(impure.o)
                                  0x4 (size before relaxing)
 *fill*         0x0011bc82        0x2 00
 .rodata.str1.4
                0x0011bc84        0xc /gnuarm/bin/../lib/gcc/arm-elf/4.1.1/../../../../arm-elf/lib/interwork/libc.a(locale.o)
                                 0x18 (size before relaxing)
 .rodata.str1.4
                0x00000000        0x4 /gnuarm/bin/../lib/gcc/arm-elf/4.1.1/../../../../arm-elf/lib/interwork/libc.a(mbrtowc.o)
 *(.glue_7)
 .glue_7        0x0011bc90        0x0 ../controller/freertos/portable/GCC/ARM7_AT91SAM7S/portISR.o
 .glue_7        0x0011bc90        0x0 ../controller/makingthings/SAM7_EMAC_ISR.o
 .glue_7        0x0011bc90        0x0 ../controller/makingthings/USBIsr.o
 .glue_7        0x0011bc90        0x0 ../controller/startup/Cstartup_SAM7.o
 .glue_7        0x0011bc90        0x0 ../controller/makingthings/analogin_isr.o
 .glue_7        0x0011bc90        0x0 ../controller/makingthings/controller_isr.o
 .glue_7        0x0011bc90        0x0 ../controller/makingthings/timer_isr.o
 .glue_7        0x0011bc90        0x0 ../controller/makingthings/can_isr.o
 .glue_7        0x0011bc90        0x0 ../controller/freertos/tasks.o
 .glue_7        0x0011bc90        0x0 ../controller/freertos/queue.o
 .glue_7        0x0011bc90        0x0 ../controller/freertos/list.o
 .glue_7        0x0011bc90        0x0 ../controller/freertos/portable/GCC/ARM7_AT91SAM7S/port.o
 .glue_7        0x0011bc90        0x0 ../controller/startup/extras.o
 .glue_7        0x0011bc90        0x0 ../controller/freertos/portable/MemMang/heap_2.o
 .glue_7        0x0011bc90        0x0 ../controller/makingthings/main.o
 .glue_7        0x0011bc90        0x0 ../controller/makingthings/BasicWEB.o
 .glue_7        0x0011bc90        0x0 make.o
 .glue_7        0x0011bc90        0x0 ../controller/makingthings/eeprom.o
 .glue_7        0x0011bc90        0x0 ../controller/makingthings/analogin.o
 .glue_7        0x0011bc90        0x0 ../controller/makingthings/pwm.o
 .glue_7        0x0011bc90        0x0 ../controller/makingthings/spi.o
 .glue_7        0x0011bc90        0x0 ../controller/makingthings/USB-CDC.o
 .glue_7        0x0011bc90        0x0 ../controller/makingthings/rtos.o
 .glue_7        0x0011bc90        0x0 ../controller/makingthings/usb.o
 .glue_7        0x0011bc90        0x0 ../controller/makingthings/network.o
 .glue_7        0x0011bc90        0x0 ../controller/makingthings/system.o
 .glue_7        0x0011bc90        0x0 ../controller/makingthings/poly.o
 .glue_7        0x0011bc90        0x0 ../appboard/makingthings/servo.o
 .glue_7        0x0011bc90        0x0 ../appboard/makingthings/dipswitch.o
 .glue_7        0x0011bc90        0x0 ../appboard/makingthings/motor.o
 .glue_7        0x0011bc90        0x0 ../appboard/makingthings/appboard.o
 .glue_7        0x0011bc90        0x0 ../appboard/makingthings/appled.o
 .glue_7        0x0011bc90        0x0 ../appboard/makingthings/pwmout.o
 .glue_7        0x0011bc90        0x0 ../appboard/makingthings/digitalin.o
 .glue_7        0x0011bc90        0x0 ../appboard/makingthings/digitalout.o
 .glue_7        0x0011bc90        0x0 ../controller/makingthings/io.o
 .glue_7        0x0011bc90        0x0 ../controller/makingthings/led.o
 .glue_7        0x0011bc90        0x0 ../controller/makingthings/timer.o
 .glue_7        0x0011bc90        0x0 ../controller/makingthings/debugosc.o
 .glue_7        0x0011bc90        0x0 ../controller/makingthings/can.o
 .glue_7        0x0011bc90        0x0 ../controller/lwip/src/core/tcp_out.o
 .glue_7        0x0011bc90        0x0 ../controller/lwip/src/core/inet.o
 .glue_7        0x0011bc90        0x0 ../controller/lwip/src/core/mem.o
 .glue_7        0x0011bc90        0x0 ../controller/lwip/src/core/memp.o
 .glue_7        0x0011bc90        0x0 ../controller/lwip/src/core/netif.o
 .glue_7        0x0011bc90        0x0 ../controller/lwip/src/core/pbuf.o
 .glue_7        0x0011bc90        0x0 ../controller/lwip/src/core/raw.o
 .glue_7        0x0011bc90        0x0 ../controller/lwip/src/core/stats.o
 .glue_7        0x0011bc90        0x0 ../controller/lwip/src/core/sys.o
 .glue_7        0x0011bc90        0x0 ../controller/lwip/src/core/tcp.o
 .glue_7        0x0011bc90        0x0 ../controller/lwip/src/core/tcp_in.o
 .glue_7        0x0011bc90        0x0 ../controller/lwip/src/core/ipv4/ip.o
 .glue_7        0x0011bc90        0x0 ../controller/lwip/src/core/ipv4/ip_addr.o
 .glue_7        0x0011bc90        0x0 ../controller/lwip/src/core/ipv4/icmp.o
 .glue_7        0x0011bc90        0x0 ../controller/lwip/src/api/tcpip.o
 .glue_7        0x0011bc90        0x0 ../controller/lwip/src/api/api_msg.o
 .glue_7        0x0011bc90        0x0 ../controller/lwip/src/api/err.o
 .glue_7        0x0011bc90        0x0 ../controller/lwip/src/api/api_lib.o
 .glue_7        0x0011bc90        0x0 ../controller/lwip/src/netif/etharp.o
 .glue_7        0x0011bc90        0x0 ../controller/lwip/contrib/port/FreeRTOS/AT91SAM7X/sys_arch.o
 .glue_7        0x0011bc90        0x0 ../controller/lwip/src/netif/ethernetif.o
 .glue_7        0x0011bc90        0x0 ../controller/makingthings/SAM7_EMAC.o
 .glue_7        0x0011bc90        0x0 ../controller/lwip/src/core/udp.o
 .glue_7        0x0011bc90        0x0 ../controller/lwip/src/core/ipv4/ip_frag.o
 .glue_7        0x0011bc90        0x0 ../controller/makingthings/osc.o
 .glue_7        0x0011bc90        0x0 ../controller/makingthings/osc_patternmatch.o
 .glue_7        0x0011bc90        0x0 /cygdrive/c/DOCUME~1/Phucker/LOCALS~1/Temp/ccO45Hhv.o
 .glue_7        0x0011bc90        0x0 /gnuarm/bin/../lib/gcc/arm-elf/4.1.1/interwork/libgcc.a(_udivsi3.o)
 .glue_7        0x0011bc90        0x0 /gnuarm/bin/../lib/gcc/arm-elf/4.1.1/interwork/libgcc.a(_divsi3.o)
 .glue_7        0x0011bc90        0x0 /gnuarm/bin/../lib/gcc/arm-elf/4.1.1/interwork/libgcc.a(_umodsi3.o)
 .glue_7        0x0011bc90        0x0 /gnuarm/bin/../lib/gcc/arm-elf/4.1.1/interwork/libgcc.a(_dvmd_tls.o)
 .glue_7        0x0011bc90        0x0 /gnuarm/bin/../lib/gcc/arm-elf/4.1.1/interwork/libgcc.a(_addsubdf3.o)
 .glue_7        0x0011bc90        0x0 /gnuarm/bin/../lib/gcc/arm-elf/4.1.1/interwork/libgcc.a(_muldivdf3.o)
 .glue_7        0x0011bc90        0x0 /gnuarm/bin/../lib/gcc/arm-elf/4.1.1/interwork/libgcc.a(_truncdfsf2.o)
 .glue_7        0x0011bc90        0x0 /gnuarm/bin/../lib/gcc/arm-elf/4.1.1/interwork/libgcc.a(_addsubsf3.o)
 .glue_7        0x0011bc90        0x0 /gnuarm/bin/../lib/gcc/arm-elf/4.1.1/interwork/libgcc.a(_muldivsf3.o)
 .glue_7        0x0011bc90        0x0 /gnuarm/bin/../lib/gcc/arm-elf/4.1.1/interwork/libgcc.a(_cmpsf2.o)
 .glue_7        0x0011bc90        0x0 /gnuarm/bin/../lib/gcc/arm-elf/4.1.1/interwork/libgcc.a(_fixsfsi.o)
 .glue_7        0x0011bc90        0x0 /gnuarm/bin/../lib/gcc/arm-elf/4.1.1/../../../../arm-elf/lib/interwork/libc.a(ctype_.o)
 .glue_7        0x0011bc90        0x0 /gnuarm/bin/../lib/gcc/arm-elf/4.1.1/../../../../arm-elf/lib/interwork/libc.a(memcpy.o)
 .glue_7        0x0011bc90        0x0 /gnuarm/bin/../lib/gcc/arm-elf/4.1.1/../../../../arm-elf/lib/interwork/libc.a(memset.o)
 .glue_7        0x0011bc90        0x0 /gnuarm/bin/../lib/gcc/arm-elf/4.1.1/../../../../arm-elf/lib/interwork/libc.a(snprintf.o)
 .glue_7        0x0011bc90        0x0 /gnuarm/bin/../lib/gcc/arm-elf/4.1.1/../../../../arm-elf/lib/interwork/libc.a(sprintf.o)
 .glue_7        0x0011bc90        0x0 /gnuarm/bin/../lib/gcc/arm-elf/4.1.1/../../../../arm-elf/lib/interwork/libc.a(sscanf.o)
 .glue_7        0x0011bc90        0x0 /gnuarm/bin/../lib/gcc/arm-elf/4.1.1/../../../../arm-elf/lib/interwork/libc.a(strcat.o)
 .glue_7        0x0011bc90        0x0 /gnuarm/bin/../lib/gcc/arm-elf/4.1.1/../../../../arm-elf/lib/interwork/libc.a(strchr.o)
 .glue_7        0x0011bc90        0x0 /gnuarm/bin/../lib/gcc/arm-elf/4.1.1/../../../../arm-elf/lib/interwork/libc.a(strcmp.o)
 .glue_7        0x0011bc90        0x0 /gnuarm/bin/../lib/gcc/arm-elf/4.1.1/../../../../arm-elf/lib/interwork/libc.a(strcpy.o)
 .glue_7        0x0011bc90        0x0 /gnuarm/bin/../lib/gcc/arm-elf/4.1.1/../../../../arm-elf/lib/interwork/libc.a(strlen.o)
 .glue_7        0x0011bc90        0x0 /gnuarm/bin/../lib/gcc/arm-elf/4.1.1/../../../../arm-elf/lib/interwork/libc.a(strncmp.o)
 .glue_7        0x0011bc90        0x0 /gnuarm/bin/../lib/gcc/arm-elf/4.1.1/../../../../arm-elf/lib/interwork/libc.a(strncpy.o)
 .glue_7        0x0011bc90        0x0 /gnuarm/bin/../lib/gcc/arm-elf/4.1.1/../../../../arm-elf/lib/interwork/libc.a(vfprintf.o)
 .glue_7        0x0011bc90        0x0 /gnuarm/bin/../lib/gcc/arm-elf/4.1.1/../../../../arm-elf/lib/interwork/libc.a(vfscanf.o)
 .glue_7        0x0011bc90        0x0 /gnuarm/bin/../lib/gcc/arm-elf/4.1.1/../../../../arm-elf/lib/interwork/libc.a(vsnprintf.o)
 .glue_7        0x0011bc90        0x0 /gnuarm/bin/../lib/gcc/arm-elf/4.1.1/../../../../arm-elf/lib/interwork/libc.a(wcrtomb.o)
 .glue_7        0x0011bc90        0x0 /gnuarm/bin/../lib/gcc/arm-elf/4.1.1/../../../../arm-elf/lib/interwork/libc.a(wcsrtombs.o)
 .glue_7        0x0011bc90        0x0 /gnuarm/bin/../lib/gcc/arm-elf/4.1.1/../../../../arm-elf/lib/interwork/libc.a(wctomb_r.o)
 .glue_7        0x0011bc90        0x0 /gnuarm/bin/../lib/gcc/arm-elf/4.1.1/../../../../arm-elf/lib/interwork/libc.a(wsetup.o)
 .glue_7        0x0011bc90        0x0 /gnuarm/bin/../lib/gcc/arm-elf/4.1.1/../../../../arm-elf/lib/interwork/libc.a(dtoa.o)
 .glue_7        0x0011bc90        0x0 /gnuarm/bin/../lib/gcc/arm-elf/4.1.1/../../../../arm-elf/lib/interwork/libc.a(fflush.o)
 .glue_7        0x0011bc90        0x0 /gnuarm/bin/../lib/gcc/arm-elf/4.1.1/../../../../arm-elf/lib/interwork/libc.a(findfp.o)
 .glue_7        0x0011bc90        0x0 /gnuarm/bin/../lib/gcc/arm-elf/4.1.1/../../../../arm-elf/lib/interwork/libc.a(fread.o)
 .glue_7        0x0011bc90        0x0 /gnuarm/bin/../lib/gcc/arm-elf/4.1.1/../../../../arm-elf/lib/interwork/libc.a(freer.o)
 .glue_7        0x0011bc90        0x0 /gnuarm/bin/../lib/gcc/arm-elf/4.1.1/../../../../arm-elf/lib/interwork/libc.a(fvwrite.o)
 .glue_7        0x0011bc90        0x0 /gnuarm/bin/../lib/gcc/arm-elf/4.1.1/../../../../arm-elf/lib/interwork/libc.a(fwalk.o)
 .glue_7        0x0011bc90        0x0 /gnuarm/bin/../lib/gcc/arm-elf/4.1.1/../../../../arm-elf/lib/interwork/libc.a(impure.o)
 .glue_7        0x0011bc90        0x0 /gnuarm/bin/../lib/gcc/arm-elf/4.1.1/../../../../arm-elf/lib/interwork/libc.a(iswspace.o)
 .glue_7        0x0011bc90        0x0 /gnuarm/bin/../lib/gcc/arm-elf/4.1.1/../../../../arm-elf/lib/interwork/libc.a(locale.o)
 .glue_7        0x0011bc90        0x0 /gnuarm/bin/../lib/gcc/arm-elf/4.1.1/../../../../arm-elf/lib/interwork/libc.a(makebuf.o)
 .glue_7        0x0011bc90        0x0 /gnuarm/bin/../lib/gcc/arm-elf/4.1.1/../../../../arm-elf/lib/interwork/libc.a(mallocr.o)
 .glue_7        0x0011bc90        0x0 /gnuarm/bin/../lib/gcc/arm-elf/4.1.1/../../../../arm-elf/lib/interwork/libc.a(mbrtowc.o)
 .glue_7        0x0011bc90        0x0 /gnuarm/bin/../lib/gcc/arm-elf/4.1.1/../../../../arm-elf/lib/interwork/libc.a(mbtowc_r.o)
 .glue_7        0x0011bc90        0x0 /gnuarm/bin/../lib/gcc/arm-elf/4.1.1/../../../../arm-elf/lib/interwork/libc.a(memchr.o)
 .glue_7        0x0011bc90        0x0 /gnuarm/bin/../lib/gcc/arm-elf/4.1.1/../../../../arm-elf/lib/interwork/libc.a(memmove.o)
 .glue_7        0x0011bc90        0x0 /gnuarm/bin/../lib/gcc/arm-elf/4.1.1/../../../../arm-elf/lib/interwork/libc.a(mlock.o)
 .glue_7        0x0011bc90        0x0 /gnuarm/bin/../lib/gcc/arm-elf/4.1.1/../../../../arm-elf/lib/interwork/libc.a(mprec.o)
 .glue_7        0x0011bc90        0x0 /gnuarm/bin/../lib/gcc/arm-elf/4.1.1/../../../../arm-elf/lib/interwork/libc.a(reallocr.o)
 .glue_7        0x0011bc90        0x0 /gnuarm/bin/../lib/gcc/arm-elf/4.1.1/../../../../arm-elf/lib/interwork/libc.a(refill.o)
 .glue_7        0x0011bc90        0x0 /gnuarm/bin/../lib/gcc/arm-elf/4.1.1/../../../../arm-elf/lib/interwork/libc.a(s_isinf.o)
 .glue_7        0x0011bc90        0x0 /gnuarm/bin/../lib/gcc/arm-elf/4.1.1/../../../../arm-elf/lib/interwork/libc.a(s_isnan.o)
 .glue_7        0x0011bc90        0x0 /gnuarm/bin/../lib/gcc/arm-elf/4.1.1/../../../../arm-elf/lib/interwork/libc.a(sccl.o)
 .glue_7        0x0011bc90        0x0 /gnuarm/bin/../lib/gcc/arm-elf/4.1.1/../../../../arm-elf/lib/interwork/libc.a(sf_nan.o)
 .glue_7        0x0011bc90        0x0 /gnuarm/bin/../lib/gcc/arm-elf/4.1.1/../../../../arm-elf/lib/interwork/libc.a(stdio.o)
 .glue_7        0x0011bc90        0x0 /gnuarm/bin/../lib/gcc/arm-elf/4.1.1/../../../../arm-elf/lib/interwork/libc.a(strtod.o)
 .glue_7        0x0011bc90        0x0 /gnuarm/bin/../lib/gcc/arm-elf/4.1.1/../../../../arm-elf/lib/interwork/libc.a(strtol.o)
 .glue_7        0x0011bc90        0x0 /gnuarm/bin/../lib/gcc/arm-elf/4.1.1/../../../../arm-elf/lib/interwork/libc.a(strtoul.o)
 .glue_7        0x0011bc90        0x0 /gnuarm/bin/../lib/gcc/arm-elf/4.1.1/../../../../arm-elf/lib/interwork/libc.a(ungetc.o)
 .glue_7        0x0011bc90        0x0 /gnuarm/bin/../lib/gcc/arm-elf/4.1.1/../../../../arm-elf/lib/interwork/libc.a(callocr.o)
 .glue_7        0x0011bc90        0x0 /gnuarm/bin/../lib/gcc/arm-elf/4.1.1/../../../../arm-elf/lib/interwork/libc.a(fclose.o)
 .glue_7        0x0011bc90        0x0 /gnuarm/bin/../lib/gcc/arm-elf/4.1.1/../../../../arm-elf/lib/interwork/libc.a(s_nan.o)
 .glue_7        0x0011bc90        0x0 /gnuarm/bin/../lib/gcc/arm-elf/4.1.1/interwork/libgcc.a(_cmpdf2.o)
 .glue_7        0x0011bc90       0x84 /gnuarm/bin/../lib/gcc/arm-elf/4.1.1/interwork/libgcc.a(_fixdfsi.o)
                0x0011bd08                ___read_r_from_arm
                0x0011bca8                __xQueueSendFromISR_from_arm
                0x0011bcfc                ___write_r_from_arm
                0x0011bcb4                __vClearEMACTxBuffer_from_arm
                0x0011bce4                ___close_r_from_arm
                0x0011bcd8                __isatty_from_arm
                0x0011bccc                ___fstat_r_from_arm
                0x0011bcc0                ___sbrk_r_from_arm
                0x0011bc90                __vTaskIncrementTick_from_arm
                0x0011bcf0                ___lseek_r_from_arm
                0x0011bc9c                __vTaskSwitchContext_from_arm
 *(.glue_7t)
 .glue_7t       0x0011bd14        0x0 ../controller/freertos/portable/GCC/ARM7_AT91SAM7S/portISR.o
 .glue_7t       0x0011bd14        0x0 ../controller/makingthings/SAM7_EMAC_ISR.o
 .glue_7t       0x0011bd14        0x0 ../controller/makingthings/USBIsr.o
 .glue_7t       0x0011bd14        0x0 ../controller/startup/Cstartup_SAM7.o
 .glue_7t       0x0011bd14        0x0 ../controller/makingthings/analogin_isr.o
 .glue_7t       0x0011bd14        0x0 ../controller/makingthings/controller_isr.o
 .glue_7t       0x0011bd14        0x0 ../controller/makingthings/timer_isr.o
 .glue_7t       0x0011bd14        0x0 ../controller/makingthings/can_isr.o
 .glue_7t       0x0011bd14        0x0 ../controller/freertos/tasks.o
 .glue_7t       0x0011bd14        0x0 ../controller/freertos/queue.o
 .glue_7t       0x0011bd14        0x0 ../controller/freertos/list.o
 .glue_7t       0x0011bd14        0x0 ../controller/freertos/portable/GCC/ARM7_AT91SAM7S/port.o
 .glue_7t       0x0011bd14        0x0 ../controller/startup/extras.o
 .glue_7t       0x0011bd14        0x0 ../controller/freertos/portable/MemMang/heap_2.o
 .glue_7t       0x0011bd14        0x0 ../controller/makingthings/main.o
 .glue_7t       0x0011bd14        0x0 ../controller/makingthings/BasicWEB.o
 .glue_7t       0x0011bd14        0x0 make.o
 .glue_7t       0x0011bd14        0x0 ../controller/makingthings/eeprom.o
 .glue_7t       0x0011bd14        0x0 ../controller/makingthings/analogin.o
 .glue_7t       0x0011bd14        0x0 ../controller/makingthings/pwm.o
 .glue_7t       0x0011bd14        0x0 ../controller/makingthings/spi.o
 .glue_7t       0x0011bd14        0x0 ../controller/makingthings/USB-CDC.o
 .glue_7t       0x0011bd14        0x0 ../controller/makingthings/rtos.o
 .glue_7t       0x0011bd14        0x0 ../controller/makingthings/usb.o
 .glue_7t       0x0011bd14        0x0 ../controller/makingthings/network.o
 .glue_7t       0x0011bd14        0x0 ../controller/makingthings/system.o
 .glue_7t       0x0011bd14        0x0 ../controller/makingthings/poly.o
 .glue_7t       0x0011bd14        0x0 ../appboard/makingthings/servo.o
 .glue_7t       0x0011bd14        0x0 ../appboard/makingthings/dipswitch.o
 .glue_7t       0x0011bd14        0x0 ../appboard/makingthings/motor.o
 .glue_7t       0x0011bd14        0x0 ../appboard/makingthings/appboard.o
 .glue_7t       0x0011bd14        0x0 ../appboard/makingthings/appled.o
 .glue_7t       0x0011bd14        0x0 ../appboard/makingthings/pwmout.o
 .glue_7t       0x0011bd14        0x0 ../appboard/makingthings/digitalin.o
 .glue_7t       0x0011bd14        0x0 ../appboard/makingthings/digitalout.o
 .glue_7t       0x0011bd14        0x0 ../controller/makingthings/io.o
 .glue_7t       0x0011bd14        0x0 ../controller/makingthings/led.o
 .glue_7t       0x0011bd14        0x0 ../controller/makingthings/timer.o
 .glue_7t       0x0011bd14        0x0 ../controller/makingthings/debugosc.o
 .glue_7t       0x0011bd14        0x0 ../controller/makingthings/can.o
 .glue_7t       0x0011bd14        0x0 ../controller/lwip/src/core/tcp_out.o
 .glue_7t       0x0011bd14        0x0 ../controller/lwip/src/core/inet.o
 .glue_7t       0x0011bd14        0x0 ../controller/lwip/src/core/mem.o
 .glue_7t       0x0011bd14        0x0 ../controller/lwip/src/core/memp.o
 .glue_7t       0x0011bd14        0x0 ../controller/lwip/src/core/netif.o
 .glue_7t       0x0011bd14        0x0 ../controller/lwip/src/core/pbuf.o
 .glue_7t       0x0011bd14        0x0 ../controller/lwip/src/core/raw.o
 .glue_7t       0x0011bd14        0x0 ../controller/lwip/src/core/stats.o
 .glue_7t       0x0011bd14        0x0 ../controller/lwip/src/core/sys.o
 .glue_7t       0x0011bd14        0x0 ../controller/lwip/src/core/tcp.o
 .glue_7t       0x0011bd14        0x0 ../controller/lwip/src/core/tcp_in.o
 .glue_7t       0x0011bd14        0x0 ../controller/lwip/src/core/ipv4/ip.o
 .glue_7t       0x0011bd14        0x0 ../controller/lwip/src/core/ipv4/ip_addr.o
 .glue_7t       0x0011bd14        0x0 ../controller/lwip/src/core/ipv4/icmp.o
 .glue_7t       0x0011bd14        0x0 ../controller/lwip/src/api/tcpip.o
 .glue_7t       0x0011bd14        0x0 ../controller/lwip/src/api/api_msg.o
 .glue_7t       0x0011bd14        0x0 ../controller/lwip/src/api/err.o
 .glue_7t       0x0011bd14        0x0 ../controller/lwip/src/api/api_lib.o
 .glue_7t       0x0011bd14        0x0 ../controller/lwip/src/netif/etharp.o
 .glue_7t       0x0011bd14        0x0 ../controller/lwip/contrib/port/FreeRTOS/AT91SAM7X/sys_arch.o
 .glue_7t       0x0011bd14        0x0 ../controller/lwip/src/netif/ethernetif.o
 .glue_7t       0x0011bd14        0x0 ../controller/makingthings/SAM7_EMAC.o
 .glue_7t       0x0011bd14        0x0 ../controller/lwip/src/core/udp.o
 .glue_7t       0x0011bd14        0x0 ../controller/lwip/src/core/ipv4/ip_frag.o
 .glue_7t       0x0011bd14        0x0 ../controller/makingthings/osc.o
 .glue_7t       0x0011bd14        0x0 ../controller/makingthings/osc_patternmatch.o
 .glue_7t       0x0011bd14        0x0 /cygdrive/c/DOCUME~1/Phucker/LOCALS~1/Temp/ccO45Hhv.o
 .glue_7t       0x0011bd14        0x0 /gnuarm/bin/../lib/gcc/arm-elf/4.1.1/interwork/libgcc.a(_udivsi3.o)
 .glue_7t       0x0011bd14        0x0 /gnuarm/bin/../lib/gcc/arm-elf/4.1.1/interwork/libgcc.a(_divsi3.o)
 .glue_7t       0x0011bd14        0x0 /gnuarm/bin/../lib/gcc/arm-elf/4.1.1/interwork/libgcc.a(_umodsi3.o)
 .glue_7t       0x0011bd14        0x0 /gnuarm/bin/../lib/gcc/arm-elf/4.1.1/interwork/libgcc.a(_dvmd_tls.o)
 .glue_7t       0x0011bd14        0x0 /gnuarm/bin/../lib/gcc/arm-elf/4.1.1/interwork/libgcc.a(_addsubdf3.o)
 .glue_7t       0x0011bd14        0x0 /gnuarm/bin/../lib/gcc/arm-elf/4.1.1/interwork/libgcc.a(_muldivdf3.o)
 .glue_7t       0x0011bd14        0x0 /gnuarm/bin/../lib/gcc/arm-elf/4.1.1/interwork/libgcc.a(_truncdfsf2.o)
 .glue_7t       0x0011bd14        0x0 /gnuarm/bin/../lib/gcc/arm-elf/4.1.1/interwork/libgcc.a(_addsubsf3.o)
 .glue_7t       0x0011bd14        0x0 /gnuarm/bin/../lib/gcc/arm-elf/4.1.1/interwork/libgcc.a(_muldivsf3.o)
 .glue_7t       0x0011bd14        0x0 /gnuarm/bin/../lib/gcc/arm-elf/4.1.1/interwork/libgcc.a(_cmpsf2.o)
 .glue_7t       0x0011bd14        0x0 /gnuarm/bin/../lib/gcc/arm-elf/4.1.1/interwork/libgcc.a(_fixsfsi.o)
 .glue_7t       0x0011bd14        0x0 /gnuarm/bin/../lib/gcc/arm-elf/4.1.1/../../../../arm-elf/lib/interwork/libc.a(ctype_.o)
 .glue_7t       0x0011bd14        0x0 /gnuarm/bin/../lib/gcc/arm-elf/4.1.1/../../../../arm-elf/lib/interwork/libc.a(memcpy.o)
 .glue_7t       0x0011bd14        0x0 /gnuarm/bin/../lib/gcc/arm-elf/4.1.1/../../../../arm-elf/lib/interwork/libc.a(memset.o)
 .glue_7t       0x0011bd14        0x0 /gnuarm/bin/../lib/gcc/arm-elf/4.1.1/../../../../arm-elf/lib/interwork/libc.a(snprintf.o)
 .glue_7t       0x0011bd14        0x0 /gnuarm/bin/../lib/gcc/arm-elf/4.1.1/../../../../arm-elf/lib/interwork/libc.a(sprintf.o)
 .glue_7t       0x0011bd14        0x0 /gnuarm/bin/../lib/gcc/arm-elf/4.1.1/../../../../arm-elf/lib/interwork/libc.a(sscanf.o)
 .glue_7t       0x0011bd14        0x0 /gnuarm/bin/../lib/gcc/arm-elf/4.1.1/../../../../arm-elf/lib/interwork/libc.a(strcat.o)
 .glue_7t       0x0011bd14        0x0 /gnuarm/bin/../lib/gcc/arm-elf/4.1.1/../../../../arm-elf/lib/interwork/libc.a(strchr.o)
 .glue_7t       0x0011bd14        0x0 /gnuarm/bin/../lib/gcc/arm-elf/4.1.1/../../../../arm-elf/lib/interwork/libc.a(strcmp.o)
 .glue_7t       0x0011bd14        0x0 /gnuarm/bin/../lib/gcc/arm-elf/4.1.1/../../../../arm-elf/lib/interwork/libc.a(strcpy.o)
 .glue_7t       0x0011bd14        0x0 /gnuarm/bin/../lib/gcc/arm-elf/4.1.1/../../../../arm-elf/lib/interwork/libc.a(strlen.o)
 .glue_7t       0x0011bd14        0x0 /gnuarm/bin/../lib/gcc/arm-elf/4.1.1/../../../../arm-elf/lib/interwork/libc.a(strncmp.o)
 .glue_7t       0x0011bd14        0x0 /gnuarm/bin/../lib/gcc/arm-elf/4.1.1/../../../../arm-elf/lib/interwork/libc.a(strncpy.o)
 .glue_7t       0x0011bd14        0x0 /gnuarm/bin/../lib/gcc/arm-elf/4.1.1/../../../../arm-elf/lib/interwork/libc.a(vfprintf.o)
 .glue_7t       0x0011bd14        0x0 /gnuarm/bin/../lib/gcc/arm-elf/4.1.1/../../../../arm-elf/lib/interwork/libc.a(vfscanf.o)
 .glue_7t       0x0011bd14        0x0 /gnuarm/bin/../lib/gcc/arm-elf/4.1.1/../../../../arm-elf/lib/interwork/libc.a(vsnprintf.o)
 .glue_7t       0x0011bd14        0x0 /gnuarm/bin/../lib/gcc/arm-elf/4.1.1/../../../../arm-elf/lib/interwork/libc.a(wcrtomb.o)
 .glue_7t       0x0011bd14        0x0 /gnuarm/bin/../lib/gcc/arm-elf/4.1.1/../../../../arm-elf/lib/interwork/libc.a(wcsrtombs.o)
 .glue_7t       0x0011bd14        0x0 /gnuarm/bin/../lib/gcc/arm-elf/4.1.1/../../../../arm-elf/lib/interwork/libc.a(wctomb_r.o)
 .glue_7t       0x0011bd14        0x0 /gnuarm/bin/../lib/gcc/arm-elf/4.1.1/../../../../arm-elf/lib/interwork/libc.a(wsetup.o)
 .glue_7t       0x0011bd14        0x0 /gnuarm/bin/../lib/gcc/arm-elf/4.1.1/../../../../arm-elf/lib/interwork/libc.a(dtoa.o)
 .glue_7t       0x0011bd14        0x0 /gnuarm/bin/../lib/gcc/arm-elf/4.1.1/../../../../arm-elf/lib/interwork/libc.a(fflush.o)
 .glue_7t       0x0011bd14        0x0 /gnuarm/bin/../lib/gcc/arm-elf/4.1.1/../../../../arm-elf/lib/interwork/libc.a(findfp.o)
 .glue_7t       0x0011bd14        0x0 /gnuarm/bin/../lib/gcc/arm-elf/4.1.1/../../../../arm-elf/lib/interwork/libc.a(fread.o)
 .glue_7t       0x0011bd14        0x0 /gnuarm/bin/../lib/gcc/arm-elf/4.1.1/../../../../arm-elf/lib/interwork/libc.a(freer.o)
 .glue_7t       0x0011bd14        0x0 /gnuarm/bin/../lib/gcc/arm-elf/4.1.1/../../../../arm-elf/lib/interwork/libc.a(fvwrite.o)
 .glue_7t       0x0011bd14        0x0 /gnuarm/bin/../lib/gcc/arm-elf/4.1.1/../../../../arm-elf/lib/interwork/libc.a(fwalk.o)
 .glue_7t       0x0011bd14        0x0 /gnuarm/bin/../lib/gcc/arm-elf/4.1.1/../../../../arm-elf/lib/interwork/libc.a(impure.o)
 .glue_7t       0x0011bd14        0x0 /gnuarm/bin/../lib/gcc/arm-elf/4.1.1/../../../../arm-elf/lib/interwork/libc.a(iswspace.o)
 .glue_7t       0x0011bd14        0x0 /gnuarm/bin/../lib/gcc/arm-elf/4.1.1/../../../../arm-elf/lib/interwork/libc.a(locale.o)
 .glue_7t       0x0011bd14        0x0 /gnuarm/bin/../lib/gcc/arm-elf/4.1.1/../../../../arm-elf/lib/interwork/libc.a(makebuf.o)
 .glue_7t       0x0011bd14        0x0 /gnuarm/bin/../lib/gcc/arm-elf/4.1.1/../../../../arm-elf/lib/interwork/libc.a(mallocr.o)
 .glue_7t       0x0011bd14        0x0 /gnuarm/bin/../lib/gcc/arm-elf/4.1.1/../../../../arm-elf/lib/interwork/libc.a(mbrtowc.o)
 .glue_7t       0x0011bd14        0x0 /gnuarm/bin/../lib/gcc/arm-elf/4.1.1/../../../../arm-elf/lib/interwork/libc.a(mbtowc_r.o)
 .glue_7t       0x0011bd14        0x0 /gnuarm/bin/../lib/gcc/arm-elf/4.1.1/../../../../arm-elf/lib/interwork/libc.a(memchr.o)
 .glue_7t       0x0011bd14        0x0 /gnuarm/bin/../lib/gcc/arm-elf/4.1.1/../../../../arm-elf/lib/interwork/libc.a(memmove.o)
 .glue_7t       0x0011bd14        0x0 /gnuarm/bin/../lib/gcc/arm-elf/4.1.1/../../../../arm-elf/lib/interwork/libc.a(mlock.o)
 .glue_7t       0x0011bd14        0x0 /gnuarm/bin/../lib/gcc/arm-elf/4.1.1/../../../../arm-elf/lib/interwork/libc.a(mprec.o)
 .glue_7t       0x0011bd14        0x0 /gnuarm/bin/../lib/gcc/arm-elf/4.1.1/../../../../arm-elf/lib/interwork/libc.a(reallocr.o)
 .glue_7t       0x0011bd14        0x0 /gnuarm/bin/../lib/gcc/arm-elf/4.1.1/../../../../arm-elf/lib/interwork/libc.a(refill.o)
 .glue_7t       0x0011bd14        0x0 /gnuarm/bin/../lib/gcc/arm-elf/4.1.1/../../../../arm-elf/lib/interwork/libc.a(s_isinf.o)
 .glue_7t       0x0011bd14        0x0 /gnuarm/bin/../lib/gcc/arm-elf/4.1.1/../../../../arm-elf/lib/interwork/libc.a(s_isnan.o)
 .glue_7t       0x0011bd14        0x0 /gnuarm/bin/../lib/gcc/arm-elf/4.1.1/../../../../arm-elf/lib/interwork/libc.a(sccl.o)
 .glue_7t       0x0011bd14        0x0 /gnuarm/bin/../lib/gcc/arm-elf/4.1.1/../../../../arm-elf/lib/interwork/libc.a(sf_nan.o)
 .glue_7t       0x0011bd14        0x0 /gnuarm/bin/../lib/gcc/arm-elf/4.1.1/../../../../arm-elf/lib/interwork/libc.a(stdio.o)
 .glue_7t       0x0011bd14        0x0 /gnuarm/bin/../lib/gcc/arm-elf/4.1.1/../../../../arm-elf/lib/interwork/libc.a(strtod.o)
 .glue_7t       0x0011bd14        0x0 /gnuarm/bin/../lib/gcc/arm-elf/4.1.1/../../../../arm-elf/lib/interwork/libc.a(strtol.o)
 .glue_7t       0x0011bd14        0x0 /gnuarm/bin/../lib/gcc/arm-elf/4.1.1/../../../../arm-elf/lib/interwork/libc.a(strtoul.o)
 .glue_7t       0x0011bd14        0x0 /gnuarm/bin/../lib/gcc/arm-elf/4.1.1/../../../../arm-elf/lib/interwork/libc.a(ungetc.o)
 .glue_7t       0x0011bd14        0x0 /gnuarm/bin/../lib/gcc/arm-elf/4.1.1/../../../../arm-elf/lib/interwork/libc.a(callocr.o)
 .glue_7t       0x0011bd14        0x0 /gnuarm/bin/../lib/gcc/arm-elf/4.1.1/../../../../arm-elf/lib/interwork/libc.a(fclose.o)
 .glue_7t       0x0011bd14        0x0 /gnuarm/bin/../lib/gcc/arm-elf/4.1.1/../../../../arm-elf/lib/interwork/libc.a(s_nan.o)
 .glue_7t       0x0011bd14        0x0 /gnuarm/bin/../lib/gcc/arm-elf/4.1.1/interwork/libgcc.a(_cmpdf2.o)
 .glue_7t       0x0011bd14      0x110 /gnuarm/bin/../lib/gcc/arm-elf/4.1.1/interwork/libgcc.a(_fixdfsi.o)
                0x0011be10                __strcpy_change_to_arm
                0x0011bd18                __vPortEnterCritical_change_to_arm
                0x0011bd3c                __memset_from_thumb
                0x0011bd7c                __sscanf_from_thumb
                0x0011be18                __strcmp_change_to_arm
                0x0011bd40                __memset_change_to_arm
                0x0011bd8c                ____divsf3_from_thumb
                0x0011bdb0                ____fixsfsi_change_to_arm
                0x0011bd44                __strncpy_from_thumb
                0x0011bd98                ____addsf3_change_to_arm
                0x0011bdac                ____fixsfsi_from_thumb
                0x0011bd20                __vPortExitCritical_change_to_arm
                0x0011bd84                ____floatsisf_from_thumb
                0x0011bd50                __strlen_change_to_arm
                0x0011be20                __strchr_change_to_arm
                0x0011bd54                __memcpy_from_thumb
                0x0011bd5c                __vPortISRStartFirstTask_from_thumb
                0x0011bd68                __strncmp_change_to_arm
                0x0011be00                ____umodsi3_change_to_arm
                0x0011bd9c                ____ltsf2_from_thumb
                0x0011bd24                __sprintf_from_thumb
                0x0011bd34                __vPortDisableInterruptsFromThumb_from_thumb
                0x0011bdc0                ____divdf3_change_to_arm
                0x0011be0c                __strcpy_from_thumb
                0x0011bd1c                __vPortExitCritical_from_thumb
                0x0011bdf8                ____udivsi3_change_to_arm
                0x0011be1c                __strchr_from_thumb
                0x0011bde8                __EnableFIQFromThumb_change_to_arm
                0x0011bdc4                ____truncdfsf2_from_thumb
                0x0011bd2c                __strcat_from_thumb
                0x0011bd90                ____divsf3_change_to_arm
                0x0011bdbc                ____divdf3_from_thumb
                0x0011be08                __vPassEMACSemaphore_change_to_arm
                0x0011bdf0                __vsnprintf_change_to_arm
                0x0011bdfc                ____umodsi3_from_thumb
                0x0011bddc                __DisableFIQFromThumb_from_thumb
                0x0011bdd4                ____gtsf2_from_thumb
                0x0011bd74                ____divsi3_from_thumb
                0x0011bda8                ____mulsf3_change_to_arm
                0x0011bdc8                ____truncdfsf2_change_to_arm
                0x0011bd70                __snprintf_change_to_arm
                0x0011be04                __vPassEMACSemaphore_from_thumb
                0x0011bd14                __vPortEnterCritical_from_thumb
                0x0011bdb4                ____floatsidf_from_thumb
                0x0011bd88                ____floatsisf_change_to_arm